2025-06-07 15:39:19.396    app     info:    [migrations] Running state migrations from 202403271440 to 202403271440
2025-06-07 15:39:19.547    app     info:    [self-update] Configuring update feed.
2025-06-07 15:39:19.547    app     info:    [self-update] Update feed set to: https://launcher.ccpgames.com/eve-online/release/win32/x64/
2025-06-07 15:39:19.675    app     info:    Startup arguments    []
2025-06-07 15:39:19.789    app     info:    [self-update] Auto-updating is now enabled
2025-06-07 15:39:19.791    app     info:    [migrations] Running state migrations from 202403271440 to 202403271440
2025-06-07 15:39:19.796    app    error:    (node:7364) [DEP0180] DeprecationWarning: fs.Stats constructor is deprecated.
(Use `eve-online --trace-deprecation ...` to show where the warning was created)    []
2025-06-07 15:39:19.798    app     info:    [third-party-authentications] Checking for Steam startup
2025-06-07 15:39:20.352    app     info:    [migrations] Running secured-state migrations from 202406060001 to 202406060001
2025-06-07 15:39:20.581    app     info:    [i18next] Changed language    ru
2025-06-07 15:39:20.618    app     info:    [steam-auth] Steam startup detected
2025-06-07 15:39:20.638    app     info:    [authentication] Generated login URL with state '278Ar3s7h0g554zlKa5bZKPlPRF-GB0cAEx9yF0uXUA' for 'tranquility' using clientID 'eveLauncherTQ'
2025-06-07 15:39:20.639    app     info:    [third-party-authentications] Done checking third party startups
2025-06-07 15:39:20.677    app     info:    [cache-protocol] Found 0 entries to remove
2025-06-07 15:39:20.678    app     info:    [cache-protocol] Nothing to clean up.
2025-06-07 15:39:20.875    app     info:    [quasar-elg-events] Queueing event    eve_launcher.electron.application.LauncherStarted
2025-06-07 15:39:20.937    app     info:    [analytics] Application name:    EVE Online
2025-06-07 15:39:20.937    app     info:    [analytics] Application version:    1.10.1
2025-06-07 15:39:20.937    app     info:    [analytics] Domain    undefined
2025-06-07 15:39:20.939    app     info:    [analytics] Working directory    C:\Program Files (x86)\Steam\steamapps\common\Eve Online\app-1.10.1
2025-06-07 15:39:20.940    app     info:    [analytics] Username contains UTF8?    false
2025-06-07 15:39:21.908    app     info:    [quasar-elg-events] Queueing event    eve_launcher.electron.application.PdmLoaded
2025-06-07 15:39:21.924    app     info:    [quasar-elg-events] Queueing event    eve_launcher.electron.application.CoreDataLoaded
2025-06-07 15:39:21.928    app     info:    [analytics] Operating system    { type: 'Windows', name: 'Windows 10 Home', version: '10.0 (19045)' }
2025-06-07 15:39:21.929    app     info:    [analytics] Encryption available:    true
2025-06-07 15:39:21.929    app     info:    [analytics] Machine UUID    B7B2A471-C4FE-4353-880B-870CE29AC3D8
2025-06-07 15:39:21.929    app     info:    [analytics] PDM Version    2.1.4
2025-06-07 15:39:21.929    app     info:    [analytics] Release channel    release
2025-06-07 15:39:21.929    app     info:    [initializers] Shared cache directory set to    C:\Games\EVE
2025-06-07 15:39:21.937    app     info:    [initializers] Shared cache drive free space: 44.15 GiB / 237.84 GiB
2025-06-07 15:39:21.939    app     info:    [feature-flags] Initializing feature flag client
2025-06-07 15:39:21.979    app     info:    [migrations] Running file-system migrations from 202408021525 to 202408021525
2025-06-07 15:39:21.985    app     info:    [scheduler] Starting scheduler background
2025-06-07 15:39:22.008    app    error:    (node:7364) MaxListenersExceededWarning: Possible EventEmitter memory leak detected. 11 scheduler/triggered listeners added to [IpcMainImpl]. MaxListeners is 10. Use emitter.setMaxListeners() to increase limit    []
2025-06-07 15:39:22.016    app     info:    [shared-cache] Looking for eve-online profiles in 'c_games_eve_tq_tranquility'...
2025-06-07 15:39:22.032    app     info:    [shared-cache] No profiles found on disk
2025-06-07 15:39:22.055    app     info:    [analytics] Hardware rendering enabled:    true    { disabledViaCommandline: false, disabledViaSettings: true }
2025-06-07 15:39:22.083    app     info:    [first-run] Application has been run before: 2025-03-14T09:16:58.327Z
2025-06-07 15:39:22.164    app     info:    [customer-information] Agreements have been updated
2025-06-07 15:39:22.241    app     info:    [quasar-elg-events] Event sent    type.evetech.net/eve_launcher.electron.application.LauncherStarted
2025-06-07 15:39:22.244    app     info:    [quasar-elg-events] Event sent    type.evetech.net/eve_launcher.electron.application.PdmLoaded
2025-06-07 15:39:22.247    app     info:    [quasar-elg-events] Event sent    type.evetech.net/eve_launcher.electron.application.CoreDataLoaded
2025-06-07 15:39:22.291    app     info:    info: [LaunchDarkly] LaunchDarkly client initialized    []
2025-06-07 15:39:22.292    app     info:    info: [LaunchDarkly] Opening stream connection to https://clientstream.launchdarkly.com/eval/64c3d12e27a4b11365012d39/eyJraW5kIjoibXVsdGkiLCJsYXVuY2hlciI6eyJrZXkiOiJlZjNjMWY1Ny03NWI2LTQzNzItODQzNy1kODQ5MTJjMjgyMWUiLCJpc0ZpcnN0UnVuIjpmYWxzZSwiZGF5c1NpbmNlRmlyc3RSdW4iOjg1LCJsYW5ndWFnZSI6InJ1IiwiYXBwbGljYXRpb24iOiJldmUtb25saW5lIiwidmVyc2lvbiI6IjEuMTAuMSIsInBsYXRmb3JtIjoid2luZG93cyIsImlzR2VGb3JjZU5vdyI6ZmFsc2UsIm9zVmVyc2lvbkRlcHJlY2F0ZWQiOmZhbHNlLCJ1c2VySWRzIjpbMzEzNjc2OTEsMjkyODU2NDUsMTY0OTIzNzcsMzEzNjc2OTFdLCJwcm9kdWN0cyI6WyJldmUtb25saW5lIl0sIm9tZWdhQ291bnQiOjAsImFscGhhQ291bnQiOjgsImFjY291bnRDb3VudCI6OCwib2xkZXN0QWNjb3VudEFnZSI6MjY1MCwieW91bmdlc3RBY2NvdW50QWdlIjo3M30sImpvdXJuZXkiOnsia2V5IjoiYjEyMjhlYTAtMzY5MC00ZDk3LWJjZmUtYmQwMjY0OGNkNTZjIiwiYW5vbnltb3VzIjp0cnVlfX0?withReasons=true    []
2025-06-07 15:39:22.295    app     info:    [feature-flags] Client ef3c1f57... ready, fetching flags
2025-06-07 15:39:22.297    app     info:    [self-update] Auto-updating is now enabled
2025-06-07 15:39:22.297    app     info:    [quasar-manager] Quasar (EPG) feature flag is enabled
2025-06-07 15:39:22.302    app     info:    [feature-flags] Received 40 flags for client ef3c1f57...
2025-06-07 15:39:22.302    app     info:    [feature-flags] Client initialized with key ef3c1f57...
2025-06-07 15:39:22.307    app     info:    [quasar-manager] Quasar (EPG) feature flag is enabled
2025-06-07 15:39:22.312    app     info:    [self-update] Configuring update feed.
2025-06-07 15:39:22.312    app     info:    [self-update] Update feed set to: https://launcher.ccpgames.com/eve-online/release/win32/x64/
2025-06-07 15:39:22.312    app     info:    [self-update] Auto-updating is now enabled
2025-06-07 15:39:22.660    app     warn:    (electron) 'console-message' arguments are deprecated and will be removed. Please use Event<WebContentsConsoleMessageEventParams> object instead.    []
2025-06-07 15:39:22.674    app     info:    [quasar-elg-events] Queueing event    eve_launcher.electron.application.RendererLoaded
2025-06-07 15:39:22.674    app     info:    [quasar-elg-events] Event sent    type.evetech.net/eve_launcher.electron.application.RendererLoaded
2025-06-07 15:39:22.676    app     info:    [scheduler] Starting scheduler foreground
2025-06-07 15:39:22.697    app     info:    [newsfeed] Fetching news for eve-online in ru
2025-06-07 15:39:22.721    app     info:    [content-delivery-trace] Fetching CDN trace data from https://binaries.eveonline.com/cdn-cgi/trace
2025-06-07 15:39:22.745    app     info:    [creatives] Requesting creatives for eve-online
2025-06-07 15:39:22.767    app     info:    [window-manager] Main window registered    { windowId: 2 }
2025-06-07 15:39:22.782    app     info:    [login-window] Creating login window using URI 'https://login.eveonline.com/account/logoff?lang=en&ReturnUrl=%2Fv2%2Foauth%2Fauthorize%3Fresponse_type%3Dcode%26client_id%3DeveLauncherTQ%26scope%3DeveClientLogin%2Bcisservice.customerRead.v1%2Bcisservice.customerWrite.v1%2Bcisservice.userProfileBasic.v1%2Bvgs.transactionRead.v1%2Bvgs.marketAccess.v1%26redirect_uri%3Dhttps%253A%252F%252Flogin.eveonline.com%252Flauncher%253Fclient_id%253DeveLauncherTQ%26state%3D278Ar3s7h0g554zlKa5bZKPlPRF-GB0cAEx9yF0uXUA%26code_challenge_method%3DS256%26code_challenge%3DSSBq7UZ0Tap0xt5LTGqO6QwK3GJ8Z8L4JXvv0JGtKaM%26steam_ticket%3D14000000fa9c844156b1d68d1bd7f11a01001001152644681800000001000000020000007de965e9d329f18dae5cd70004000000b200000032000000040000001bd7f11a0100100134210000cc82a42edd06000a000000000c3140688ce05b6801002f22020000000000cc00b2a9c485eaed298a68b68cb4fdcd5d920993bb259c655ee343fb2c256ebdbfb6a93aaeba88f9235f249fc229e3bf5c3230ddbce77bfe22d226bc3b40cbd3a28d293e1ee0514e2bd0bfafc959be51c554e56a9f896b0b75f085844f1c11872911ce3bd7785d3fd1a35b3c8a1988d8f79d3429392c34b5755b67223f9a430e'
2025-06-07 15:39:22.810     ui     info:    [i18next] Requesting missing translation ru readnought title title    ccp://launcher/renderer/main_window/index.js    2
2025-06-07 15:39:22.927    app     info:    [jukebox] Fetched 2 jukebox playlists
2025-06-07 15:39:23.007    app     info:    [newsfeed] Fetched 20 news items for eve-online in ru
2025-06-07 15:39:23.490    app     info:    [creatives] Received 4 creatives for eve-online
2025-06-07 15:39:23.511    app     warn:    [play-area-content] Invalid product found in play area content    { product: 'eve-frontier' }
2025-06-07 15:39:23.512    app     warn:    [play-area-content] Invalid product found in play area content    { product: 'eve-frontier' }
2025-06-07 15:39:23.512    app     warn:    [play-area-content] Invalid product found in play area content    { product: 'eve-frontier' }
2025-06-07 15:39:23.513    app     warn:    [play-area-content] Invalid product found in play area content    { product: 'eve-frontier' }
2025-06-07 15:39:23.513    app     warn:    [play-area-content] Invalid product found in play area content    { product: 'eve-frontier' }
2025-06-07 15:39:23.514    app     warn:    [play-area-content] Invalid product found in play area content    { product: 'eve-frontier' }
2025-06-07 15:39:23.514    app     warn:    [play-area-content] Invalid product found in play area content    { product: 'eve-frontier' }
2025-06-07 15:39:23.514    app     warn:    [play-area-content] Invalid product found in play area content    { product: 'eve-frontier' }
2025-06-07 15:39:23.770    app     info:    [login-window] Navigation to login completed, receiving code & state (278Ar3s7h0g554zlKa5bZKPlPRF-GB0cAEx9yF0uXUA)
2025-06-07 15:39:23.925    app    error:    [login-window] Could not load the login page: 'https://login.eveonline.com/account/logoff?lang=en&ReturnUrl=%2Fv2%2Foauth%2Fauthorize%3Fresponse_type%3Dcode%26client_id%3DeveLauncherTQ%26scope%3DeveClientLogin%2Bcisservice.customerRead.v1%2Bcisservice.customerWrite.v1%2Bcisservice.userProfileBasic.v1%2Bvgs.transactionRead.v1%2Bvgs.marketAccess.v1%26redirect_uri%3Dhttps%253A%252F%252Flogin.eveonline.com%252Flauncher%253Fclient_id%253DeveLauncherTQ%26state%3D278Ar3s7h0g554zlKa5bZKPlPRF-GB0cAEx9yF0uXUA%26code_challenge_method%3DS256%26code_challenge%3DSSBq7UZ0Tap0xt5LTGqO6QwK3GJ8Z8L4JXvv0JGtKaM%26steam_ticket%3D14000000fa9c844156b1d68d1bd7f11a01001001152644681800000001000000020000007de965e9d329f18dae5cd70004000000b200000032000000040000001bd7f11a0100100134210000cc82a42edd06000a000000000c3140688ce05b6801002f22020000000000cc00b2a9c485eaed298a68b68cb4fdcd5d920993bb259c655ee343fb2c256ebdbfb6a93aaeba88f9235f249fc229e3bf5c3230ddbce77bfe22d226bc3b40cbd3a28d293e1ee0514e2bd0bfafc959be51c554e56a9f896b0b75f085844f1c11872911ce3bd7785d3fd1a35b3c8a1988d8f79d3429392c34b5755b67223f9a430e' ERR_ABORTED (-3) loading 'eveonline://callback?client_id=eveLauncherTQ&code=cVHSWv_ooUioNo0oR6Ntgg&state=278Ar3s7h0g554zlKa5bZKPlPRF-GB0cAEx9yF0uXUA'    Error: ERR_ABORTED (-3) loading 'eveonline://callback?client_id=eveLauncherTQ&code=cVHSWv_ooUioNo0oR6Ntgg&state=278Ar3s7h0g554zlKa5bZKPlPRF-GB0cAEx9yF0uXUA'
    at rejectAndCleanup (node:electron/js2c/browser_init:2:79523)
    at WebContents.navigationListener (node:electron/js2c/browser_init:2:79803)
    at WebContents.emit (node:events:518:28)
    at e.emit (C:\Program Files (x86)\Steam\steamapps\common\Eve Online\app-1.10.1\resources\app.asar\.webpack\main\index.js:8:2737360) {
  errno: -3,
  code: 'ERR_ABORTED',
  url: 'eveonline://callback?client_id=eveLauncherTQ&code=cVHSWv_ooUioNo0oR6Ntgg&state=278Ar3s7h0g554zlKa5bZKPlPRF-GB0cAEx9yF0uXUA'
}
2025-06-07 15:39:23.980    app     info:    [quasar-elg-events] Queueing event    eve_launcher.electron.authentication.LoginWindowClosed
2025-06-07 15:39:23.980    app     info:    [login-window] Login window with state '278Ar3s7h0g554zlKa5bZKPlPRF-GB0cAEx9yF0uXUA' has been closed
2025-06-07 15:39:23.980    app     info:    [quasar-elg-events] Event sent    type.evetech.net/eve_launcher.electron.authentication.LoginWindowClosed
2025-06-07 15:39:24.029    app     info:    [authentication] Token for '16492377' on 'tranquility' is expired, refresh is required
2025-06-07 15:39:24.030    app     info:    [authentication] Refreshing token for '16492377' on 'tranquility'
2025-06-07 15:39:24.031    app     info:    [authentication] Token for '23622903' on 'tranquility' is expired, refresh is required
2025-06-07 15:39:24.031    app     info:    [authentication] Refreshing token for '23622903' on 'tranquility'
2025-06-07 15:39:24.032    app     info:    [authentication] Token for '26239201' on 'tranquility' is expired, refresh is required
2025-06-07 15:39:24.032    app     info:    [authentication] Refreshing token for '26239201' on 'tranquility'
2025-06-07 15:39:24.032    app     info:    [authentication] Token for '29280260' on 'tranquility' is expired, refresh is required
2025-06-07 15:39:24.033    app     info:    [authentication] Refreshing token for '29280260' on 'tranquility'
2025-06-07 15:39:24.033    app     info:    [authentication] Token for '29285645' on 'tranquility' is expired, refresh is required
2025-06-07 15:39:24.033    app     info:    [authentication] Refreshing token for '29285645' on 'tranquility'
2025-06-07 15:39:24.033    app     info:    [authentication] Token for '29795975' on 'tranquility' is expired, refresh is required
2025-06-07 15:39:24.034    app     info:    [authentication] Refreshing token for '29795975' on 'tranquility'
2025-06-07 15:39:24.034    app     info:    [authentication] Token for '31320672' on 'tranquility' is expired, refresh is required
2025-06-07 15:39:24.034    app     info:    [authentication] Refreshing token for '31320672' on 'tranquility'
2025-06-07 15:39:24.034    app     info:    [AuthenticationMiddleware] Refreshed 8 / 8 users for tranquility on eve-online
2025-06-07 15:39:24.044    app     info:    [server-manager] Starting refresh cycle for eve-online / Tranquility
2025-06-07 15:39:24.218    app     info:    [server-manager] Previous Tranquility build: 2932557, current build: 2932557
2025-06-07 15:39:24.218    app     info:    [server-manager] Tranquility build is unchanged.
2025-06-07 15:39:24.241    app     info:    [server-manager] Ready to play!
2025-06-07 15:39:24.263    app     info:    [server-manager] Finished refresh cycle for Tranquility
2025-06-07 15:39:24.706    app     info:    [new-player-content] Resetting content as language not in response    { locale: 'tx' }
2025-06-07 15:39:24.947    app     info:    [authentication] Token for '26239201' on 'tranquility' has been successfully refreshed
2025-06-07 15:39:24.954    app     info:    [quasar-elg-events] Queueing event    eve_launcher.electron.authentication.UserTokensRefreshed
2025-06-07 15:39:24.971    app     info:    [quasar-elg-events] Event sent    type.evetech.net/eve_launcher.electron.authentication.UserTokensRefreshed
2025-06-07 15:39:24.979    app     info:    [authentication] Token for '29285645' on 'tranquility' has been successfully refreshed
2025-06-07 15:39:24.986    app     info:    [quasar-elg-events] Queueing event    eve_launcher.electron.authentication.UserTokensRefreshed
2025-06-07 15:39:24.997    app     info:    [authentication] Token for '29280260' on 'tranquility' has been successfully refreshed
2025-06-07 15:39:25.003    app     info:    [quasar-elg-events] Queueing event    eve_launcher.electron.authentication.UserTokensRefreshed
2025-06-07 15:39:25.020    app     info:    [quasar-elg-events] Queueing event    eve_launcher.electron.authentication.UserTokensReceived
2025-06-07 15:39:25.038    app     info:    [quasar-elg-events] Queueing event    eve_launcher.electron.authentication.UserAuthenticated
2025-06-07 15:39:25.046    app     info:    [authentication] Token for '23622903' on 'tranquility' has been successfully refreshed
2025-06-07 15:39:25.052    app     info:    [quasar-elg-events] Queueing event    eve_launcher.electron.authentication.UserTokensRefreshed
2025-06-07 15:39:25.064    app     info:    [authentication] Token for '31320672' on 'tranquility' has been successfully refreshed
2025-06-07 15:39:25.070    app     info:    [quasar-elg-events] Queueing event    eve_launcher.electron.authentication.UserTokensRefreshed
2025-06-07 15:39:25.080    app     info:    [authentication] Token for '29795975' on 'tranquility' has been successfully refreshed
2025-06-07 15:39:25.086    app     info:    [quasar-elg-events] Queueing event    eve_launcher.electron.authentication.UserTokensRefreshed
2025-06-07 15:39:25.096    app     info:    [quasar-elg-events] Event sent    type.evetech.net/eve_launcher.electron.authentication.UserTokensRefreshed
2025-06-07 15:39:25.107    app     info:    [quasar-elg-events] Event sent    type.evetech.net/eve_launcher.electron.authentication.UserTokensRefreshed
2025-06-07 15:39:25.110    app     info:    [authentication] Token for '16492377' on 'tranquility' has been successfully refreshed
2025-06-07 15:39:25.116    app     info:    [quasar-elg-events] Queueing event    eve_launcher.electron.authentication.UserTokensRefreshed
2025-06-07 15:39:25.126    app     info:    [AuthenticationMiddleware] Successfully restored 7 / 7 users
2025-06-07 15:39:25.127    app     info:    [quasar-elg-events] Event sent    type.evetech.net/eve_launcher.electron.authentication.UserTokensReceived
2025-06-07 15:39:25.130    app     info:    [quasar-elg-events] Event sent    type.evetech.net/eve_launcher.electron.authentication.UserAuthenticated
2025-06-07 15:39:25.134    app     info:    [quasar-elg-events] Event sent    type.evetech.net/eve_launcher.electron.authentication.UserTokensRefreshed
2025-06-07 15:39:25.137    app     info:    [quasar-elg-events] Event sent    type.evetech.net/eve_launcher.electron.authentication.UserTokensRefreshed
2025-06-07 15:39:25.139    app     info:    [quasar-elg-events] Event sent    type.evetech.net/eve_launcher.electron.authentication.UserTokensRefreshed
2025-06-07 15:39:25.140    app     info:    [quasar-elg-events] Event sent    type.evetech.net/eve_launcher.electron.authentication.UserTokensRefreshed
2025-06-07 15:39:26.669     ui     info:    Initializing captcha    ccp://launcher/renderer/main_window/index.js    2
2025-06-07 15:39:27.702    app     info:    [self-update] Checking for application updates.
2025-06-07 15:39:29.023    app     info:    [self-update] No application updates were found.
2025-06-07 15:39:31.240    app     info:    [time-sync] Failed to sync time with 4 servers
2025-06-07 15:39:31.240    app     warn:    [time-sync] Failed to get any time from 4 servers. Aborting time sync check.
2025-06-07 15:39:46.982    app     info:    [authentication] Token for '31367691' on 'tranquility' is expired, refresh is required
2025-06-07 15:39:46.982    app     info:    [authentication] Refreshing token for '31367691' on 'tranquility'
2025-06-07 15:39:47.227    app     info:    [authentication] Token for '31367691' on 'tranquility' has been successfully refreshed
2025-06-07 15:39:47.231    app     info:    [quasar-elg-events] Queueing event    eve_launcher.electron.authentication.UserTokensRefreshed
2025-06-07 15:39:47.238    app     info:    [quasar-31367691] Restarting connection with new credentials
2025-06-07 15:39:47.245    app     info:    [quasar-elg-events] Event sent    type.evetech.net/eve_launcher.electron.authentication.UserTokensRefreshed
2025-06-07 15:39:49.167    app     info:    [client-queue] Queued client startup    {
  product: 'eve-online',
  tenant: 'tranquility',
  userId: 31367691,
  characterId: 1,
  profile: 'Default'
}
2025-06-07 15:39:49.173    app     info:    [quasar-elg-events] Queueing event    eve_launcher.electron.eve_client.ClientQueued
2025-06-07 15:39:49.174    app     info:    [quasar-elg-events] Event sent    type.evetech.net/eve_launcher.electron.eve_client.ClientQueued
2025-06-07 15:39:49.174    app     info:    [client-queue] No clients running for 'tranquility' (eve-online), copying files before starting a client
2025-06-07 15:39:49.185    app     info:    [quasar-elg-events] Queueing event    eve_launcher.electron.eve_client.CopyingFilesStarted
2025-06-07 15:39:49.186    app     info:    [binary-copier] Copying 226 files (378 MB) to 'C:\Games\EVE\tq'
2025-06-07 15:39:49.187    app     info:    [quasar-elg-events] Event sent    type.evetech.net/eve_launcher.electron.eve_client.CopyingFilesStarted
2025-06-07 15:39:49.230    app     info:    [binary-copier] Removing old binaries
2025-06-07 15:39:49.304    app     info:    [binary-copier] Copying binaries from ResFiles
2025-06-07 15:39:49.598    app     info:    [binary-copier] Finished copying 226 files to 'C:\Games\EVE\tq' in 0.418 seconds
2025-06-07 15:39:49.605    app     info:    [quasar-elg-events] Queueing event    eve_launcher.electron.eve_client.CopyingFilesFinished
2025-06-07 15:39:49.605    app     info:    [quasar-elg-events] Event sent    type.evetech.net/eve_launcher.electron.eve_client.CopyingFilesFinished
2025-06-07 15:39:49.627    app     info:    [client-manager] Starting EVE Online game client.    C:\Games\EVE\tq\bin64\exefile.exe    [
  '/noconsole',
  '/server:tranquility.servers.eveonline.com',
  '/ssoToken=***',
  '/refreshToken=***',
  '/settingsprofile=Default',
  '/language=ru',
  '/triplatform=dx11',
  '/steamUser',
  '/deviceID=***',
  '/machineHash=***',
  '/journeyID=***',
  'exp=1749311387',
  'tokenExpires=2025-06-07 18:49:47.000'
]    31367691
2025-06-07 15:39:49.634    app     info:    [quasar-elg-events] Queueing event    eve_launcher.electron.eve_client.GameClientStartRequested
2025-06-07 15:39:49.638    app     info:    [quasar-elg-events] Event sent    type.evetech.net/eve_launcher.electron.eve_client.GameClientStartRequested
2025-06-07 15:39:49.677    app     info:    [quasar-elg-events] Queueing event    eve_launcher.electron.eve_client.GameClientStarted
2025-06-07 15:39:49.684    app     info:    [quasar-elg-events] Event sent    type.evetech.net/eve_launcher.electron.eve_client.GameClientStarted
2025-06-07 15:39:49.684    app     info:    [client-queue] Started client from group startup    {
  product: 'eve-online',
  tenant: 'tranquility',
  characterId: 1,
  profile: 'Default',
  userId: 31367691
}
2025-06-07 15:39:51.193    app     warn:    The connection to LogLite was refused. A LogLite server may not be running, or be listening to connections.    []
2025-06-07 15:39:51.703    app     info:    [client-queue] Queue has stopped running, no more clients pending startup.
2025-06-07 15:40:07.316    app     warn:    [quasar-31367691] Quasar connection encountered an internal error with unknown code [internal]    a [ConnectError]: [internal]
    at ee (C:\Program Files (x86)\Steam\steamapps\common\Eve Online\app-1.10.1\resources\app.asar\.webpack\main\index.js:8:2683063)
    at C:\Program Files (x86)\Steam\steamapps\common\Eve Online\app-1.10.1\resources\app.asar\.webpack\main\index.js:8:2683536
    at te (C:\Program Files (x86)\Steam\steamapps\common\Eve Online\app-1.10.1\resources\app.asar\.webpack\main\index.js:8:2683584)
    at next (C:\Program Files (x86)\Steam\steamapps\common\Eve Online\app-1.10.1\resources\app.asar\.webpack\main\index.js:8:2691577)
    at process.processTicksAndRejections (node:internal/process/task_queues:105:5) {
  rawMessage: '',
  code: 13,
  metadata: Headers {
    'content-type': 'application/grpc+proto',
    'grpc-status': '13',
    'grpc-message': ''
  },
  details: [],
  cause: undefined
}
2025-06-07 15:40:08.535    app     info:    [scheduler] Stopped scheduler foreground
2025-06-07 15:40:08.538    app     info:    [ipc-requests] Handling requests in the background
2025-06-07 15:40:09.538    app     info:    [ipc-requests] No longer handling requests in the background
2025-06-07 15:40:10.185    app     info:    [scheduler] Starting scheduler foreground
2025-06-07 15:40:10.497    app     info:    [scheduler] Stopped scheduler foreground
2025-06-07 15:40:10.498    app     info:    [ipc-requests] Handling requests in the background
2025-06-07 15:40:11.499    app     info:    [ipc-requests] No longer handling requests in the background
2025-06-07 15:40:15.312    app     info:    [scheduler] Starting scheduler foreground
2025-06-07 15:40:16.646    app     info:    [scheduler] Stopped scheduler foreground
2025-06-07 15:40:16.647    app     info:    [ipc-requests] Handling requests in the background
2025-06-07 15:40:17.648    app     info:    [ipc-requests] No longer handling requests in the background
2025-06-07 15:41:01.358    app     info:    [scheduler] Starting scheduler foreground
2025-06-07 15:41:01.495    app     info:    [scheduler] Stopped scheduler foreground
2025-06-07 15:41:01.501    app     info:    [ipc-requests] Handling requests in the background
2025-06-07 15:41:01.519    app     info:    [scheduler] Starting scheduler foreground
2025-06-07 15:41:01.540    app     info:    [scheduler] Stopped scheduler foreground
2025-06-07 15:41:01.541    app     info:    [ipc-requests] Handling requests in the background
2025-06-07 15:41:02.503    app     info:    [ipc-requests] No longer handling requests in the background
2025-06-07 15:41:02.541    app     info:    [ipc-requests] No longer handling requests in the background
2025-06-07 15:41:06.448    app     info:    [time-sync] Failed to sync time with 3 servers
2025-06-07 15:41:06.453    app     info:    [time-sync] Compared time with 4 servers. 1 successful, 3 failed.
2025-06-07 15:41:06.454    app     info:    [time-sync] Not showing any warnings because there were errors fetching the time.
2025-06-07 15:41:44.561    app     info:    [scheduler] Starting scheduler foreground
2025-06-07 15:41:44.972    app     info:    [scheduler] Stopped scheduler foreground
2025-06-07 15:41:44.977    app     info:    [ipc-requests] Handling requests in the background
2025-06-07 15:41:45.978    app     info:    [ipc-requests] No longer handling requests in the background
2025-06-07 15:44:24.307    app     info:    [server-manager] Starting refresh cycle for eve-online / Tranquility
2025-06-07 15:44:24.651    app     info:    [server-manager] Previous Tranquility build: 2932557, current build: 2932557
2025-06-07 15:44:24.651    app     info:    [server-manager] Tranquility build is unchanged.
2025-06-07 15:44:24.688    app     info:    [server-manager] Ready to play!
2025-06-07 15:44:24.730    app     info:    [server-manager] Finished refresh cycle for Tranquility
2025-06-07 15:44:39.647    app     info:    [scheduler] Starting scheduler foreground
2025-06-07 15:44:40.671    app     info:    [scheduler] Stopped scheduler foreground
2025-06-07 15:44:40.672    app     info:    [ipc-requests] Handling requests in the background
2025-06-07 15:44:41.672    app     info:    [ipc-requests] No longer handling requests in the background
2025-06-07 15:44:44.713    app     info:    [self-update] Checking for application updates.
2025-06-07 15:44:44.822    app     info:    [time-sync] Failed to sync time with 2 servers
2025-06-07 15:44:44.823    app     info:    [time-sync] Compared time with 4 servers. 2 successful, 2 failed.
2025-06-07 15:44:44.823    app     info:    [time-sync] Not showing any warnings because there were errors fetching the time.
2025-06-07 15:44:45.456    app     info:    [self-update] No application updates were found.
2025-06-07 15:44:50.188    app     info:    [scheduler] Starting scheduler foreground
2025-06-07 15:44:51.106    app     info:    [scheduler] Stopped scheduler foreground
2025-06-07 15:44:51.107    app     info:    [ipc-requests] Handling requests in the background
2025-06-07 15:44:52.108    app     info:    [ipc-requests] No longer handling requests in the background
2025-06-07 15:45:04.985    app     info:    [scheduler] Starting scheduler foreground
2025-06-07 15:45:07.378    app     info:    [scheduler] Stopped scheduler foreground
2025-06-07 15:45:07.379    app     info:    [ipc-requests] Handling requests in the background
2025-06-07 15:45:08.381    app     info:    [ipc-requests] No longer handling requests in the background
2025-06-07 15:49:24.762    app     info:    [server-manager] Starting refresh cycle for eve-online / Tranquility
2025-06-07 15:49:25.026    app     info:    [server-manager] Previous Tranquility build: 2932557, current build: 2932557
2025-06-07 15:49:25.028    app     info:    [server-manager] Tranquility build is unchanged.
2025-06-07 15:49:25.078    app     info:    [server-manager] Ready to play!
2025-06-07 15:49:25.145    app     info:    [server-manager] Finished refresh cycle for Tranquility
2025-06-07 15:54:25.166    app     info:    [server-manager] Starting refresh cycle for eve-online / Tranquility
2025-06-07 15:54:25.408    app     info:    [server-manager] Previous Tranquility build: 2932557, current build: 2932557
2025-06-07 15:54:25.408    app     info:    [server-manager] Tranquility build is unchanged.
2025-06-07 15:54:25.440    app     info:    [server-manager] Ready to play!
2025-06-07 15:54:25.472    app     info:    [server-manager] Finished refresh cycle for Tranquility
2025-06-07 15:55:08.495    app     info:    [scheduler] Starting scheduler foreground
2025-06-07 15:55:08.537    app     info:    [newsfeed] Fetching news for eve-online in ru
2025-06-07 15:55:08.579    app     info:    [authentication] Token for '31367691' on 'tranquility' is expired, refresh is required
2025-06-07 15:55:08.580    app     info:    [authentication] Refreshing token for '31367691' on 'tranquility'
2025-06-07 15:55:09.960    app     warn:    [play-area-content] Invalid product found in play area content    { product: 'eve-frontier' }
2025-06-07 15:55:09.960    app     warn:    [play-area-content] Invalid product found in play area content    { product: 'eve-frontier' }
2025-06-07 15:55:09.961    app     warn:    [play-area-content] Invalid product found in play area content    { product: 'eve-frontier' }
2025-06-07 15:55:09.961    app     warn:    [play-area-content] Invalid product found in play area content    { product: 'eve-frontier' }
2025-06-07 15:55:09.961    app     warn:    [play-area-content] Invalid product found in play area content    { product: 'eve-frontier' }
2025-06-07 15:55:09.962    app     warn:    [play-area-content] Invalid product found in play area content    { product: 'eve-frontier' }
2025-06-07 15:55:09.962    app     warn:    [play-area-content] Invalid product found in play area content    { product: 'eve-frontier' }
2025-06-07 15:55:09.962    app     warn:    [play-area-content] Invalid product found in play area content    { product: 'eve-frontier' }
2025-06-07 15:55:09.975    app     info:    [newsfeed] Fetched 20 news items for eve-online in ru
2025-06-07 15:55:10.004    app     info:    [authentication] Token for '31367691' on 'tranquility' has been successfully refreshed
2025-06-07 15:55:10.012    app     info:    [quasar-elg-events] Queueing event    eve_launcher.electron.authentication.UserTokensRefreshed
2025-06-07 15:55:10.281    app     info:    [quasar-elg-events] Event sent    type.evetech.net/eve_launcher.electron.authentication.UserTokensRefreshed
2025-06-07 15:55:10.643    app     info:    [scheduler] Stopped scheduler foreground
2025-06-07 15:55:10.644    app     info:    [ipc-requests] Handling requests in the background
2025-06-07 15:55:11.645    app     info:    [ipc-requests] No longer handling requests in the background
2025-06-07 15:55:13.541    app     info:    [self-update] Checking for application updates.
2025-06-07 15:55:13.685    app     info:    [time-sync] Failed to sync time with 1 servers
2025-06-07 15:55:13.685    app     info:    [time-sync] Compared time with 4 servers. 3 successful, 1 failed.
2025-06-07 15:55:13.685    app     info:    [time-sync] Not showing any warnings because there were errors fetching the time.
2025-06-07 15:55:14.546    app     info:    [self-update] No application updates were found.
2025-06-07 15:55:16.807    app     info:    [scheduler] Starting scheduler foreground
