2025-05-26 09:32:14.900    app     info:    [migrations] Running state migrations from 202403271440 to 202403271440
2025-05-26 09:32:15.157    app     info:    [self-update] Configuring update feed.
2025-05-26 09:32:15.157    app     info:    [self-update] Update feed set to: https://launcher.ccpgames.com/eve-online/release/win32/x64/
2025-05-26 09:32:15.370    app     info:    Startup arguments    []
2025-05-26 09:32:15.686    app     info:    [self-update] Auto-updating is now enabled
2025-05-26 09:32:15.688    app     info:    [migrations] Running state migrations from 202403271440 to 202403271440
2025-05-26 09:32:15.697    app    error:    (node:4104) [DEP0180] DeprecationWarning: fs.Stats constructor is deprecated.
(Use `eve-online --trace-deprecation ...` to show where the warning was created)    []
2025-05-26 09:32:15.698    app     info:    [third-party-authentications] Checking for Steam startup
2025-05-26 09:32:16.494    app     info:    [migrations] Running secured-state migrations from 202406060001 to 202406060001
2025-05-26 09:32:16.634    app     info:    [i18next] Changed language    ru
2025-05-26 09:32:16.645    app     info:    [steam-auth] Steam startup detected
2025-05-26 09:32:16.663    app     info:    [authentication] Generated login URL with state 'Uc9U0jz7scwKBbBJgv3CAaqfWzaFxMXQfDMTMr90KOo' for 'tranquility' using clientID 'eveLauncherTQ'
2025-05-26 09:32:16.664    app     info:    [third-party-authentications] Done checking third party startups
2025-05-26 09:32:16.743    app     info:    [cache-protocol] Found 0 entries to remove
2025-05-26 09:32:16.744    app     info:    [cache-protocol] Nothing to clean up.
2025-05-26 09:32:16.990    app     info:    [customer-information] Agreements have been updated
2025-05-26 09:32:17.050    app     info:    [quasar-elg-events] Queueing event    eve_launcher.electron.application.LauncherStarted
2025-05-26 09:32:17.181    app     info:    [analytics] Application name:    EVE Online
2025-05-26 09:32:17.182    app     info:    [analytics] Application version:    1.10.0
2025-05-26 09:32:17.182    app     info:    [analytics] Domain    undefined
2025-05-26 09:32:17.184    app     info:    [analytics] Working directory    C:\Program Files (x86)\Steam\steamapps\common\Eve Online\app-1.10.0
2025-05-26 09:32:17.184    app     info:    [analytics] Username contains UTF8?    false
2025-05-26 09:32:18.510    app     info:    [quasar-elg-events] Queueing event    eve_launcher.electron.application.PdmLoaded
2025-05-26 09:32:18.537    app     info:    [quasar-elg-events] Queueing event    eve_launcher.electron.application.CoreDataLoaded
2025-05-26 09:32:18.543    app     info:    [analytics] Operating system    { type: 'Windows', name: 'Windows 10 Home', version: '10.0 (19045)' }
2025-05-26 09:32:18.544    app     info:    [analytics] Encryption available:    true
2025-05-26 09:32:18.544    app     info:    [analytics] Machine UUID    B7B2A471-C4FE-4353-880B-870CE29AC3D8
2025-05-26 09:32:18.544    app     info:    [analytics] PDM Version    2.1.4
2025-05-26 09:32:18.544    app     info:    [analytics] Release channel    release
2025-05-26 09:32:18.544    app     info:    [initializers] Shared cache directory set to    C:\Games\EVE
2025-05-26 09:32:18.554    app     info:    [initializers] Shared cache drive free space: 45.53 GiB / 237.84 GiB
2025-05-26 09:32:18.558    app     info:    [shared-cache] Looking for profiles in 'c_games_eve_tq_tranquility'...
2025-05-26 09:32:18.559    app     info:    [shared-cache] Looking for profiles in 'c_games_eve_sisi_singularity'...
2025-05-26 09:32:18.559    app     info:    [shared-cache] Looking for profiles in 'c_games_eve_thunderdome_thunderdome'...
2025-05-26 09:32:18.559    app     info:    [feature-flags] Initializing feature flag client
2025-05-26 09:32:18.623    app     info:    [migrations] Running file-system migrations from 202408021525 to 202408021525
2025-05-26 09:32:18.629    app     info:    [scheduler] Starting scheduler background
2025-05-26 09:32:18.671    app    error:    (node:4104) MaxListenersExceededWarning: Possible EventEmitter memory leak detected. 11 scheduler/triggered listeners added to [IpcMainImpl]. MaxListeners is 10. Use emitter.setMaxListeners() to increase limit    []
2025-05-26 09:32:18.677    app     info:    [shared-cache] No profiles found on disk
2025-05-26 09:32:18.726    app     info:    [analytics] Hardware rendering enabled:    true    { disabledViaCommandline: false, disabledViaSettings: true }
2025-05-26 09:32:18.830    app     info:    [first-run] Application has been run before: 2025-03-14T09:16:58.327Z
2025-05-26 09:32:18.952    app     info:    [quasar-elg-events] Event sent    type.evetech.net/eve_launcher.electron.application.LauncherStarted
2025-05-26 09:32:18.955    app     info:    [quasar-elg-events] Event sent    type.evetech.net/eve_launcher.electron.application.PdmLoaded
2025-05-26 09:32:18.961    app     info:    [quasar-elg-events] Event sent    type.evetech.net/eve_launcher.electron.application.CoreDataLoaded
2025-05-26 09:32:19.006    app     info:    info: [LaunchDarkly] LaunchDarkly client initialized    []
2025-05-26 09:32:19.007    app     info:    info: [LaunchDarkly] Opening stream connection to https://clientstream.launchdarkly.com/eval/64c3d12e27a4b11365012d39/eyJraW5kIjoibXVsdGkiLCJsYXVuY2hlciI6eyJrZXkiOiJlZjNjMWY1Ny03NWI2LTQzNzItODQzNy1kODQ5MTJjMjgyMWUiLCJpc0ZpcnN0UnVuIjpmYWxzZSwiZGF5c1NpbmNlRmlyc3RSdW4iOjczLCJsYW5ndWFnZSI6InJ1IiwiYXBwbGljYXRpb24iOiJldmUtb25saW5lIiwidmVyc2lvbiI6IjEuMTAuMCIsInBsYXRmb3JtIjoid2luZG93cyIsImlzR2VGb3JjZU5vdyI6ZmFsc2UsIm9zVmVyc2lvbkRlcHJlY2F0ZWQiOmZhbHNlLCJ1c2VySWRzIjpbMjM2MjI5MDMsMjYyMzkyMDEsMjM2MjI5MDMsMzEzMjA2NzJdLCJwcm9kdWN0cyI6WyJldmUtb25saW5lIl0sIm9tZWdhQ291bnQiOjAsImFscGhhQ291bnQiOjQsImFjY291bnRDb3VudCI6NCwib2xkZXN0QWNjb3VudEFnZSI6MTU2NywieW91bmdlc3RBY2NvdW50QWdlIjo3MX0sImpvdXJuZXkiOnsia2V5IjoiYjEyMjhlYTAtMzY5MC00ZDk3LWJjZmUtYmQwMjY0OGNkNTZjIiwiYW5vbnltb3VzIjp0cnVlfX0?withReasons=true    []
2025-05-26 09:32:19.010    app     info:    [feature-flags] Client ef3c1f57... ready, fetching flags
2025-05-26 09:32:19.013    app     info:    [self-update] Auto-updating is now enabled
2025-05-26 09:32:19.013    app     info:    [quasar-manager] Quasar (EPG) feature flag is enabled
2025-05-26 09:32:19.019    app     info:    [feature-flags] Received 39 flags for client ef3c1f57...
2025-05-26 09:32:19.020    app     info:    [feature-flags] Client initialized with key ef3c1f57...
2025-05-26 09:32:19.029    app     info:    [quasar-manager] Quasar (EPG) feature flag is enabled
2025-05-26 09:32:19.035    app     info:    [self-update] Configuring update feed.
2025-05-26 09:32:19.035    app     info:    [self-update] Update feed set to: https://launcher.ccpgames.com/eve-online/release/win32/x64/
2025-05-26 09:32:19.035    app     info:    [self-update] Auto-updating is now enabled
2025-05-26 09:32:19.752    app     warn:    (electron) 'console-message' arguments are deprecated and will be removed. Please use Event<WebContentsConsoleMessageEventParams> object instead.    []
2025-05-26 09:32:19.776    app     info:    [quasar-elg-events] Queueing event    eve_launcher.electron.application.RendererLoaded
2025-05-26 09:32:19.776    app     info:    [quasar-elg-events] Event sent    type.evetech.net/eve_launcher.electron.application.RendererLoaded
2025-05-26 09:32:19.779    app     info:    [scheduler] Starting scheduler foreground
2025-05-26 09:32:19.808    app     info:    [newsfeed] Fetching news for eve-online in ru
2025-05-26 09:32:19.832    app     info:    [content-delivery-trace] Fetching CDN trace data from https://binaries.eveonline.com/cdn-cgi/trace
2025-05-26 09:32:19.881    app     info:    [creatives] Requesting creatives for eve-online
2025-05-26 09:32:19.889    app     info:    [authentication] Token for '26239201' on 'tranquility' is expired, refresh is required
2025-05-26 09:32:19.890    app     info:    [authentication] Refreshing token for '26239201' on 'tranquility'
2025-05-26 09:32:19.926    app     info:    [window-manager] Main window registered    { windowId: 2 }
2025-05-26 09:32:19.950    app     info:    [login-window] Creating login window using URI 'https://login.eveonline.com/account/logoff?lang=en&ReturnUrl=%2Fv2%2Foauth%2Fauthorize%3Fresponse_type%3Dcode%26client_id%3DeveLauncherTQ%26scope%3DeveClientLogin%2Bcisservice.customerRead.v1%2Bcisservice.customerWrite.v1%2Bcisservice.userProfileBasic.v1%2Bvgs.transactionRead.v1%2Bvgs.marketAccess.v1%26redirect_uri%3Dhttps%253A%252F%252Flogin.eveonline.com%252Flauncher%253Fclient_id%253DeveLauncherTQ%26state%3DUc9U0jz7scwKBbBJgv3CAaqfWzaFxMXQfDMTMr90KOo%26code_challenge_method%3DS256%26code_challenge%3DCXQo6R76K_jqxP79XoM_td4UvBI55JW3zcmlN6Qfvt0%26steam_ticket%3D14000000665f02584acd56ca1bd7f11a0100100116353468180000000100000002000000a3cb624a751456da1970000001000000b200000032000000040000001bd7f11a01001001342100009265e091dd06000a00000000df9a2c685f4a486801002f22020000000000a17104b7eb086aeca537b13a5cb0aeb09401321cacf7cf3244a185febb7ff822e85120242cd5e4e2337c3dcdf43ee90f7401556b2017adc47acb2980f26f03b5d4c5f0d0d649fb7990afe4f5e8d22a5211d495a46aa35cee9a8b2a1463a144ac11205a90fbe8aee35ec3646888eacfd8ee4ca539245cad595acc3e2f97fcd684'
2025-05-26 09:32:20.007     ui     info:    [i18next] Requesting missing translation ru readnought title title    ccp://launcher/renderer/main_window/index.js    2
2025-05-26 09:32:20.098    app     info:    [newsfeed] Fetched 20 news items for eve-online in ru
2025-05-26 09:32:20.398    app     info:    [jukebox] Fetched 2 jukebox playlists
2025-05-26 09:32:20.583    app     info:    [new-player-content] Resetting content as language not in response    { locale: 'tx' }
2025-05-26 09:32:21.404    app     warn:    [play-area-content] Invalid product found in play area content    { product: 'eve-frontier' }
2025-05-26 09:32:21.405    app     warn:    [play-area-content] Invalid product found in play area content    { product: 'eve-frontier' }
2025-05-26 09:32:21.406    app     warn:    [play-area-content] Invalid product found in play area content    { product: 'eve-frontier' }
2025-05-26 09:32:21.407    app     warn:    [play-area-content] Invalid product found in play area content    { product: 'eve-frontier' }
2025-05-26 09:32:21.407    app     warn:    [play-area-content] Invalid product found in play area content    { product: 'eve-frontier' }
2025-05-26 09:32:21.408    app     warn:    [play-area-content] Invalid product found in play area content    { product: 'eve-frontier' }
2025-05-26 09:32:21.408    app     warn:    [play-area-content] Invalid product found in play area content    { product: 'eve-frontier' }
2025-05-26 09:32:21.409    app     warn:    [play-area-content] Invalid product found in play area content    { product: 'eve-frontier' }
2025-05-26 09:32:21.531    app     info:    [authentication] Token for '23622903' on 'tranquility' is expired, refresh is required
2025-05-26 09:32:21.532    app     info:    [authentication] Refreshing token for '23622903' on 'tranquility'
2025-05-26 09:32:21.532    app     info:    [authentication] Token for '26239201' on 'tranquility' is expired, refresh is required
2025-05-26 09:32:21.533    app     info:    [authentication] Refreshing token for '26239201' on 'tranquility'
2025-05-26 09:32:21.533    app     info:    [authentication] Token for '29795975' on 'tranquility' is expired, refresh is required
2025-05-26 09:32:21.533    app     info:    [authentication] Refreshing token for '29795975' on 'tranquility'
2025-05-26 09:32:21.534    app     info:    [authentication] Token for '31320672' on 'tranquility' is expired, refresh is required
2025-05-26 09:32:21.534    app     info:    [authentication] Refreshing token for '31320672' on 'tranquility'
2025-05-26 09:32:21.534    app     info:    [AuthenticationMiddleware] Refreshed 4 / 4 users for tranquility on eve-online
2025-05-26 09:32:21.549    app     info:    [server-manager] Starting refresh cycle for eve-online / Tranquility
2025-05-26 09:32:21.930    app     info:    [server-manager] Previous Tranquility build: 2866918, current build: 2911964
2025-05-26 09:32:21.937    app     info:    [quasar-elg-events] Queueing event    eve_launcher.electron.eve_client.GameClientUpdateStarted
2025-05-26 09:32:21.937    app     info:    [server-manager] Starting download of build 2911964 for Tranquility.
2025-05-26 09:32:21.951    app     info:    [quasar-elg-events] Event sent    type.evetech.net/eve_launcher.electron.eve_client.GameClientUpdateStarted
2025-05-26 09:32:22.190    app     info:    [authentication] Token for '26239201' on 'tranquility' has been successfully refreshed
2025-05-26 09:32:22.197    app     info:    [quasar-elg-events] Queueing event    eve_launcher.electron.authentication.UserTokensRefreshed
2025-05-26 09:32:22.215    app     info:    [quasar-elg-events] Event sent    type.evetech.net/eve_launcher.electron.authentication.UserTokensRefreshed
2025-05-26 09:32:22.224    app     info:    [customer-information] Getting character information for '26239201' on 'tranquility'
2025-05-26 09:32:22.224    app     info:    [customer-information] Getting Omega status for '26239201' on 'tranquility' (eve-online)
2025-05-26 09:32:22.224    app     info:    [virtual-goods] Getting Plex status for '26239201' on 'tranquility' (eve-online)
2025-05-26 09:32:22.240    app     info:    [authentication] Token for '26239201' on 'tranquility' has been successfully refreshed
2025-05-26 09:32:22.246    app     info:    [quasar-elg-events] Queueing event    eve_launcher.electron.authentication.UserTokensRefreshed
2025-05-26 09:32:22.257    app     info:    [quasar-elg-events] Event sent    type.evetech.net/eve_launcher.electron.authentication.UserTokensRefreshed
2025-05-26 09:32:22.258    app     info:    [authentication] Token for '23622903' on 'tranquility' has been successfully refreshed
2025-05-26 09:32:22.265    app     info:    [quasar-elg-events] Queueing event    eve_launcher.electron.authentication.UserTokensRefreshed
2025-05-26 09:32:22.281    app     info:    [authentication] Token for '29795975' on 'tranquility' has been successfully refreshed
2025-05-26 09:32:22.290    app     info:    [quasar-elg-events] Queueing event    eve_launcher.electron.authentication.UserTokensRefreshed
2025-05-26 09:32:22.300    app     info:    [authentication] Token for '31320672' on 'tranquility' has been successfully refreshed
2025-05-26 09:32:22.309    app     info:    [quasar-elg-events] Queueing event    eve_launcher.electron.authentication.UserTokensRefreshed
2025-05-26 09:32:22.322    app     info:    [AuthenticationMiddleware] Successfully restored 4 / 4 users
2025-05-26 09:32:22.323    app     info:    [quasar-elg-events] Event sent    type.evetech.net/eve_launcher.electron.authentication.UserTokensRefreshed
2025-05-26 09:32:22.326    app     info:    [manifest] Excluded 226 files from the manifest, leaving 0 entries
2025-05-26 09:32:22.326    app     info:    [server-manager] Downloading 0 binary files (0 B)
2025-05-26 09:32:22.329    app     warn:    [download-from-manifest] The manifest contained no entries to download    { cdn: 1 }
2025-05-26 09:32:22.338    app     info:    [download-from-manifest] Downloaded 0 files (0.00 B) in 0.1 seconds
2025-05-26 09:32:22.339    app     info:    [download-from-manifest] Average download speed: 0.00 B/s
2025-05-26 09:32:22.341    app     info:    [quasar-elg-events] Event sent    type.evetech.net/eve_launcher.electron.authentication.UserTokensRefreshed
2025-05-26 09:32:22.344    app     info:    [quasar-elg-events] Event sent    type.evetech.net/eve_launcher.electron.authentication.UserTokensRefreshed
2025-05-26 09:32:22.357    app     info:    [quasar-elg-events] Queueing event    eve_launcher.electron.eve_client.CopyingFilesStarted
2025-05-26 09:32:22.358    app     info:    [binary-copier] Copying 226 files (377 MB) to 'C:\Games\EVE\tq'
2025-05-26 09:32:22.359    app     info:    [quasar-elg-events] Event sent    type.evetech.net/eve_launcher.electron.eve_client.CopyingFilesStarted
2025-05-26 09:32:22.473    app     info:    [binary-copier] Removing old binaries
2025-05-26 09:32:22.499    app     info:    [esi] Fetching character details for 2121178171
2025-05-26 09:32:22.547    app     info:    [virtual-goods] Fetched Plex status for '26239201' on 'tranquility' (eve-online) with balance: 0
2025-05-26 09:32:22.594    app     info:    [binary-copier] Copying binaries from ResFiles
2025-05-26 09:32:22.944    app     info:    [esi] Fetched 1 character details for 26239201
2025-05-26 09:32:23.338    app     info:    [server-manager] Copying executables 126/226
2025-05-26 09:32:23.479     ui     info:    Initializing captcha    ccp://launcher/renderer/main_window/index.js    2
2025-05-26 09:32:24.257    app     info:    [binary-copier] Finished copying 226 files to 'C:\Games\EVE\tq' in 1.908 seconds
2025-05-26 09:32:24.264    app     info:    [quasar-elg-events] Queueing event    eve_launcher.electron.eve_client.CopyingFilesFinished
2025-05-26 09:32:24.264    app     info:    [quasar-elg-events] Event sent    type.evetech.net/eve_launcher.electron.eve_client.CopyingFilesFinished
2025-05-26 09:32:24.269    app     info:    [creatives] Received 3 creatives for eve-online
2025-05-26 09:32:24.911    app     info:    [server-manager] Copying executables 226/226
2025-05-26 09:32:24.941    app     info:    [self-update] Checking for application updates.
2025-05-26 09:32:26.167    app     info:    [time-sync] Failed to sync time with 2 servers
2025-05-26 09:32:26.170    app     info:    [time-sync] Compared time with 4 servers. 2 successful, 2 failed.
2025-05-26 09:32:26.170    app     info:    [time-sync] Not showing any warnings because there were errors fetching the time.
2025-05-26 09:32:26.176    app     info:    [server-manager] Downloading prefetch chunks in 484 files (5.07 GB)
2025-05-26 09:32:26.178    app     info:    [download-from-manifest] Preparing to download 484 files    { cdn: 2, concurrent: 10 }
2025-05-26 09:32:26.279    app     info:    [server-manager] Copying executables 226/226
2025-05-26 09:32:27.279    app     info:    [server-manager] Downloaded 565.49 kiB/4.72 GiB at 301.16 kiB/s
2025-05-26 09:32:27.976     ui     info:    Slow network is detected. See https://www.chromestatus.com/feature/5636954674692096 for more details. Fallback font will be used while loading: https://fonts.gstatic.com/s/roboto/v18/KFOmCnqEu92Fr1Mu4mxP.ttf    https://www.gstatic.com/recaptcha/releases/jt8Oh2-Ue1u7nEbJQUIdocyd/recaptcha__en.js    42
2025-05-26 09:32:27.976     ui     info:    Slow network is detected. See https://www.chromestatus.com/feature/5636954674692096 for more details. Fallback font will be used while loading: https://fonts.gstatic.com/s/roboto/v18/KFOlCnqEu92Fr1MmEU9fBBc9.ttf    https://www.gstatic.com/recaptcha/releases/jt8Oh2-Ue1u7nEbJQUIdocyd/recaptcha__en.js    42
2025-05-26 09:32:28.207    app     info:    [login-window] Navigation to login completed, receiving code & state (Uc9U0jz7scwKBbBJgv3CAaqfWzaFxMXQfDMTMr90KOo)
2025-05-26 09:32:28.290    app     info:    [server-manager] Downloaded 1.48 MiB/4.72 GiB at 478.00 kiB/s
2025-05-26 09:32:29.309    app     info:    [server-manager] Downloaded 2.34 MiB/4.72 GiB at 448.90 kiB/s
2025-05-26 09:32:29.776    app    error:    [login-window] Could not load the login page: 'https://login.eveonline.com/account/logoff?lang=en&ReturnUrl=%2Fv2%2Foauth%2Fauthorize%3Fresponse_type%3Dcode%26client_id%3DeveLauncherTQ%26scope%3DeveClientLogin%2Bcisservice.customerRead.v1%2Bcisservice.customerWrite.v1%2Bcisservice.userProfileBasic.v1%2Bvgs.transactionRead.v1%2Bvgs.marketAccess.v1%26redirect_uri%3Dhttps%253A%252F%252Flogin.eveonline.com%252Flauncher%253Fclient_id%253DeveLauncherTQ%26state%3DUc9U0jz7scwKBbBJgv3CAaqfWzaFxMXQfDMTMr90KOo%26code_challenge_method%3DS256%26code_challenge%3DCXQo6R76K_jqxP79XoM_td4UvBI55JW3zcmlN6Qfvt0%26steam_ticket%3D14000000665f02584acd56ca1bd7f11a0100100116353468180000000100000002000000a3cb624a751456da1970000001000000b200000032000000040000001bd7f11a01001001342100009265e091dd06000a00000000df9a2c685f4a486801002f22020000000000a17104b7eb086aeca537b13a5cb0aeb09401321cacf7cf3244a185febb7ff822e85120242cd5e4e2337c3dcdf43ee90f7401556b2017adc47acb2980f26f03b5d4c5f0d0d649fb7990afe4f5e8d22a5211d495a46aa35cee9a8b2a1463a144ac11205a90fbe8aee35ec3646888eacfd8ee4ca539245cad595acc3e2f97fcd684' ERR_ABORTED (-3) loading 'eveonline://callback?client_id=eveLauncherTQ&code=wH4bHQAyI06nt3OTR5o3KA&state=Uc9U0jz7scwKBbBJgv3CAaqfWzaFxMXQfDMTMr90KOo'    Error: ERR_ABORTED (-3) loading 'eveonline://callback?client_id=eveLauncherTQ&code=wH4bHQAyI06nt3OTR5o3KA&state=Uc9U0jz7scwKBbBJgv3CAaqfWzaFxMXQfDMTMr90KOo'
    at rejectAndCleanup (node:electron/js2c/browser_init:2:79523)
    at WebContents.navigationListener (node:electron/js2c/browser_init:2:79803)
    at WebContents.emit (node:events:518:28)
    at e.emit (C:\Program Files (x86)\Steam\steamapps\common\Eve Online\app-1.10.0\resources\app.asar\.webpack\main\index.js:8:3235798) {
  errno: -3,
  code: 'ERR_ABORTED',
  url: 'eveonline://callback?client_id=eveLauncherTQ&code=wH4bHQAyI06nt3OTR5o3KA&state=Uc9U0jz7scwKBbBJgv3CAaqfWzaFxMXQfDMTMr90KOo'
}
2025-05-26 09:32:29.837    app     info:    [quasar-elg-events] Queueing event    eve_launcher.electron.authentication.LoginWindowClosed
2025-05-26 09:32:29.838    app     info:    [login-window] Login window with state 'Uc9U0jz7scwKBbBJgv3CAaqfWzaFxMXQfDMTMr90KOo' has been closed
2025-05-26 09:32:29.838    app     info:    [quasar-elg-events] Event sent    type.evetech.net/eve_launcher.electron.authentication.LoginWindowClosed
2025-05-26 09:32:30.340    app     info:    [server-manager] Downloaded 3.14 MiB/4.72 GiB at 1.15 MiB/s
2025-05-26 09:32:30.348    app     info:    [quasar-elg-events] Queueing event    eve_launcher.electron.authentication.UserTokensReceived
2025-05-26 09:32:30.359    app     info:    [quasar-elg-events] Event sent    type.evetech.net/eve_launcher.electron.authentication.UserTokensReceived
2025-05-26 09:32:30.375    app     info:    [quasar-elg-events] Queueing event    eve_launcher.electron.authentication.UserAuthenticated
2025-05-26 09:32:30.385    app     info:    [quasar-elg-events] Event sent    type.evetech.net/eve_launcher.electron.authentication.UserAuthenticated
2025-05-26 09:32:30.793     ui     info:    Slow network is detected. See https://www.chromestatus.com/feature/5636954674692096 for more details. Fallback font will be used while loading: https://fonts.gstatic.com/s/roboto/v18/KFOlCnqEu92Fr1MmYUtfBBc9.ttf    https://www.gstatic.com/recaptcha/releases/jt8Oh2-Ue1u7nEbJQUIdocyd/recaptcha__en.js    42
2025-05-26 09:32:31.400    app     info:    [server-manager] Downloaded 4.02 MiB/4.72 GiB at 892.31 kiB/s
2025-05-26 09:32:31.510    app     info:    [self-update] No application updates were found.
2025-05-26 09:32:32.409    app     info:    [server-manager] Downloaded 4.90 MiB/4.72 GiB at 435.17 kiB/s
2025-05-26 09:32:33.431    app     info:    [server-manager] Downloaded 5.73 MiB/4.72 GiB at 731.00 kiB/s
2025-05-26 09:32:34.433    app     info:    [server-manager] Downloaded 6.53 MiB/4.72 GiB at 320.00 kiB/s
2025-05-26 09:32:35.438    app     info:    [server-manager] Downloaded 7.21 MiB/4.72 GiB at 348.08 kiB/s
2025-05-26 09:32:36.463    app     info:    [server-manager] Downloaded 8.08 MiB/4.72 GiB at 969.85 kiB/s
2025-05-26 09:32:37.471    app     info:    [server-manager] Downloaded 8.90 MiB/4.72 GiB at 886.70 kiB/s
2025-05-26 09:32:38.499    app     info:    [server-manager] Downloaded 9.76 MiB/4.72 GiB at 895.81 kiB/s
2025-05-26 09:32:39.526    app     info:    [server-manager] Downloaded 10.66 MiB/4.72 GiB at 857.14 kiB/s
2025-05-26 09:32:40.533    app     info:    [server-manager] Downloaded 11.59 MiB/4.72 GiB at 947.63 kiB/s
2025-05-26 09:32:41.566    app     info:    [server-manager] Downloaded 12.57 MiB/4.72 GiB at 982.18 kiB/s
2025-05-26 09:32:42.594    app     info:    [server-manager] Downloaded 13.50 MiB/4.72 GiB at 922.34 kiB/s
2025-05-26 09:32:43.601    app     info:    [server-manager] Downloaded 14.38 MiB/4.72 GiB at 832.00 kiB/s
2025-05-26 09:32:44.623    app     info:    [server-manager] Downloaded 15.29 MiB/4.72 GiB at 924.30 kiB/s
2025-05-26 09:32:45.631    app     info:    [server-manager] Downloaded 16.20 MiB/4.72 GiB at 524.25 kiB/s
2025-05-26 09:32:46.655    app     info:    [server-manager] Downloaded 17.14 MiB/4.72 GiB at 875.87 kiB/s
2025-05-26 09:32:46.786    app     info:    [authentication] Generated login URL with state 'Qgt6MjaE69w5bzblwnQpA9n_H5IGfQ-QMySMSzKuAZ0' for 'tranquility' using clientID 'eveLauncherTQ'
2025-05-26 09:32:46.803    app     info:    [login-window] Creating login window using URI 'https://login.eveonline.com/account/logoff?lang=en&ReturnUrl=%2Fv2%2Foauth%2Fauthorize%3Fresponse_type%3Dcode%26client_id%3DeveLauncherTQ%26scope%3DeveClientLogin%2Bcisservice.customerRead.v1%2Bcisservice.customerWrite.v1%2Bcisservice.userProfileBasic.v1%2Bvgs.transactionRead.v1%2Bvgs.marketAccess.v1%26redirect_uri%3Dhttps%253A%252F%252Flogin.eveonline.com%252Flauncher%253Fclient_id%253DeveLauncherTQ%26state%3DQgt6MjaE69w5bzblwnQpA9n_H5IGfQ-QMySMSzKuAZ0%26code_challenge_method%3DS256%26code_challenge%3DjgdRTeKh-8skh-QPcDYHGO7FEbf9exY6x9bByNqbG08'
2025-05-26 09:32:47.664    app     info:    [server-manager] Downloaded 18.06 MiB/4.72 GiB at 926.15 kiB/s
2025-05-26 09:32:48.681    app     info:    [server-manager] Downloaded 18.76 MiB/4.72 GiB at 637.45 kiB/s
2025-05-26 09:32:48.864    app     warn:    The connection to LogLite was refused. A LogLite server may not be running, or be listening to connections.    []
2025-05-26 09:32:49.689    app     info:    [server-manager] Downloaded 19.69 MiB/4.72 GiB at 960.00 kiB/s
2025-05-26 09:32:50.712    app     info:    [server-manager] Downloaded 20.62 MiB/4.72 GiB at 938.37 kiB/s
2025-05-26 09:32:51.744    app     info:    [server-manager] Downloaded 21.48 MiB/4.72 GiB at 908.68 kiB/s
2025-05-26 09:32:52.777    app     info:    [server-manager] Downloaded 22.34 MiB/4.72 GiB at 920.63 kiB/s
2025-05-26 09:32:53.804    app     info:    [server-manager] Downloaded 23.18 MiB/4.72 GiB at 840.47 kiB/s
2025-05-26 09:32:54.838    app     info:    [server-manager] Downloaded 24.08 MiB/4.72 GiB at 910.82 kiB/s
2025-05-26 09:32:55.843    app     info:    [server-manager] Downloaded 24.89 MiB/4.72 GiB at 416.00 kiB/s
2025-05-26 09:32:56.866    app     info:    [server-manager] Downloaded 25.64 MiB/4.72 GiB at 320.00 kiB/s
2025-05-26 09:32:57.896    app     info:    [server-manager] Downloaded 26.56 MiB/4.72 GiB at 934.15 kiB/s
2025-05-26 09:32:58.933    app     info:    [server-manager] Downloaded 27.47 MiB/4.72 GiB at 937.62 kiB/s
2025-05-26 09:32:59.941    app     info:    [server-manager] Downloaded 28.30 MiB/4.72 GiB at 531.63 kiB/s
2025-05-26 09:33:00.964    app     info:    [server-manager] Downloaded 29.30 MiB/4.72 GiB at 1.09 MiB/s
2025-05-26 09:33:01.992    app     info:    [server-manager] Downloaded 30.22 MiB/4.72 GiB at 924.30 kiB/s
2025-05-26 09:33:02.997    app     info:    [server-manager] Downloaded 31.16 MiB/4.72 GiB at 1,009.13 kiB/s
2025-05-26 09:33:04.005    app     info:    [server-manager] Downloaded 32.07 MiB/4.72 GiB at 975.10 kiB/s
2025-05-26 09:33:05.024    app     info:    [server-manager] Downloaded 32.99 MiB/4.72 GiB at 958.08 kiB/s
2025-05-26 09:33:06.032    app     info:    [server-manager] Downloaded 33.85 MiB/4.72 GiB at 830.34 kiB/s
2025-05-26 09:33:07.055    app     info:    [server-manager] Downloaded 34.86 MiB/4.72 GiB at 1.03 MiB/s
2025-05-26 09:33:08.086    app     info:    [server-manager] Downloaded 35.75 MiB/4.72 GiB at 1.29 MiB/s
2025-05-26 09:33:09.092    app     info:    [server-manager] Downloaded 36.71 MiB/4.72 GiB at 487.00 kiB/s
2025-05-26 09:33:10.117    app     info:    [server-manager] Downloaded 37.61 MiB/4.72 GiB at 352.00 kiB/s
2025-05-26 09:33:11.125    app     info:    [server-manager] Downloaded 38.50 MiB/4.72 GiB at 1.34 MiB/s
2025-05-26 09:33:12.133    app     info:    [server-manager] Downloaded 39.47 MiB/4.72 GiB at 990.02 kiB/s
2025-05-26 09:33:13.161    app     info:    [server-manager] Downloaded 40.41 MiB/4.72 GiB at 968.75 kiB/s
2025-05-26 09:33:14.178    app     info:    [server-manager] Downloaded 41.30 MiB/4.72 GiB at 915.41 kiB/s
2025-05-26 09:33:15.187    app     info:    [server-manager] Downloaded 42.21 MiB/4.72 GiB at 479.04 kiB/s
2025-05-26 09:33:16.211    app     info:    [server-manager] Downloaded 43.14 MiB/4.72 GiB at 915.82 kiB/s
2025-05-26 09:33:17.217    app     info:    [server-manager] Downloaded 44.10 MiB/4.72 GiB at 926.15 kiB/s
2025-05-26 09:33:18.277    app     info:    [server-manager] Downloaded 45.01 MiB/4.72 GiB at 1.04 MiB/s
2025-05-26 09:33:19.305    app     info:    [server-manager] Downloaded 45.89 MiB/4.72 GiB at 999.63 kiB/s
2025-05-26 09:33:20.312    app     info:    [server-manager] Downloaded 46.93 MiB/4.72 GiB at 1,007.59 kiB/s
2025-05-26 09:33:21.371    app     info:    [server-manager] Downloaded 47.81 MiB/4.72 GiB at 890.66 kiB/s
2025-05-26 09:33:22.401    app     info:    [server-manager] Downloaded 48.76 MiB/4.72 GiB at 956.18 kiB/s
2025-05-26 09:33:23.409    app     info:    [server-manager] Downloaded 49.68 MiB/4.72 GiB at 860.56 kiB/s
2025-05-26 09:33:24.415    app     info:    [server-manager] Downloaded 50.62 MiB/4.72 GiB at 542.91 kiB/s
2025-05-26 09:33:24.864    app     info:    [time-sync] Failed to sync time with 1 servers
2025-05-26 09:33:24.864    app     info:    [time-sync] Compared time with 4 servers. 3 successful, 1 failed.
2025-05-26 09:33:24.864    app     info:    [time-sync] Not showing any warnings because there were errors fetching the time.
2025-05-26 09:33:25.437    app     info:    [server-manager] Downloaded 51.58 MiB/4.72 GiB at 939.73 kiB/s
2025-05-26 09:33:26.470    app     info:    [server-manager] Downloaded 52.46 MiB/4.72 GiB at 820.51 kiB/s
2025-05-26 09:33:27.484    app     info:    [server-manager] Downloaded 53.39 MiB/4.72 GiB at 1,011.86 kiB/s
2025-05-26 09:33:28.492    app     info:    [server-manager] Downloaded 54.35 MiB/4.72 GiB at 495.14 kiB/s
2025-05-26 09:33:29.524    app     info:    [server-manager] Downloaded 55.27 MiB/4.72 GiB at 888.89 kiB/s
2025-05-26 09:33:30.556    app     info:    [server-manager] Downloaded 56.19 MiB/4.72 GiB at 1.28 MiB/s
2025-05-26 09:33:31.564    app     info:    [server-manager] Downloaded 57.16 MiB/4.72 GiB at 913.39 kiB/s
2025-05-26 09:33:32.572    app     info:    [server-manager] Downloaded 58.05 MiB/4.72 GiB at 407.68 kiB/s
2025-05-26 09:33:33.584    app     info:    [server-manager] Downloaded 58.91 MiB/4.72 GiB at 384.00 kiB/s
2025-05-26 09:33:34.593    app     info:    [server-manager] Downloaded 59.78 MiB/4.72 GiB at 1.03 MiB/s
2025-05-26 09:33:35.639    app     info:    [server-manager] Downloaded 60.71 MiB/4.72 GiB at 892.42 kiB/s
2025-05-26 09:33:36.645    app     info:    [server-manager] Downloaded 61.72 MiB/4.72 GiB at 600.50 kiB/s
2025-05-26 09:33:37.687    app     info:    [server-manager] Downloaded 62.61 MiB/4.72 GiB at 940.25 kiB/s
2025-05-26 09:33:38.713    app     info:    [server-manager] Downloaded 63.60 MiB/4.72 GiB at 1.00 MiB/s
2025-05-26 09:33:39.743    app     info:    [server-manager] Downloaded 64.60 MiB/4.72 GiB at 315.98 kiB/s
2025-05-26 09:33:40.868    app     info:    [server-manager] Downloaded 65.51 MiB/4.72 GiB at 901.41 kiB/s
2025-05-26 09:33:42.004    app     info:    [server-manager] Downloaded 66.57 MiB/4.72 GiB at 987.34 kiB/s
2025-05-26 09:33:42.589    app     warn:    Retrying request to https://creatives2.extccp.com (1) Request timed out    p [RequestTimeoutError]: Request timed out
    at ClientRequest.<anonymous> (C:\Program Files (x86)\Steam\steamapps\common\Eve Online\app-1.10.0\resources\app.asar\.webpack\main\index.js:8:3165803)
    at ClientRequest.emit (node:events:518:28)
    at TLSSocket.emitRequestTimeout (node:_http_client:863:9)
    at Object.onceWrapper (node:events:632:28)
    at TLSSocket.emit (node:events:530:35)
    at Socket._onTimeout (node:net:609:8)
    at listOnTimeout (node:internal/timers:594:17)
    at process.processTimers (node:internal/timers:529:7)
2025-05-26 09:33:42.973    app     info:    [scheduler] Stopped scheduler foreground
2025-05-26 09:33:42.974    app     info:    [ipc-requests] Handling requests in the background
2025-05-26 09:33:43.031    app     info:    [server-manager] Downloaded 67.37 MiB/4.72 GiB at 774.64 kiB/s
2025-05-26 09:33:43.975    app     info:    [ipc-requests] No longer handling requests in the background
2025-05-26 09:33:44.059    app     info:    [server-manager] Downloaded 68.28 MiB/4.72 GiB at 1,004.25 kiB/s
2025-05-26 09:33:45.070    app     info:    [server-manager] Downloaded 69.03 MiB/4.72 GiB at 351.30 kiB/s
2025-05-26 09:33:45.199    app     info:    [scheduler] Starting scheduler foreground
2025-05-26 09:33:46.103    app     info:    [server-manager] Downloaded 69.66 MiB/4.72 GiB at 563.60 kiB/s
2025-05-26 09:33:46.667    app     info:    [scheduler] Stopped scheduler foreground
2025-05-26 09:33:46.668    app     info:    [ipc-requests] Handling requests in the background
2025-05-26 09:33:47.116    app     info:    [server-manager] Downloaded 70.36 MiB/4.72 GiB at 728.50 kiB/s
2025-05-26 09:33:47.669    app     info:    [ipc-requests] No longer handling requests in the background
2025-05-26 09:33:48.184    app     info:    [server-manager] Downloaded 71.14 MiB/4.72 GiB at 942.97 kiB/s
2025-05-26 09:33:49.215    app     info:    [server-manager] Downloaded 72.04 MiB/4.72 GiB at 908.87 kiB/s
2025-05-26 09:33:50.244    app     info:    [server-manager] Downloaded 72.86 MiB/4.72 GiB at 908.77 kiB/s
2025-05-26 09:33:51.251    app     info:    [server-manager] Downloaded 73.42 MiB/4.72 GiB at 448.00 kiB/s
2025-05-26 09:33:52.279    app     info:    [server-manager] Downloaded 74.20 MiB/4.72 GiB at 760.40 kiB/s
2025-05-26 09:33:53.309    app     info:    [server-manager] Downloaded 75.07 MiB/4.72 GiB at 875.37 kiB/s
2025-05-26 09:33:54.337    app     info:    [server-manager] Downloaded 76.00 MiB/4.72 GiB at 937.74 kiB/s
2025-05-26 09:33:55.368    app     info:    [server-manager] Downloaded 76.92 MiB/4.72 GiB at 288.00 kiB/s
2025-05-26 09:33:56.379    app     info:    [server-manager] Downloaded 77.79 MiB/4.72 GiB at 716.82 kiB/s
2025-05-26 09:33:57.410    app     info:    [server-manager] Downloaded 78.60 MiB/4.72 GiB at 852.07 kiB/s
2025-05-26 09:33:58.436    app     info:    [server-manager] Downloaded 79.51 MiB/4.72 GiB at 899.55 kiB/s
2025-05-26 09:33:59.460    app     info:    [server-manager] Downloaded 80.36 MiB/4.72 GiB at 448.00 kiB/s
2025-05-26 09:34:00.493    app     info:    [server-manager] Downloaded 81.25 MiB/4.72 GiB at 818.80 kiB/s
2025-05-26 09:34:01.528    app     info:    [server-manager] Downloaded 82.08 MiB/4.72 GiB at 799.35 kiB/s
2025-05-26 09:34:02.558    app     info:    [server-manager] Downloaded 82.96 MiB/4.72 GiB at 789.48 kiB/s
2025-05-26 09:34:03.587    app     info:    [server-manager] Downloaded 83.85 MiB/4.72 GiB at 1.26 MiB/s
2025-05-26 09:34:04.599    app     info:    [server-manager] Downloaded 84.80 MiB/4.72 GiB at 960.00 kiB/s
2025-05-26 09:34:05.604    app     info:    [server-manager] Downloaded 85.60 MiB/4.72 GiB at 795.78 kiB/s
2025-05-26 09:34:06.648    app     info:    [server-manager] Downloaded 86.55 MiB/4.72 GiB at 1.00 MiB/s
2025-05-26 09:34:07.684    app     info:    [server-manager] Downloaded 87.51 MiB/4.72 GiB at 913.93 kiB/s
2025-05-26 09:34:08.693    app     info:    [server-manager] Downloaded 88.41 MiB/4.72 GiB at 430.50 kiB/s
2025-05-26 09:34:09.716    app     info:    [server-manager] Downloaded 89.30 MiB/4.72 GiB at 810.93 kiB/s
2025-05-26 09:34:10.743    app     info:    [server-manager] Downloaded 90.20 MiB/4.72 GiB at 953.85 kiB/s
2025-05-26 09:34:11.750    app     info:    [server-manager] Downloaded 91.14 MiB/4.72 GiB at 448.00 kiB/s
2025-05-26 09:34:12.778    app     info:    [server-manager] Downloaded 92.09 MiB/4.72 GiB at 920.63 kiB/s
2025-05-26 09:34:13.785    app     info:    [server-manager] Downloaded 93.00 MiB/4.72 GiB at 465.00 kiB/s
2025-05-26 09:34:14.793    app     info:    [server-manager] Downloaded 93.90 MiB/4.72 GiB at 415.17 kiB/s
2025-05-26 09:34:15.343    app     info:    [scheduler] Starting scheduler foreground
2025-05-26 09:34:15.805    app     info:    [server-manager] Downloaded 94.84 MiB/4.72 GiB at 1.19 MiB/s
2025-05-26 09:34:16.867    app     info:    [server-manager] Downloaded 95.73 MiB/4.72 GiB at 1.33 MiB/s
2025-05-26 09:34:17.873    app     info:    [server-manager] Downloaded 96.56 MiB/4.72 GiB at 352.00 kiB/s
2025-05-26 09:34:18.881    app     info:    [server-manager] Downloaded 97.32 MiB/4.72 GiB at 928.00 kiB/s
2025-05-26 09:34:18.887    app     info:    [login-window] Navigation to login completed, receiving code & state (Qgt6MjaE69w5bzblwnQpA9n_H5IGfQ-QMySMSzKuAZ0)
2025-05-26 09:34:19.716    app     info:    [quasar-elg-events] Queueing event    eve_launcher.electron.authentication.UserTokensReceived
2025-05-26 09:34:19.748    app     info:    [quasar-elg-events] Event sent    type.evetech.net/eve_launcher.electron.authentication.UserTokensReceived
2025-05-26 09:34:19.750    app     warn:    [ipc-requests] Shared cache is already in use by eve-online on tranquility (updating)
2025-05-26 09:34:19.750    app     warn:    [ipc-requests] Server manager cannot start for tranquility because required resources are not available
2025-05-26 09:34:19.755    app     info:    [quasar-elg-events] Queueing event    eve_launcher.electron.authentication.UserAuthenticated
2025-05-26 09:34:19.777    app     info:    [customer-information] Getting character information for '31367691' on 'tranquility'
2025-05-26 09:34:19.778    app     info:    [customer-information] Getting Omega status for '31367691' on 'tranquility' (eve-online)
2025-05-26 09:34:19.778    app     info:    [virtual-goods] Getting Plex status for '31367691' on 'tranquility' (eve-online)
2025-05-26 09:34:19.798    app     info:    [quasar-elg-events] Event sent    type.evetech.net/eve_launcher.electron.authentication.UserAuthenticated
2025-05-26 09:34:19.825    app     info:    [quasar-elg-events] Queueing event    eve_launcher.electron.authentication.LoginWindowClosed
2025-05-26 09:34:19.825    app     info:    [login-window] Login window with state 'Qgt6MjaE69w5bzblwnQpA9n_H5IGfQ-QMySMSzKuAZ0' has been closed
2025-05-26 09:34:19.830    app     info:    [quasar-elg-events] Event sent    type.evetech.net/eve_launcher.electron.authentication.LoginWindowClosed
2025-05-26 09:34:19.915    app     info:    [server-manager] Downloaded 98.22 MiB/4.72 GiB at 1.04 MiB/s
2025-05-26 09:34:20.113    app     info:    [virtual-goods] Fetched Plex status for '31367691' on 'tranquility' (eve-online) with balance: 0
2025-05-26 09:34:20.409    app     info:    info: [LaunchDarkly] Closing stream connection    []
2025-05-26 09:34:20.410    app     info:    info: [LaunchDarkly] Opening stream connection to https://clientstream.launchdarkly.com/eval/64c3d12e27a4b11365012d39/eyJraW5kIjoibXVsdGkiLCJsYXVuY2hlciI6eyJrZXkiOiJlZjNjMWY1Ny03NWI2LTQzNzItODQzNy1kODQ5MTJjMjgyMWUiLCJpc0ZpcnN0UnVuIjpmYWxzZSwiZGF5c1NpbmNlRmlyc3RSdW4iOjczLCJsYW5ndWFnZSI6InJ1IiwiYXBwbGljYXRpb24iOiJldmUtb25saW5lIiwidmVyc2lvbiI6IjEuMTAuMCIsInBsYXRmb3JtIjoid2luZG93cyIsImlzR2VGb3JjZU5vdyI6ZmFsc2UsIm9zVmVyc2lvbkRlcHJlY2F0ZWQiOmZhbHNlLCJ1c2VySWRzIjpbMjM2MjI5MDMsMzEzNjc2OTEsMjM2MjI5MDMsMzEzMjA2NzJdLCJwcm9kdWN0cyI6WyJldmUtb25saW5lIl0sIm9tZWdhQ291bnQiOjAsImFscGhhQ291bnQiOjUsImFjY291bnRDb3VudCI6NSwib2xkZXN0QWNjb3VudEFnZSI6MTU2NywieW91bmdlc3RBY2NvdW50QWdlIjo3MX0sImpvdXJuZXkiOnsia2V5IjoiYjEyMjhlYTAtMzY5MC00ZDk3LWJjZmUtYmQwMjY0OGNkNTZjIiwiYW5vbnltb3VzIjp0cnVlfX0?withReasons=true    []
2025-05-26 09:34:20.417    app     info:    [shared-content] Shared content fetching has been enabled
2025-05-26 09:34:20.932    app     info:    [server-manager] Downloaded 99.03 MiB/4.72 GiB at 436.65 kiB/s
2025-05-26 09:34:21.962    app     info:    [server-manager] Downloaded 99.94 MiB/4.72 GiB at 912.28 kiB/s
2025-05-26 09:34:22.089    app     info:    [customer-information] Agreement status has been fetched for user '31367691'
2025-05-26 09:34:22.121    app     info:    [customer-information] Agreement status has been fetched for user '31367691'
2025-05-26 09:34:22.394    app     warn:    [play-area-content] Invalid product found in play area content    { product: 'eve-frontier' }
2025-05-26 09:34:22.394    app     warn:    [play-area-content] Invalid product found in play area content    { product: 'eve-frontier' }
2025-05-26 09:34:22.394    app     warn:    [play-area-content] Invalid product found in play area content    { product: 'eve-frontier' }
2025-05-26 09:34:22.394    app     warn:    [play-area-content] Invalid product found in play area content    { product: 'eve-frontier' }
2025-05-26 09:34:22.395    app     warn:    [play-area-content] Invalid product found in play area content    { product: 'eve-frontier' }
2025-05-26 09:34:22.395    app     warn:    [play-area-content] Invalid product found in play area content    { product: 'eve-frontier' }
2025-05-26 09:34:22.395    app     warn:    [play-area-content] Invalid product found in play area content    { product: 'eve-frontier' }
2025-05-26 09:34:22.395    app     warn:    [play-area-content] Invalid product found in play area content    { product: 'eve-frontier' }
2025-05-26 09:34:22.677    app     info:    [new-player-content] Resetting content as language not in response    { locale: 'tx' }
2025-05-26 09:34:22.975    app     info:    [server-manager] Downloaded 100.71 MiB/4.72 GiB at 885.25 kiB/s
2025-05-26 09:34:24.052    app     info:    [server-manager] Downloaded 101.74 MiB/4.72 GiB at 1.18 MiB/s
2025-05-26 09:34:24.593    app     info:    [customer-information] Agreement marked as agreed for '31367691'
2025-05-26 09:34:24.600    app     info:    [AuthenticationMiddleware] Updated agreements for 1 users.    { success: 1, failed: [] }
2025-05-26 09:34:24.863    app     info:    info: [LaunchDarkly] Closing stream connection    []
2025-05-26 09:34:24.864    app     info:    info: [LaunchDarkly] Opening stream connection to https://clientstream.launchdarkly.com/eval/64c3d12e27a4b11365012d39/eyJraW5kIjoibXVsdGkiLCJsYXVuY2hlciI6eyJrZXkiOiJlZjNjMWY1Ny03NWI2LTQzNzItODQzNy1kODQ5MTJjMjgyMWUiLCJpc0ZpcnN0UnVuIjpmYWxzZSwiZGF5c1NpbmNlRmlyc3RSdW4iOjczLCJsYW5ndWFnZSI6InJ1IiwiYXBwbGljYXRpb24iOiJldmUtb25saW5lIiwidmVyc2lvbiI6IjEuMTAuMCIsInBsYXRmb3JtIjoid2luZG93cyIsImlzR2VGb3JjZU5vdyI6ZmFsc2UsIm9zVmVyc2lvbkRlcHJlY2F0ZWQiOmZhbHNlLCJ1c2VySWRzIjpbMjM2MjI5MDMsMzEzNjc2OTEsMjM2MjI5MDMsMzEzNjc2OTFdLCJwcm9kdWN0cyI6WyJldmUtb25saW5lIl0sIm9tZWdhQ291bnQiOjAsImFscGhhQ291bnQiOjUsImFjY291bnRDb3VudCI6NSwib2xkZXN0QWNjb3VudEFnZSI6MTU2NywieW91bmdlc3RBY2NvdW50QWdlIjo2MX0sImpvdXJuZXkiOnsia2V5IjoiYjEyMjhlYTAtMzY5MC00ZDk3LWJjZmUtYmQwMjY0OGNkNTZjIiwiYW5vbnltb3VzIjp0cnVlfX0?withReasons=true    []
2025-05-26 09:34:24.871    app     info:    [shared-content] Shared content fetching has been enabled
2025-05-26 09:34:24.891    app     info:    [time-sync] Failed to sync time with 2 servers
2025-05-26 09:34:24.892    app     info:    [time-sync] Compared time with 4 servers. 2 successful, 2 failed.
2025-05-26 09:34:24.892    app     info:    [time-sync] Not showing any warnings because there were errors fetching the time.
2025-05-26 09:34:25.107    app     info:    [server-manager] Downloaded 102.66 MiB/4.72 GiB at 1,017.34 kiB/s
2025-05-26 09:34:25.112    app     info:    [AuthenticationMiddleware] User information updated
2025-05-26 09:34:25.401    app     warn:    [play-area-content] Invalid product found in play area content    { product: 'eve-frontier' }
2025-05-26 09:34:25.401    app     warn:    [play-area-content] Invalid product found in play area content    { product: 'eve-frontier' }
2025-05-26 09:34:25.402    app     warn:    [play-area-content] Invalid product found in play area content    { product: 'eve-frontier' }
2025-05-26 09:34:25.402    app     warn:    [play-area-content] Invalid product found in play area content    { product: 'eve-frontier' }
2025-05-26 09:34:25.402    app     warn:    [play-area-content] Invalid product found in play area content    { product: 'eve-frontier' }
2025-05-26 09:34:25.402    app     warn:    [play-area-content] Invalid product found in play area content    { product: 'eve-frontier' }
2025-05-26 09:34:25.402    app     warn:    [play-area-content] Invalid product found in play area content    { product: 'eve-frontier' }
2025-05-26 09:34:25.402    app     warn:    [play-area-content] Invalid product found in play area content    { product: 'eve-frontier' }
2025-05-26 09:34:26.149    app     info:    [server-manager] Downloaded 103.52 MiB/4.72 GiB at 898.58 kiB/s
2025-05-26 09:34:27.182    app     info:    [server-manager] Downloaded 104.38 MiB/4.72 GiB at 818.01 kiB/s
2025-05-26 09:34:28.191    app     info:    [server-manager] Downloaded 105.22 MiB/4.72 GiB at 864.00 kiB/s
2025-05-26 09:34:28.738    app     info:    [new-player-content] Resetting content as language not in response    { locale: 'tx' }
2025-05-26 09:34:29.228    app     info:    [server-manager] Downloaded 106.15 MiB/4.72 GiB at 932.04 kiB/s
2025-05-26 09:34:30.243    app     info:    [server-manager] Downloaded 106.92 MiB/4.72 GiB at 852.07 kiB/s
2025-05-26 09:34:31.242    app     info:    [server-manager] Downloaded 107.84 MiB/4.72 GiB at 510.98 kiB/s
2025-05-26 09:34:31.406    app     info:    [scheduler] Stopped scheduler foreground
2025-05-26 09:34:31.406    app     info:    [ipc-requests] Handling requests in the background
2025-05-26 09:34:31.871    app     info:    [scheduler] Starting scheduler foreground
2025-05-26 09:34:32.253    app     info:    [server-manager] Downloaded 108.77 MiB/4.72 GiB at 956.18 kiB/s
2025-05-26 09:34:32.408    app     info:    [ipc-requests] No longer handling requests in the background
2025-05-26 09:34:32.468    app     info:    [scheduler] Stopped scheduler foreground
2025-05-26 09:34:32.469    app     info:    [ipc-requests] Handling requests in the background
2025-05-26 09:34:33.278    app     info:    [server-manager] Downloaded 109.69 MiB/4.72 GiB at 892.43 kiB/s
2025-05-26 09:34:33.469    app     info:    [ipc-requests] No longer handling requests in the background
2025-05-26 09:34:34.285    app     info:    [server-manager] Downloaded 110.52 MiB/4.72 GiB at 1.26 MiB/s
2025-05-26 09:34:35.293    app     info:    [server-manager] Downloaded 111.40 MiB/4.72 GiB at 415.17 kiB/s
2025-05-26 09:34:36.307    app     info:    [server-manager] Downloaded 112.27 MiB/4.72 GiB at 782.00 kiB/s
2025-05-26 09:34:37.374    app     info:    [server-manager] Downloaded 113.09 MiB/4.72 GiB at 905.63 kiB/s
2025-05-26 09:34:38.400    app     info:    [server-manager] Downloaded 114.11 MiB/4.72 GiB at 926.49 kiB/s
2025-05-26 09:34:39.430    app     info:    [server-manager] Downloaded 115.04 MiB/4.72 GiB at 254.98 kiB/s
2025-05-26 09:34:40.453    app     info:    [server-manager] Downloaded 115.84 MiB/4.72 GiB at 773.69 kiB/s
2025-05-26 09:34:41.463    app     info:    [server-manager] Downloaded 116.76 MiB/4.72 GiB at 896.00 kiB/s
2025-05-26 09:34:42.470    app     info:    [server-manager] Downloaded 117.71 MiB/4.72 GiB at 978.59 kiB/s
2025-05-26 09:34:43.506    app     info:    [server-manager] Downloaded 118.66 MiB/4.72 GiB at 906.25 kiB/s
2025-05-26 09:34:44.525    app     info:    [server-manager] Downloaded 119.54 MiB/4.72 GiB at 1.04 MiB/s
2025-05-26 09:34:45.565    app     info:    [server-manager] Downloaded 120.48 MiB/4.72 GiB at 1.01 MiB/s
2025-05-26 09:34:46.588    app     info:    [server-manager] Downloaded 121.34 MiB/4.72 GiB at 856.24 kiB/s
2025-05-26 09:34:47.618    app     info:    [server-manager] Downloaded 122.21 MiB/4.72 GiB at 1.42 MiB/s
2025-05-26 09:34:48.617    app     info:    [server-manager] Downloaded 123.19 MiB/4.72 GiB at 480.00 kiB/s
2025-05-26 09:34:49.622    app     info:    [server-manager] Downloaded 124.09 MiB/4.72 GiB at 523.20 kiB/s
2025-05-26 09:34:50.646    app     info:    [server-manager] Downloaded 125.04 MiB/4.72 GiB at 945.00 kiB/s
2025-05-26 09:34:51.652    app     info:    [server-manager] Downloaded 125.94 MiB/4.72 GiB at 938.00 kiB/s
2025-05-26 09:34:52.665    app     info:    [server-manager] Downloaded 126.86 MiB/4.72 GiB at 1,005.89 kiB/s
2025-05-26 09:34:53.686    app     info:    [server-manager] Downloaded 127.82 MiB/4.72 GiB at 1,007.87 kiB/s
2025-05-26 09:34:54.710    app     info:    [server-manager] Downloaded 128.73 MiB/4.72 GiB at 852.38 kiB/s
2025-05-26 09:34:55.741    app     info:    [server-manager] Downloaded 129.64 MiB/4.72 GiB at 484.75 kiB/s
2025-05-26 09:34:56.747    app     info:    [server-manager] Downloaded 130.61 MiB/4.72 GiB at 960.00 kiB/s
2025-05-26 09:34:57.804    app     info:    [server-manager] Downloaded 131.53 MiB/4.72 GiB at 808.76 kiB/s
2025-05-26 09:34:58.868    app     info:    [server-manager] Downloaded 132.54 MiB/4.72 GiB at 905.11 kiB/s
2025-05-26 09:34:59.929    app     info:    [server-manager] Downloaded 133.47 MiB/4.72 GiB at 843.16 kiB/s
2025-05-26 09:35:00.934    app     info:    [server-manager] Downloaded 134.40 MiB/4.72 GiB at 467.38 kiB/s
2025-05-26 09:35:01.942    app     info:    [server-manager] Downloaded 135.34 MiB/4.72 GiB at 823.76 kiB/s
2025-05-26 09:35:02.995    app     info:    [server-manager] Downloaded 136.25 MiB/4.72 GiB at 919.54 kiB/s
2025-05-26 09:35:04.025    app     info:    [server-manager] Downloaded 137.23 MiB/4.72 GiB at 929.49 kiB/s
2025-05-26 09:35:04.480    app     info:    [scheduler] Starting scheduler foreground
2025-05-26 09:35:05.014    app     info:    [scheduler] Stopped scheduler foreground
2025-05-26 09:35:05.015    app     info:    [ipc-requests] Handling requests in the background
2025-05-26 09:35:05.036    app     info:    [server-manager] Downloaded 138.09 MiB/4.72 GiB at 966.45 kiB/s
2025-05-26 09:35:05.781    app     info:    [scheduler] Starting scheduler foreground
2025-05-26 09:35:06.017    app     info:    [ipc-requests] No longer handling requests in the background
2025-05-26 09:35:06.088    app     info:    [server-manager] Downloaded 139.07 MiB/4.72 GiB at 1,021.27 kiB/s
2025-05-26 09:35:07.093    app     info:    [server-manager] Downloaded 140.00 MiB/4.72 GiB at 926.15 kiB/s
2025-05-26 09:35:08.156    app     info:    [server-manager] Downloaded 140.91 MiB/4.72 GiB at 854.54 kiB/s
2025-05-26 09:35:09.161    app     info:    [server-manager] Downloaded 141.85 MiB/4.72 GiB at 928.00 kiB/s
2025-05-26 09:35:10.182    app     info:    [server-manager] Downloaded 142.76 MiB/4.72 GiB at 839.95 kiB/s
2025-05-26 09:35:11.189    app     info:    [server-manager] Downloaded 143.71 MiB/4.72 GiB at 988.05 kiB/s
2025-05-26 09:35:11.246    app     info:    [tray] Quitting application from tray
2025-05-26 09:35:11.251    app     info:    Application quitting. Cleanup needed: true
2025-05-26 09:35:11.257    app     info:    [quasar-elg-events] Queueing shutdown event    eve_launcher.electron.application.LauncherShutdown
2025-05-26 09:35:11.264    app     info:    app.quit called, but we are still sending ELG events.
2025-05-26 09:35:11.266    app     info:    [quasar-elg-events] Event sent    type.evetech.net/eve_launcher.electron.application.LauncherShutdown
2025-05-26 09:35:11.516    app     info:    [quasar-elg-events] Shutdown event timeout passed
2025-05-26 09:35:11.516    app     info:    ELG stream closed, quitting
2025-05-26 09:35:11.517    app     info:    [window-manager] Stopped forwarding events to window manager, as the window closed    { windowId: 2 }
2025-05-26 09:35:11.518    app     info:    [window-manager-minimize] Main window is closing    { windowId: 2 }
2025-05-26 09:35:11.518    app     info:    [quasar-elg-events] gRPC connection aborted
2025-05-26 09:35:11.519    app     info:    ELG stream closed, quitting
2025-05-26 09:35:11.533    app     info:    [scheduler] Stopped scheduler foreground
2025-05-26 09:35:11.533    app     info:    [ipc-requests] Handling requests in the background
2025-05-26 09:35:11.594    app     info:    [window-manager] Main window closed    { windowId: 2 }
2025-05-26 09:35:11.595    app     info:    Application closed    0
