2025-05-21 06:01:00.825    app     info:    [migrations] Running state migrations from 202403271440 to 202403271440
2025-05-21 06:01:00.992    app     info:    [self-update] Configuring update feed.
2025-05-21 06:01:00.993    app     info:    [self-update] Update feed set to: https://launcher.ccpgames.com/eve-online/release/win32/x64/
2025-05-21 06:01:01.141    app     info:    Startup arguments    []
2025-05-21 06:01:01.219    app     info:    [self-update] Auto-updating is now enabled
2025-05-21 06:01:01.222    app     info:    [migrations] Running state migrations from 202403271440 to 202403271440
2025-05-21 06:01:01.230    app    error:    (node:9728) [DEP0180] DeprecationWarning: fs.Stats constructor is deprecated.
(Use `eve-online --trace-deprecation ...` to show where the warning was created)    []
2025-05-21 06:01:01.231    app     info:    [third-party-authentications] Checking for Steam startup
2025-05-21 06:01:01.455    app     warn:    [steam-auth] Failed to initialize Steamworks client: GenericFailure
2025-05-21 06:01:01.459    app     info:    [third-party-authentications] Done checking third party startups
2025-05-21 06:01:01.981    app     info:    [migrations] Running secured-state migrations from 202406060001 to 202406060001
2025-05-21 06:01:02.148    app     info:    [i18next] Changed language    ru
2025-05-21 06:01:02.532    app     info:    [cache-protocol] Found 32 entries to remove
2025-05-21 06:01:02.548    app     info:    [cache-protocol] Cleaned 32 entries
2025-05-21 06:01:02.549    app     info:    [cache-protocol] Checking 32 folders to clean
2025-05-21 06:01:02.673    app     info:    [quasar-elg-events] Queueing event    eve_launcher.electron.application.LauncherStarted
2025-05-21 06:01:02.763    app     info:    [analytics] Application name:    EVE Online
2025-05-21 06:01:02.763    app     info:    [analytics] Application version:    1.10.0
2025-05-21 06:01:02.763    app     info:    [analytics] Domain    undefined
2025-05-21 06:01:02.764    app     info:    [analytics] Working directory    C:\Games\Eve Online\app-1.10.0
2025-05-21 06:01:02.765    app     info:    [analytics] Username contains UTF8?    false
2025-05-21 06:01:03.547    app     info:    [quasar-elg-events] Queueing event    eve_launcher.electron.application.PdmLoaded
2025-05-21 06:01:03.562    app     info:    [quasar-elg-events] Queueing event    eve_launcher.electron.application.CoreDataLoaded
2025-05-21 06:01:03.567    app     info:    [analytics] Operating system    { type: 'Windows', name: 'Windows 10 Home', version: '10.0 (19045)' }
2025-05-21 06:01:03.567    app     info:    [analytics] Encryption available:    true
2025-05-21 06:01:03.568    app     info:    [analytics] Machine UUID    B7B2A471-C4FE-4353-880B-870CE29AC3D8
2025-05-21 06:01:03.568    app     info:    [analytics] PDM Version    2.1.4
2025-05-21 06:01:03.568    app     info:    [analytics] Release channel    release
2025-05-21 06:01:03.568    app     info:    [initializers] Shared cache directory set to    C:\Games\EVE
2025-05-21 06:01:03.575    app     info:    [initializers] Shared cache drive free space: 42.30 GiB / 237.84 GiB
2025-05-21 06:01:03.578    app     info:    [shared-cache] Looking for profiles in 'c_games_eve_tq_tranquility'...
2025-05-21 06:01:03.578    app     info:    [shared-cache] Looking for profiles in 'c_games_eve_sisi_singularity'...
2025-05-21 06:01:03.578    app     info:    [shared-cache] Looking for profiles in 'c_games_eve_thunderdome_thunderdome'...
2025-05-21 06:01:03.578    app     info:    [feature-flags] Initializing feature flag client
2025-05-21 06:01:03.610    app     info:    [migrations] Running file-system migrations from 202408021525 to 202408021525
2025-05-21 06:01:03.614    app     info:    [scheduler] Starting scheduler background
2025-05-21 06:01:03.634    app    error:    (node:9728) MaxListenersExceededWarning: Possible EventEmitter memory leak detected. 11 scheduler/triggered listeners added to [IpcMainImpl]. MaxListeners is 10. Use emitter.setMaxListeners() to increase limit    []
2025-05-21 06:01:03.642    app     info:    [shared-cache] No profiles found on disk
2025-05-21 06:01:03.655    app     info:    [customer-information] Agreements have been updated
2025-05-21 06:01:03.697    app     info:    [analytics] Hardware rendering enabled:    true    { disabledViaCommandline: false, disabledViaSettings: true }
2025-05-21 06:01:03.727    app     info:    [first-run] Application has been run before: 2025-03-14T09:16:58.327Z
2025-05-21 06:01:03.824    app     info:    [quasar-elg-events] Event sent    type.evetech.net/eve_launcher.electron.application.LauncherStarted
2025-05-21 06:01:03.827    app     info:    [quasar-elg-events] Event sent    type.evetech.net/eve_launcher.electron.application.PdmLoaded
2025-05-21 06:01:03.834    app     info:    [quasar-elg-events] Event sent    type.evetech.net/eve_launcher.electron.application.CoreDataLoaded
2025-05-21 06:01:03.894    app     info:    info: [LaunchDarkly] LaunchDarkly client initialized    []
2025-05-21 06:01:03.895    app     info:    info: [LaunchDarkly] Opening stream connection to https://clientstream.launchdarkly.com/eval/64c3d12e27a4b11365012d39/eyJraW5kIjoibXVsdGkiLCJsYXVuY2hlciI6eyJrZXkiOiJlZjNjMWY1Ny03NWI2LTQzNzItODQzNy1kODQ5MTJjMjgyMWUiLCJpc0ZpcnN0UnVuIjpmYWxzZSwiZGF5c1NpbmNlRmlyc3RSdW4iOjY3LCJsYW5ndWFnZSI6InJ1IiwiYXBwbGljYXRpb24iOiJldmUtb25saW5lIiwidmVyc2lvbiI6IjEuMTAuMCIsInBsYXRmb3JtIjoid2luZG93cyIsImlzR2VGb3JjZU5vdyI6ZmFsc2UsIm9zVmVyc2lvbkRlcHJlY2F0ZWQiOmZhbHNlLCJ1c2VySWRzIjpbMjM2MjI5MDMsMzEzMjA2NzIsMjM2MjI5MDMsMzEzMjA2NzJdLCJwcm9kdWN0cyI6WyJldmUtb25saW5lIl0sIm9tZWdhQ291bnQiOjAsImFscGhhQ291bnQiOjMsImFjY291bnRDb3VudCI6Mywib2xkZXN0QWNjb3VudEFnZSI6MTU2MiwieW91bmdlc3RBY2NvdW50QWdlIjo2Nn0sImpvdXJuZXkiOnsia2V5IjoiYjEyMjhlYTAtMzY5MC00ZDk3LWJjZmUtYmQwMjY0OGNkNTZjIiwiYW5vbnltb3VzIjp0cnVlfX0?withReasons=true    []
2025-05-21 06:01:03.898    app     info:    [feature-flags] Client ef3c1f57... ready, fetching flags
2025-05-21 06:01:03.900    app     info:    [self-update] Auto-updating is now enabled
2025-05-21 06:01:03.900    app     info:    [quasar-manager] Quasar (EPG) feature flag is enabled
2025-05-21 06:01:03.905    app     info:    [feature-flags] Received 39 flags for client ef3c1f57...
2025-05-21 06:01:03.905    app     info:    [feature-flags] Client initialized with key ef3c1f57...
2025-05-21 06:01:03.909    app     info:    [quasar-manager] Quasar (EPG) feature flag is enabled
2025-05-21 06:01:03.913    app     info:    [self-update] Configuring update feed.
2025-05-21 06:01:03.914    app     info:    [self-update] Update feed set to: https://launcher.ccpgames.com/eve-online/release/win32/x64/
2025-05-21 06:01:03.914    app     info:    [self-update] Auto-updating is now enabled
2025-05-21 06:01:04.293    app     warn:    (electron) 'console-message' arguments are deprecated and will be removed. Please use Event<WebContentsConsoleMessageEventParams> object instead.    []
2025-05-21 06:01:04.320    app     info:    [quasar-elg-events] Queueing event    eve_launcher.electron.application.RendererLoaded
2025-05-21 06:01:04.320    app     info:    [quasar-elg-events] Event sent    type.evetech.net/eve_launcher.electron.application.RendererLoaded
2025-05-21 06:01:04.321    app     info:    [scheduler] Starting scheduler foreground
2025-05-21 06:01:04.344    app     info:    [newsfeed] Fetching news for eve-online in ru
2025-05-21 06:01:04.355    app     info:    [shared-cache-cleaner] Removing unused files from the shared cache
2025-05-21 06:01:04.385    app     info:    [content-delivery-trace] Fetching CDN trace data from https://binaries.eveonline.com/cdn-cgi/trace
2025-05-21 06:01:04.409    app     info:    [creatives] Requesting creatives for eve-online
2025-05-21 06:01:04.412    app     info:    [authentication] Token for '31320672' on 'tranquility' is expired, refresh is required
2025-05-21 06:01:04.412    app     info:    [authentication] Refreshing token for '31320672' on 'tranquility'
2025-05-21 06:01:04.412    app     info:    [authentication] Token for '31320672' on 'tranquility' is expired, refresh is required
2025-05-21 06:01:04.413    app     info:    [authentication] Refreshing token for '31320672' on 'tranquility'
2025-05-21 06:01:04.432    app     info:    [window-manager] Main window registered    { windowId: 2 }
2025-05-21 06:01:04.437    app    error:    [shared-cache-cleaner] Failed to get all manifests from disk    [
  g [ManifestCombineError]: Binary manifest missing for eve-online: tranquility
      at k (C:\Program Files (x86)\Steam\steamapps\common\Eve Online\app-1.10.0\resources\app.asar\.webpack\main\index.js:8:1940005) {
    product: 'eve-online',
    tenant: 'tranquility'
  }
]
2025-05-21 06:01:04.438    app    error:    [shared-cache-cleaner] Failed to remove unused files from the shared cache Failed to get all manifests from disk    i [LauncherError]: Failed to get all manifests from disk
    at C:\Program Files (x86)\Steam\steamapps\common\Eve Online\app-1.10.0\resources\app.asar\.webpack\main\index.js:8:2068385
2025-05-21 06:01:04.460     ui     info:    [i18next] Requesting missing translation ru readnought title title    ccp://launcher/renderer/main_window/index.js    2
2025-05-21 06:01:04.528    app     info:    [jukebox] Fetched 2 jukebox playlists
2025-05-21 06:01:04.703    app     info:    [new-player-content] Resetting content as language not in response    { locale: 'tx' }
2025-05-21 06:01:05.297    app     warn:    [authentication] Refresh token for '31320672' on 'tranquility' is invalid
2025-05-21 06:01:05.304    app    error:    [authentication] Could not refresh token for '31320672' on 'tranquility' SSO responded with an invalid status code: 400 - Bad Request    Q [InvalidGrantResponseError]: SSO responded with an invalid status code: 400 - Bad Request
    at P (C:\Program Files (x86)\Steam\steamapps\common\Eve Online\app-1.10.0\resources\app.asar\.webpack\main\index.js:8:1883247)
    at process.processTicksAndRejections (node:internal/process/task_queues:105:5)
    at async C:\Program Files (x86)\Steam\steamapps\common\Eve Online\app-1.10.0\resources\app.asar\.webpack\main\index.js:8:3028333
    at async Promise.allSettled (index 1) {
  body: '{"error":"invalid_grant","error_description":"Invalid refresh token. Token missing/expired."}'
}
2025-05-21 06:01:05.309    app    error:    [AuthenticationMiddleware] Could not update data on active user change SSO responded with an invalid status code: 400 - Bad Request    Q [InvalidGrantResponseError]: SSO responded with an invalid status code: 400 - Bad Request
    at P (C:\Program Files (x86)\Steam\steamapps\common\Eve Online\app-1.10.0\resources\app.asar\.webpack\main\index.js:8:1883247)
    at process.processTicksAndRejections (node:internal/process/task_queues:105:5)
    at async C:\Program Files (x86)\Steam\steamapps\common\Eve Online\app-1.10.0\resources\app.asar\.webpack\main\index.js:8:3028333
    at async Promise.allSettled (index 1) {
  body: '{"error":"invalid_grant","error_description":"Invalid refresh token. Token missing/expired."}'
}
2025-05-21 06:01:05.428    app     info:    [authentication] Token for '23622903' on 'tranquility' is expired, refresh is required
2025-05-21 06:01:05.429    app     info:    [authentication] Refreshing token for '23622903' on 'tranquility'
2025-05-21 06:01:05.429    app     info:    [authentication] Token for '29795975' on 'tranquility' is expired, refresh is required
2025-05-21 06:01:05.430    app     info:    [authentication] Refreshing token for '29795975' on 'tranquility'
2025-05-21 06:01:05.430    app    error:    [authentication] Could not refresh token for '31320672' on 'tranquility' Tokens for '31320672' on 'tranquility' are invalid, refresh was skipped    h [InvalidTokenError]: Tokens for '31320672' on 'tranquility' are invalid, refresh was skipped
    at P (C:\Program Files (x86)\Steam\steamapps\common\Eve Online\app-1.10.0\resources\app.asar\.webpack\main\index.js:8:1882553)
    at C:\Program Files (x86)\Steam\steamapps\common\Eve Online\app-1.10.0\resources\app.asar\.webpack\main\index.js:8:3033052
    at process.processTicksAndRejections (node:internal/process/task_queues:105:5)
2025-05-21 06:01:05.431    app     info:    [AuthenticationMiddleware] Refreshed 3 / 3 users for tranquility on eve-online
2025-05-21 06:01:05.442    app     info:    [server-manager] Starting refresh cycle for eve-online / Tranquility
2025-05-21 06:01:05.588    app     warn:    [authentication] Refresh token for '23622903' on 'tranquility' is invalid
2025-05-21 06:01:05.594    app    error:    [authentication] Could not refresh token for '23622903' on 'tranquility' SSO responded with an invalid status code: 400 - Bad Request    Q [InvalidGrantResponseError]: SSO responded with an invalid status code: 400 - Bad Request
    at P (C:\Program Files (x86)\Steam\steamapps\common\Eve Online\app-1.10.0\resources\app.asar\.webpack\main\index.js:8:1883247)
    at process.processTicksAndRejections (node:internal/process/task_queues:105:5)
    at async Promise.allSettled (index 0) {
  body: '{"error":"invalid_grant","error_description":"Invalid refresh token. Token missing/expired."}'
}
2025-05-21 06:01:05.648    app     info:    [server-manager] Previous Tranquility build: 2866918, current build: 2911964
2025-05-21 06:01:05.654    app     info:    [quasar-elg-events] Queueing event    eve_launcher.electron.eve_client.GameClientUpdateStarted
2025-05-21 06:01:05.655    app     info:    [server-manager] Starting download of build 2911964 for Tranquility.
2025-05-21 06:01:05.672    app     info:    [quasar-elg-events] Event sent    type.evetech.net/eve_launcher.electron.eve_client.GameClientUpdateStarted
2025-05-21 06:01:05.801    app     info:    [server-manager] Downloading binary chunks in 19 files (198 MB)
2025-05-21 06:01:05.803    app     info:    [download-from-manifest] Preparing to download 19 files    { cdn: 1, concurrent: 10 }
2025-05-21 06:01:05.839    app     info:    [creatives] Received 2 creatives for eve-online
2025-05-21 06:01:06.333    app     warn:    [play-area-content] Invalid product found in play area content    { product: 'eve-frontier' }
2025-05-21 06:01:06.334    app     warn:    [play-area-content] Invalid product found in play area content    { product: 'eve-frontier' }
2025-05-21 06:01:06.334    app     warn:    [play-area-content] Invalid product found in play area content    { product: 'eve-frontier' }
2025-05-21 06:01:06.335    app     warn:    [play-area-content] Invalid product found in play area content    { product: 'eve-frontier' }
2025-05-21 06:01:06.336    app     warn:    [play-area-content] Invalid product found in play area content    { product: 'eve-frontier' }
2025-05-21 06:01:06.336    app     warn:    [play-area-content] Invalid product found in play area content    { product: 'eve-frontier' }
2025-05-21 06:01:06.337    app     warn:    [play-area-content] Invalid product found in play area content    { product: 'eve-frontier' }
2025-05-21 06:01:06.338    app     warn:    [play-area-content] Invalid product found in play area content    { product: 'eve-frontier' }
2025-05-21 06:01:06.613    app     warn:    [authentication] Refresh token for '31320672' on 'tranquility' is invalid
2025-05-21 06:01:06.619    app    error:    [authentication] Could not refresh token for '31320672' on 'tranquility' SSO responded with an invalid status code: 400 - Bad Request    Q [InvalidGrantResponseError]: SSO responded with an invalid status code: 400 - Bad Request
    at P (C:\Program Files (x86)\Steam\steamapps\common\Eve Online\app-1.10.0\resources\app.asar\.webpack\main\index.js:8:1883247)
    at process.processTicksAndRejections (node:internal/process/task_queues:105:5)
    at async C (C:\Program Files (x86)\Steam\steamapps\common\Eve Online\app-1.10.0\resources\app.asar\.webpack\main\index.js:8:1951199)
    at async Promise.allSettled (index 0) {
  body: '{"error":"invalid_grant","error_description":"Invalid refresh token. Token missing/expired."}'
}
2025-05-21 06:01:07.991     ui     info:    Initializing captcha    ccp://launcher/renderer/main_window/index.js    2
2025-05-21 06:01:08.086    app     info:    [newsfeed] Fetched 20 news items for eve-online in ru
2025-05-21 06:01:09.355    app     info:    [self-update] Checking for application updates.
2025-05-21 06:01:09.794    app     info:    [server-manager] Downloaded 228.65 kiB/189.18 MiB at 50.97 kiB/s
2025-05-21 06:01:10.230    app     warn:    [authentication] Refresh token for '29795975' on 'tranquility' is invalid
2025-05-21 06:01:10.235    app    error:    [authentication] Could not refresh token for '29795975' on 'tranquility' SSO responded with an invalid status code: 400 - Bad Request    Q [InvalidGrantResponseError]: SSO responded with an invalid status code: 400 - Bad Request
    at P (C:\Program Files (x86)\Steam\steamapps\common\Eve Online\app-1.10.0\resources\app.asar\.webpack\main\index.js:8:1883247)
    at process.processTicksAndRejections (node:internal/process/task_queues:105:5)
    at async Promise.allSettled (index 1) {
  body: '{"error":"invalid_grant","error_description":"Invalid refresh token. Token missing/expired."}'
}
2025-05-21 06:01:10.239    app     info:    [AuthenticationMiddleware] Successfully restored 0 / 3 users
2025-05-21 06:01:10.800    app     info:    [server-manager] Downloaded 916.54 kiB/189.18 MiB at 599.01 kiB/s
2025-05-21 06:01:11.817    app     info:    [server-manager] Downloaded 1.49 MiB/189.18 MiB at 278.65 kiB/s
2025-05-21 06:01:12.850    app     info:    [server-manager] Downloaded 2.39 MiB/189.18 MiB at 1.26 MiB/s
2025-05-21 06:01:13.865    app     info:    [server-manager] Downloaded 2.89 MiB/189.18 MiB at 557.61 kiB/s
2025-05-21 06:01:14.912    app     info:    [server-manager] Downloaded 3.56 MiB/189.18 MiB at 718.56 kiB/s
2025-05-21 06:01:15.950    app     info:    [server-manager] Downloaded 4.15 MiB/189.18 MiB at 489.26 kiB/s
2025-05-21 06:01:16.567    app    error:    [authentication] Could not refresh token for '23622903' on 'tranquility' Tokens for '23622903' on 'tranquility' are invalid, refresh was skipped    h [InvalidTokenError]: Tokens for '23622903' on 'tranquility' are invalid, refresh was skipped
    at P (C:\Program Files (x86)\Steam\steamapps\common\Eve Online\app-1.10.0\resources\app.asar\.webpack\main\index.js:8:1882553)
    at C:\Program Files (x86)\Steam\steamapps\common\Eve Online\app-1.10.0\resources\app.asar\.webpack\main\index.js:8:3028347
    at C:\Program Files (x86)\Steam\steamapps\common\Eve Online\app-1.10.0\resources\app.asar\.webpack\main\index.js:8:2330516
    at C:\Program Files (x86)\Steam\steamapps\common\Eve Online\app-1.10.0\resources\app.asar\.webpack\main\index.js:8:3032114
2025-05-21 06:01:16.567    app    error:    [AuthenticationMiddleware] Could not update data on active user change Tokens for '23622903' on 'tranquility' are invalid, refresh was skipped    h [InvalidTokenError]: Tokens for '23622903' on 'tranquility' are invalid, refresh was skipped
    at P (C:\Program Files (x86)\Steam\steamapps\common\Eve Online\app-1.10.0\resources\app.asar\.webpack\main\index.js:8:1882553)
    at C:\Program Files (x86)\Steam\steamapps\common\Eve Online\app-1.10.0\resources\app.asar\.webpack\main\index.js:8:3028347
    at C:\Program Files (x86)\Steam\steamapps\common\Eve Online\app-1.10.0\resources\app.asar\.webpack\main\index.js:8:2330516
    at C:\Program Files (x86)\Steam\steamapps\common\Eve Online\app-1.10.0\resources\app.asar\.webpack\main\index.js:8:3032114
2025-05-21 06:01:16.965    app     info:    [server-manager] Downloaded 4.93 MiB/189.18 MiB at 846.81 kiB/s
2025-05-21 06:01:17.990    app     info:    [server-manager] Downloaded 5.72 MiB/189.18 MiB at 223.12 kiB/s
2025-05-21 06:01:18.867    app     info:    [authentication] Generated login URL with state 'Z7QFt4nq-jNqy-zsf4lUD2TWESvWc52YO3PjyN4cB40' for 'tranquility' using clientID 'eveLauncherTQ'
2025-05-21 06:01:18.883    app     info:    [login-window] Creating login window using URI 'https://login.eveonline.com/account/logoff?lang=en&ReturnUrl=%2Fv2%2Foauth%2Fauthorize%3Fresponse_type%3Dcode%26client_id%3DeveLauncherTQ%26scope%3DeveClientLogin%2Bcisservice.customerRead.v1%2Bcisservice.customerWrite.v1%2Bcisservice.userProfileBasic.v1%2Bvgs.transactionRead.v1%2Bvgs.marketAccess.v1%26redirect_uri%3Dhttps%253A%252F%252Flogin.eveonline.com%252Flauncher%253Fclient_id%253DeveLauncherTQ%26state%3DZ7QFt4nq-jNqy-zsf4lUD2TWESvWc52YO3PjyN4cB40%26code_challenge_method%3DS256%26code_challenge%3D2wqX9kzvwUn09d6IZ4WE8ip5oMxmJic7UkLGX6b9Zf4'
2025-05-21 06:01:19.065    app     info:    [server-manager] Downloaded 6.36 MiB/189.18 MiB at 684.15 kiB/s
2025-05-21 06:01:20.094    app     info:    [server-manager] Downloaded 7.16 MiB/189.18 MiB at 854.78 kiB/s
2025-05-21 06:01:21.148    app     info:    [server-manager] Downloaded 7.73 MiB/189.18 MiB at 944.88 kiB/s
2025-05-21 06:01:22.180    app     info:    [server-manager] Downloaded 8.06 MiB/189.18 MiB at 362.25 kiB/s
2025-05-21 06:01:23.191    app     info:    [server-manager] Downloaded 8.75 MiB/189.18 MiB at 661.42 kiB/s
2025-05-21 06:01:24.213    app     info:    [server-manager] Downloaded 9.47 MiB/189.18 MiB at 995.79 kiB/s
2025-05-21 06:01:25.325    app     info:    [server-manager] Downloaded 10.00 MiB/189.18 MiB at 377.74 kiB/s
2025-05-21 06:01:26.337    app     info:    [server-manager] Downloaded 10.90 MiB/189.18 MiB at 798.45 kiB/s
2025-05-21 06:01:27.435    app     info:    [server-manager] Downloaded 11.51 MiB/189.18 MiB at 349.17 kiB/s
2025-05-21 06:01:28.462    app     info:    [server-manager] Downloaded 12.33 MiB/189.18 MiB at 407.05 kiB/s
2025-05-21 06:01:29.492    app     info:    [server-manager] Downloaded 13.25 MiB/189.18 MiB at 1.36 MiB/s
2025-05-21 06:01:30.416    app     info:    [tray] Quitting application from tray
2025-05-21 06:01:30.421    app     info:    Application quitting. Cleanup needed: true
2025-05-21 06:01:30.427    app     info:    [quasar-elg-events] Queueing shutdown event    eve_launcher.electron.application.LauncherShutdown
2025-05-21 06:01:30.433    app     info:    app.quit called, but we are still sending ELG events.
2025-05-21 06:01:30.434    app     info:    [quasar-elg-events] Event sent    type.evetech.net/eve_launcher.electron.application.LauncherShutdown
2025-05-21 06:01:30.503    app     info:    [server-manager] Downloaded 14.17 MiB/189.18 MiB at 464.20 kiB/s
2025-05-21 06:01:30.760    app     info:    [quasar-elg-events] Shutdown event timeout passed
2025-05-21 06:01:30.761    app     info:    ELG stream closed, quitting
2025-05-21 06:01:30.762    app     info:    [window-manager] Stopped forwarding events to window manager, as the window closed    { windowId: 2 }
2025-05-21 06:01:30.763    app     info:    [window-manager-minimize] Main window is closing    { windowId: 2 }
2025-05-21 06:01:30.764    app     info:    [login-window] Main window closed, closing login window
2025-05-21 06:01:30.793    app     info:    [quasar-elg-events] gRPC connection aborted
2025-05-21 06:01:30.816    app     info:    ELG stream closed, quitting
2025-05-21 06:01:30.823    app     info:    [quasar-elg-events] Queueing event    eve_launcher.electron.authentication.LoginWindowClosed
2025-05-21 06:01:30.823    app     info:    [login-window] Login window with state 'Z7QFt4nq-jNqy-zsf4lUD2TWESvWc52YO3PjyN4cB40' has been closed
2025-05-21 06:01:30.823    app    error:    [login-window] Could not load the login page: 'https://login.eveonline.com/account/logoff?lang=en&ReturnUrl=%2Fv2%2Foauth%2Fauthorize%3Fresponse_type%3Dcode%26client_id%3DeveLauncherTQ%26scope%3DeveClientLogin%2Bcisservice.customerRead.v1%2Bcisservice.customerWrite.v1%2Bcisservice.userProfileBasic.v1%2Bvgs.transactionRead.v1%2Bvgs.marketAccess.v1%26redirect_uri%3Dhttps%253A%252F%252Flogin.eveonline.com%252Flauncher%253Fclient_id%253DeveLauncherTQ%26state%3DZ7QFt4nq-jNqy-zsf4lUD2TWESvWc52YO3PjyN4cB40%26code_challenge_method%3DS256%26code_challenge%3D2wqX9kzvwUn09d6IZ4WE8ip5oMxmJic7UkLGX6b9Zf4' ERR_FAILED (-2) loading 'https://login.eveonline.com/account/logoff?lang=en&ReturnUrl=%2Fv2%2Foauth%2Fauthorize%3Fresponse_type%3Dcode%26client_id%3DeveLauncherTQ%26scope%3DeveClientLogin%2Bcisservice.customerRead.v1%2Bcisservice.customerWrite.v1%2Bcisservice.userProfileBasic.v1%2Bvgs.transactionRead.v1%2Bvgs.marketAccess.v1%26redirect_uri%3Dhttps%253A%252F%252Flogin.eveonline.com%252Flauncher%253Fclient_id%253DeveLauncherTQ%26state%3DZ7QFt4nq-jNqy-zsf4lUD2TWESvWc52YO3PjyN4cB40%26code_challenge_method%3DS256%26code_challenge%3D2wqX9kzvwUn09d6IZ4WE8ip5oMxmJic7UkLGX6b9Zf4'    Error: ERR_FAILED (-2) loading 'https://login.eveonline.com/account/logoff?lang=en&ReturnUrl=%2Fv2%2Foauth%2Fauthorize%3Fresponse_type%3Dcode%26client_id%3DeveLauncherTQ%26scope%3DeveClientLogin%2Bcisservice.customerRead.v1%2Bcisservice.customerWrite.v1%2Bcisservice.userProfileBasic.v1%2Bvgs.transactionRead.v1%2Bvgs.marketAccess.v1%26redirect_uri%3Dhttps%253A%252F%252Flogin.eveonline.com%252Flauncher%253Fclient_id%253DeveLauncherTQ%26state%3DZ7QFt4nq-jNqy-zsf4lUD2TWESvWc52YO3PjyN4cB40%26code_challenge_method%3DS256%26code_challenge%3D2wqX9kzvwUn09d6IZ4WE8ip5oMxmJic7UkLGX6b9Zf4'
    at rejectAndCleanup (node:electron/js2c/browser_init:2:79523)
    at finishListener (node:electron/js2c/browser_init:2:79685)
    at WebContents.stopLoadingListener (node:electron/js2c/browser_init:2:80072)
    at WebContents.emit (node:events:530:35)
    at e.emit (C:\Program Files (x86)\Steam\steamapps\common\Eve Online\app-1.10.0\resources\app.asar\.webpack\main\index.js:8:3235798) {
  errno: -2,
  code: 'ERR_FAILED',
  url: 'https://login.eveonline.com/account/logoff?lang=en&ReturnUrl=%2Fv2%2Foauth%2Fauthorize%3Fresponse_type%3Dcode%26client_id%3DeveLauncherTQ%26scope%3DeveClientLogin%2Bcisservice.customerRead.v1%2Bcisservice.customerWrite.v1%2Bcisservice.userProfileBasic.v1%2Bvgs.transactionRead.v1%2Bvgs.marketAccess.v1%26redirect_uri%3Dhttps%253A%252F%252Flogin.eveonline.com%252Flauncher%253Fclient_id%253DeveLauncherTQ%26state%3DZ7QFt4nq-jNqy-zsf4lUD2TWESvWc52YO3PjyN4cB40%26code_challenge_method%3DS256%26code_challenge%3D2wqX9kzvwUn09d6IZ4WE8ip5oMxmJic7UkLGX6b9Zf4'
}
2025-05-21 06:01:31.054    app     info:    [scheduler] Stopped scheduler foreground
2025-05-21 06:01:31.055    app     info:    [ipc-requests] Handling requests in the background
2025-05-21 06:01:31.087    app     info:    [window-manager] Main window closed    { windowId: 2 }
2025-05-21 06:01:31.088    app     info:    Application closed    0
