2025-05-25 13:32:13.235    app     info:    [migrations] Running state migrations from 202403271440 to 202403271440
2025-05-25 13:32:13.360    app     info:    [self-update] Configuring update feed.
2025-05-25 13:32:13.360    app     info:    [self-update] Update feed set to: https://launcher.ccpgames.com/eve-online/release/win32/x64/
2025-05-25 13:32:13.381    app     info:    Startup arguments    [
  'eveonline://callback/?client_id=eveLauncherTQ&code=jGb2sHplX0SHsdh7jnDfpw&state=zODjXtIIiYE6pzh95paZJ32xPRx5q4Qgk-CLbjtThM4&remember=true'
]
2025-05-25 13:32:13.543    app     info:    EVE Online Launcher is already running. This instance will now be closed.
2025-05-25 13:32:13.545    app     info:    Application quitting. Cleanup needed: true
2025-05-25 13:32:13.572    app     info:    [quasar-elg-events] Queueing shutdown event    eve_launcher.electron.application.LauncherShutdown
2025-05-25 13:32:13.686    app     info:    [self-update] Auto-updating is now enabled
2025-05-25 13:32:13.688    app     info:    [migrations] Running state migrations from 202403271440 to 202403271440
2025-05-25 13:32:13.693    app    error:    (node:4168) [DEP0180] DeprecationWarning: fs.Stats constructor is deprecated.
(Use `eve-online --trace-deprecation ...` to show where the warning was created)    []
2025-05-25 13:32:13.694    app     info:    app.quit called, but we are still sending ELG events.
2025-05-25 13:32:13.695    app     info:    [third-party-authentications] Checking for Steam startup
2025-05-25 13:32:14.168    app     info:    [cache-protocol] Found 0 entries to remove
2025-05-25 13:32:14.168    app     info:    [cache-protocol] Nothing to clean up.
2025-05-25 13:32:14.284    app     info:    [steam-auth] Steam startup detected
2025-05-25 13:32:14.305    app     info:    [authentication] Generated login URL with state 'vSt_xXB--7exRL-LyvflVvupGWepMJJ3JJNIPKT8UWA' for 'tranquility' using clientID 'eveLauncherTQ'
2025-05-25 13:32:14.306    app     info:    [third-party-authentications] Done checking third party startups
2025-05-25 13:32:16.357    app     info:    [quasar-elg-events] Event sent    type.evetech.net/eve_launcher.electron.application.LauncherShutdown
2025-05-25 13:32:16.611    app     info:    [quasar-elg-events] Shutdown event timeout passed
