2025-05-25 13:15:00.492    app     info:    [migrations] Running state migrations from 202403271440 to 202403271440
2025-05-25 13:15:00.712    app     info:    [self-update] Configuring update feed.
2025-05-25 13:15:00.712    app     info:    [self-update] Update feed set to: https://launcher.ccpgames.com/eve-online/release/win32/x64/
2025-05-25 13:15:00.893    app     info:    Startup arguments    []
2025-05-25 13:15:01.053    app     info:    [self-update] Auto-updating is now enabled
2025-05-25 13:15:01.056    app     info:    [migrations] Running state migrations from 202403271440 to 202403271440
2025-05-25 13:15:01.065    app    error:    (node:4580) [DEP0180] DeprecationWarning: fs.Stats constructor is deprecated.
(Use `eve-online --trace-deprecation ...` to show where the warning was created)    []
2025-05-25 13:15:01.067    app     info:    [third-party-authentications] Checking for Steam startup
2025-05-25 13:15:01.929    app     info:    [migrations] Running secured-state migrations from 202406060001 to 202406060001
2025-05-25 13:15:02.090    app     info:    [i18next] Changed language    ru
2025-05-25 13:15:02.145    app     info:    [steam-auth] Steam startup detected
2025-05-25 13:15:02.168    app     info:    [authentication] Generated login URL with state 'oj-kcVBkCX0mkiFtr8blRLS2wKdDaMd6euYQb3nVooo' for 'tranquility' using clientID 'eveLauncherTQ'
2025-05-25 13:15:02.169    app     info:    [third-party-authentications] Done checking third party startups
2025-05-25 13:15:02.346    app     info:    [cache-protocol] Found 0 entries to remove
2025-05-25 13:15:02.346    app     info:    [cache-protocol] Nothing to clean up.
2025-05-25 13:15:02.487    app     info:    [customer-information] Agreements have been updated
2025-05-25 13:15:02.588    app     info:    [quasar-elg-events] Queueing event    eve_launcher.electron.application.LauncherStarted
2025-05-25 13:15:02.669    app     info:    [analytics] Application name:    EVE Online
2025-05-25 13:15:02.670    app     info:    [analytics] Application version:    1.10.0
2025-05-25 13:15:02.670    app     info:    [analytics] Domain    undefined
2025-05-25 13:15:02.672    app     info:    [analytics] Working directory    C:\Program Files (x86)\Steam\steamapps\common\Eve Online\app-1.10.0
2025-05-25 13:15:02.673    app     info:    [analytics] Username contains UTF8?    false
2025-05-25 13:15:03.844    app     info:    [quasar-elg-events] Queueing event    eve_launcher.electron.application.PdmLoaded
2025-05-25 13:15:03.859    app     info:    [quasar-elg-events] Queueing event    eve_launcher.electron.application.CoreDataLoaded
2025-05-25 13:15:03.864    app     info:    [analytics] Operating system    { type: 'Windows', name: 'Windows 10 Home', version: '10.0 (19045)' }
2025-05-25 13:15:03.864    app     info:    [analytics] Encryption available:    true
2025-05-25 13:15:03.864    app     info:    [analytics] Machine UUID    B7B2A471-C4FE-4353-880B-870CE29AC3D8
2025-05-25 13:15:03.864    app     info:    [analytics] PDM Version    2.1.4
2025-05-25 13:15:03.865    app     info:    [analytics] Release channel    release
2025-05-25 13:15:03.866    app     info:    [initializers] Shared cache directory set to    C:\Games\EVE
2025-05-25 13:15:03.875    app     info:    [initializers] Shared cache drive free space: 44.92 GiB / 237.84 GiB
2025-05-25 13:15:03.877    app     info:    [shared-cache] Looking for profiles in 'c_games_eve_tq_tranquility'...
2025-05-25 13:15:03.877    app     info:    [shared-cache] Looking for profiles in 'c_games_eve_sisi_singularity'...
2025-05-25 13:15:03.877    app     info:    [shared-cache] Looking for profiles in 'c_games_eve_thunderdome_thunderdome'...
2025-05-25 13:15:03.877    app     info:    [feature-flags] Initializing feature flag client
2025-05-25 13:15:03.911    app     info:    [migrations] Running file-system migrations from 202408021525 to 202408021525
2025-05-25 13:15:03.915    app     info:    [scheduler] Starting scheduler background
2025-05-25 13:15:03.942    app    error:    (node:4580) MaxListenersExceededWarning: Possible EventEmitter memory leak detected. 11 scheduler/triggered listeners added to [IpcMainImpl]. MaxListeners is 10. Use emitter.setMaxListeners() to increase limit    []
2025-05-25 13:15:03.945    app     info:    [shared-cache] No profiles found on disk
2025-05-25 13:15:03.987    app     info:    [analytics] Hardware rendering enabled:    true    { disabledViaCommandline: false, disabledViaSettings: true }
2025-05-25 13:15:04.014    app     info:    [first-run] Application has been run before: 2025-03-14T09:16:58.327Z
2025-05-25 13:15:04.189    app     info:    [quasar-elg-events] Event sent    type.evetech.net/eve_launcher.electron.application.LauncherStarted
2025-05-25 13:15:04.192    app     info:    [quasar-elg-events] Event sent    type.evetech.net/eve_launcher.electron.application.PdmLoaded
2025-05-25 13:15:04.194    app     info:    [quasar-elg-events] Event sent    type.evetech.net/eve_launcher.electron.application.CoreDataLoaded
2025-05-25 13:15:04.259    app     info:    info: [LaunchDarkly] LaunchDarkly client initialized    []
2025-05-25 13:15:04.260    app     info:    info: [LaunchDarkly] Opening stream connection to https://clientstream.launchdarkly.com/eval/64c3d12e27a4b11365012d39/eyJraW5kIjoibXVsdGkiLCJsYXVuY2hlciI6eyJrZXkiOiJlZjNjMWY1Ny03NWI2LTQzNzItODQzNy1kODQ5MTJjMjgyMWUiLCJpc0ZpcnN0UnVuIjpmYWxzZSwiZGF5c1NpbmNlRmlyc3RSdW4iOjcyLCJsYW5ndWFnZSI6InJ1IiwiYXBwbGljYXRpb24iOiJldmUtb25saW5lIiwidmVyc2lvbiI6IjEuMTAuMCIsInBsYXRmb3JtIjoid2luZG93cyIsImlzR2VGb3JjZU5vdyI6ZmFsc2UsIm9zVmVyc2lvbkRlcHJlY2F0ZWQiOmZhbHNlLCJ1c2VySWRzIjpbMjM2MjI5MDMsMzEzMjA2NzIsMjM2MjI5MDMsMzEzMjA2NzJdLCJwcm9kdWN0cyI6WyJldmUtb25saW5lIl0sIm9tZWdhQ291bnQiOjAsImFscGhhQ291bnQiOjMsImFjY291bnRDb3VudCI6Mywib2xkZXN0QWNjb3VudEFnZSI6MTU2NiwieW91bmdlc3RBY2NvdW50QWdlIjo3MX0sImpvdXJuZXkiOnsia2V5IjoiYjEyMjhlYTAtMzY5MC00ZDk3LWJjZmUtYmQwMjY0OGNkNTZjIiwiYW5vbnltb3VzIjp0cnVlfX0?withReasons=true    []
2025-05-25 13:15:04.262    app     info:    [feature-flags] Client ef3c1f57... ready, fetching flags
2025-05-25 13:15:04.264    app     info:    [self-update] Auto-updating is now enabled
2025-05-25 13:15:04.264    app     info:    [quasar-manager] Quasar (EPG) feature flag is enabled
2025-05-25 13:15:04.268    app     info:    [feature-flags] Received 39 flags for client ef3c1f57...
2025-05-25 13:15:04.268    app     info:    [feature-flags] Client initialized with key ef3c1f57...
2025-05-25 13:15:04.273    app     info:    [quasar-manager] Quasar (EPG) feature flag is enabled
2025-05-25 13:15:04.277    app     info:    [self-update] Configuring update feed.
2025-05-25 13:15:04.278    app     info:    [self-update] Update feed set to: https://launcher.ccpgames.com/eve-online/release/win32/x64/
2025-05-25 13:15:04.278    app     info:    [self-update] Auto-updating is now enabled
2025-05-25 13:15:04.562    app     warn:    (electron) 'console-message' arguments are deprecated and will be removed. Please use Event<WebContentsConsoleMessageEventParams> object instead.    []
2025-05-25 13:15:04.586    app     info:    [quasar-elg-events] Queueing event    eve_launcher.electron.application.RendererLoaded
2025-05-25 13:15:04.587    app     info:    [quasar-elg-events] Event sent    type.evetech.net/eve_launcher.electron.application.RendererLoaded
2025-05-25 13:15:04.589    app     info:    [scheduler] Starting scheduler foreground
2025-05-25 13:15:04.614    app     info:    [newsfeed] Fetching news for eve-online in ru
2025-05-25 13:15:04.634    app     info:    [content-delivery-trace] Fetching CDN trace data from https://binaries.eveonline.com/cdn-cgi/trace
2025-05-25 13:15:04.665    app     info:    [creatives] Requesting creatives for eve-online
2025-05-25 13:15:04.668    app     info:    [authentication] Token for '23622903' on 'tranquility' is expired, refresh is required
2025-05-25 13:15:04.668    app     info:    [authentication] Refreshing token for '23622903' on 'tranquility'
2025-05-25 13:15:04.669    app     info:    [authentication] Token for '23622903' on 'tranquility' is expired, refresh is required
2025-05-25 13:15:04.669    app     info:    [authentication] Refreshing token for '23622903' on 'tranquility'
2025-05-25 13:15:04.697    app     info:    [window-manager] Main window registered    { windowId: 2 }
2025-05-25 13:15:04.718    app     info:    [login-window] Creating login window using URI 'https://login.eveonline.com/account/logoff?lang=en&ReturnUrl=%2Fv2%2Foauth%2Fauthorize%3Fresponse_type%3Dcode%26client_id%3DeveLauncherTQ%26scope%3DeveClientLogin%2Bcisservice.customerRead.v1%2Bcisservice.customerWrite.v1%2Bcisservice.userProfileBasic.v1%2Bvgs.transactionRead.v1%2Bvgs.marketAccess.v1%26redirect_uri%3Dhttps%253A%252F%252Flogin.eveonline.com%252Flauncher%253Fclient_id%253DeveLauncherTQ%26state%3Doj-kcVBkCX0mkiFtr8blRLS2wKdDaMd6euYQb3nVooo%26code_challenge_method%3DS256%26code_challenge%3Du2q0_G59105gF3HrftUddzBGG9oF5-W5jo3hawIQEwU%26steam_ticket%3D1400000008459b57384575521bd7f11a01001001d01733681800000001000000020000001747f2ffe588c367aa60000001000000b200000032000000040000001bd7f11a01001001342100009265e091dd06000a00000000df9a2c685f4a486801002f22020000000000a17104b7eb086aeca537b13a5cb0aeb09401321cacf7cf3244a185febb7ff822e85120242cd5e4e2337c3dcdf43ee90f7401556b2017adc47acb2980f26f03b5d4c5f0d0d649fb7990afe4f5e8d22a5211d495a46aa35cee9a8b2a1463a144ac11205a90fbe8aee35ec3646888eacfd8ee4ca539245cad595acc3e2f97fcd684'
2025-05-25 13:15:04.766     ui     info:    [i18next] Requesting missing translation ru readnought title title    ccp://launcher/renderer/main_window/index.js    2
2025-05-25 13:15:04.908    app     info:    [new-player-content] Resetting content as language not in response    { locale: 'tx' }
2025-05-25 13:15:05.212    app     info:    [jukebox] Fetched 2 jukebox playlists
2025-05-25 13:15:05.241    app     info:    [newsfeed] Fetched 20 news items for eve-online in ru
2025-05-25 13:15:05.306    app     info:    [creatives] Received 3 creatives for eve-online
2025-05-25 13:15:05.372    app     warn:    [play-area-content] Invalid product found in play area content    { product: 'eve-frontier' }
2025-05-25 13:15:05.373    app     warn:    [play-area-content] Invalid product found in play area content    { product: 'eve-frontier' }
2025-05-25 13:15:05.373    app     warn:    [play-area-content] Invalid product found in play area content    { product: 'eve-frontier' }
2025-05-25 13:15:05.374    app     warn:    [play-area-content] Invalid product found in play area content    { product: 'eve-frontier' }
2025-05-25 13:15:05.375    app     warn:    [play-area-content] Invalid product found in play area content    { product: 'eve-frontier' }
2025-05-25 13:15:05.375    app     warn:    [play-area-content] Invalid product found in play area content    { product: 'eve-frontier' }
2025-05-25 13:15:05.376    app     warn:    [play-area-content] Invalid product found in play area content    { product: 'eve-frontier' }
2025-05-25 13:15:05.376    app     warn:    [play-area-content] Invalid product found in play area content    { product: 'eve-frontier' }
2025-05-25 13:15:05.842    app     info:    [authentication] Token for '23622903' on 'tranquility' is expired, refresh is required
2025-05-25 13:15:05.842    app     info:    [authentication] Refreshing token for '23622903' on 'tranquility'
2025-05-25 13:15:05.843    app     info:    [AuthenticationMiddleware] Refreshed 1 / 1 users for tranquility on eve-online
2025-05-25 13:15:05.852    app     info:    [server-manager] Starting refresh cycle for eve-online / Tranquility
2025-05-25 13:15:05.968    app     info:    [server-manager] Previous Tranquility build: 2866918, current build: 2911964
2025-05-25 13:15:05.976    app     info:    [quasar-elg-events] Queueing event    eve_launcher.electron.eve_client.GameClientUpdateStarted
2025-05-25 13:15:05.976    app     info:    [server-manager] Starting download of build 2911964 for Tranquility.
2025-05-25 13:15:05.990    app     info:    [quasar-elg-events] Event sent    type.evetech.net/eve_launcher.electron.eve_client.GameClientUpdateStarted
2025-05-25 13:15:06.300    app     info:    [login-window] Navigation to login completed, receiving code & state (oj-kcVBkCX0mkiFtr8blRLS2wKdDaMd6euYQb3nVooo)
2025-05-25 13:15:06.354    app     info:    [server-manager] Downloading binary chunks in 19 files (198 MB)
2025-05-25 13:15:06.357    app     info:    [download-from-manifest] Preparing to download 19 files    { cdn: 1, concurrent: 10 }
2025-05-25 13:15:06.732    app    error:    [login-window] Could not load the login page: 'https://login.eveonline.com/account/logoff?lang=en&ReturnUrl=%2Fv2%2Foauth%2Fauthorize%3Fresponse_type%3Dcode%26client_id%3DeveLauncherTQ%26scope%3DeveClientLogin%2Bcisservice.customerRead.v1%2Bcisservice.customerWrite.v1%2Bcisservice.userProfileBasic.v1%2Bvgs.transactionRead.v1%2Bvgs.marketAccess.v1%26redirect_uri%3Dhttps%253A%252F%252Flogin.eveonline.com%252Flauncher%253Fclient_id%253DeveLauncherTQ%26state%3Doj-kcVBkCX0mkiFtr8blRLS2wKdDaMd6euYQb3nVooo%26code_challenge_method%3DS256%26code_challenge%3Du2q0_G59105gF3HrftUddzBGG9oF5-W5jo3hawIQEwU%26steam_ticket%3D1400000008459b57384575521bd7f11a01001001d01733681800000001000000020000001747f2ffe588c367aa60000001000000b200000032000000040000001bd7f11a01001001342100009265e091dd06000a00000000df9a2c685f4a486801002f22020000000000a17104b7eb086aeca537b13a5cb0aeb09401321cacf7cf3244a185febb7ff822e85120242cd5e4e2337c3dcdf43ee90f7401556b2017adc47acb2980f26f03b5d4c5f0d0d649fb7990afe4f5e8d22a5211d495a46aa35cee9a8b2a1463a144ac11205a90fbe8aee35ec3646888eacfd8ee4ca539245cad595acc3e2f97fcd684' ERR_ABORTED (-3) loading 'eveonline://callback?client_id=eveLauncherTQ&code=n8APvwZ7c0WPElVuDwhbjQ&state=oj-kcVBkCX0mkiFtr8blRLS2wKdDaMd6euYQb3nVooo'    Error: ERR_ABORTED (-3) loading 'eveonline://callback?client_id=eveLauncherTQ&code=n8APvwZ7c0WPElVuDwhbjQ&state=oj-kcVBkCX0mkiFtr8blRLS2wKdDaMd6euYQb3nVooo'
    at rejectAndCleanup (node:electron/js2c/browser_init:2:79523)
    at WebContents.navigationListener (node:electron/js2c/browser_init:2:79803)
    at WebContents.emit (node:events:518:28)
    at e.emit (C:\Program Files (x86)\Steam\steamapps\common\Eve Online\app-1.10.0\resources\app.asar\.webpack\main\index.js:8:3235798) {
  errno: -3,
  code: 'ERR_ABORTED',
  url: 'eveonline://callback?client_id=eveLauncherTQ&code=n8APvwZ7c0WPElVuDwhbjQ&state=oj-kcVBkCX0mkiFtr8blRLS2wKdDaMd6euYQb3nVooo'
}
2025-05-25 13:15:06.776    app     info:    [quasar-elg-events] Queueing event    eve_launcher.electron.authentication.LoginWindowClosed
2025-05-25 13:15:06.776    app     info:    [login-window] Login window with state 'oj-kcVBkCX0mkiFtr8blRLS2wKdDaMd6euYQb3nVooo' has been closed
2025-05-25 13:15:06.776    app     info:    [quasar-elg-events] Event sent    type.evetech.net/eve_launcher.electron.authentication.LoginWindowClosed
2025-05-25 13:15:07.654    app     info:    [server-manager] Downloaded 529.96 kiB/189.18 MiB at 783.27 kiB/s
2025-05-25 13:15:07.671     ui     info:    Initializing captcha    ccp://launcher/renderer/main_window/index.js    2
2025-05-25 13:15:08.655    app     info:    [server-manager] Downloaded 1.18 MiB/189.18 MiB at 675.83 kiB/s
2025-05-25 13:15:09.620    app     info:    [self-update] Checking for application updates.
2025-05-25 13:15:10.018    app     info:    [server-manager] Downloaded 2.02 MiB/189.18 MiB at 844.60 kiB/s
2025-05-25 13:15:10.037    app     info:    [time-sync] Failed to sync time with 1 servers
2025-05-25 13:15:10.037    app     info:    [time-sync] Compared time with 4 servers. 3 successful, 1 failed.
2025-05-25 13:15:10.037    app     info:    [time-sync] Not showing any warnings because there were errors fetching the time.
2025-05-25 13:15:11.020    app     info:    [server-manager] Downloaded 3.12 MiB/189.18 MiB at 982.11 kiB/s
2025-05-25 13:15:12.028    app     info:    [server-manager] Downloaded 3.95 MiB/189.18 MiB at 437.27 kiB/s
2025-05-25 13:15:13.036    app     info:    [server-manager] Downloaded 4.85 MiB/189.18 MiB at 923.96 kiB/s
2025-05-25 13:15:14.061    app     info:    [server-manager] Downloaded 5.69 MiB/189.18 MiB at 748.07 kiB/s
2025-05-25 13:15:15.058    app    error:    [authentication] User could not be authenticated request timed out    w: request timed out
    at C:\Program Files (x86)\Steam\steamapps\common\Eve Online\app-1.10.0\resources\app.asar\.webpack\main\index.js:8:3550870 {
  code: 'ERR_JWKS_TIMEOUT'
}    {
  claims: {
    jti: '80f8fba4-dcb4-488a-961c-edbab5d61179',
    kid: 'JWT-Signature-Key',
    sub: 'USER:EVE:23622903',
    azp: 'eveLauncherTQ',
    tenant: 'tranquility',
    tier: 'live',
    region: 'world',
    aud: [ 'eveLauncherTQ', 'EVE Online' ],
    scp: [
      'eveClientLogin',
      'vgs.marketAccess.v1',
      'cisservice.customerRead.v1',
      'cisservice.customerWrite.v1',
      'cisservice.userProfileBasic.v1',
      'vgs.transactionRead.v1'
    ],
    active_subscriptions: [],
    name: 'STEAM::23622903',
    exp: 1748179510,
    iat: 1748178910,
    iss: 'https://login.eveonline.com'
  }
}
2025-05-25 13:15:15.059    app     warn:    [authentication] Could not retrieve JWKs to validate tokens for '23622903' on 'tranquility', retrying in 5 seconds request timed out    w: request timed out
    at C:\Program Files (x86)\Steam\steamapps\common\Eve Online\app-1.10.0\resources\app.asar\.webpack\main\index.js:8:3550870 {
  code: 'ERR_JWKS_TIMEOUT'
}
2025-05-25 13:15:15.060    app    error:    [authentication] User could not be authenticated request timed out    w: request timed out
    at C:\Program Files (x86)\Steam\steamapps\common\Eve Online\app-1.10.0\resources\app.asar\.webpack\main\index.js:8:3550870 {
  code: 'ERR_JWKS_TIMEOUT'
}    {
  claims: {
    jti: 'eda9a856-9dfa-4464-b837-00c24028ef71',
    kid: 'JWT-Signature-Key',
    sub: 'USER:EVE:23622903',
    azp: 'eveLauncherTQ',
    tenant: 'tranquility',
    tier: 'live',
    region: 'world',
    aud: [ 'eveLauncherTQ', 'EVE Online' ],
    scp: [
      'eveClientLogin',
      'vgs.marketAccess.v1',
      'cisservice.customerRead.v1',
      'cisservice.customerWrite.v1',
      'cisservice.userProfileBasic.v1',
      'vgs.transactionRead.v1'
    ],
    active_subscriptions: [],
    name: 'STEAM::23622903',
    exp: 1748179510,
    iat: 1748178910,
    iss: 'https://login.eveonline.com'
  }
}
2025-05-25 13:15:15.060    app     warn:    [authentication] Could not retrieve JWKs to validate tokens for '23622903' on 'tranquility', retrying in 5 seconds request timed out    w: request timed out
    at C:\Program Files (x86)\Steam\steamapps\common\Eve Online\app-1.10.0\resources\app.asar\.webpack\main\index.js:8:3550870 {
  code: 'ERR_JWKS_TIMEOUT'
}
2025-05-25 13:15:15.060    app    error:    [authentication] User could not be authenticated request timed out    w: request timed out
    at C:\Program Files (x86)\Steam\steamapps\common\Eve Online\app-1.10.0\resources\app.asar\.webpack\main\index.js:8:3550870 {
  code: 'ERR_JWKS_TIMEOUT'
}    {
  claims: {
    jti: '64be664f-eabc-4012-93fc-47b206b127ed',
    kid: 'JWT-Signature-Key',
    sub: 'USER:EVE:23622903',
    azp: 'eveLauncherTQ',
    tenant: 'tranquility',
    tier: 'live',
    region: 'world',
    aud: [ 'eveLauncherTQ', 'EVE Online' ],
    scp: [
      'eveClientLogin',
      'cisservice.customerRead.v1',
      'cisservice.customerWrite.v1',
      'cisservice.userProfileBasic.v1',
      'vgs.transactionRead.v1',
      'vgs.marketAccess.v1'
    ],
    active_subscriptions: [],
    name: 'STEAM::23622903',
    exp: 1748179511,
    iat: 1748178911,
    iss: 'https://login.eveonline.com'
  }
}
2025-05-25 13:15:15.061    app    error:    [authentication] User could not be authenticated request timed out    w: request timed out
    at C:\Program Files (x86)\Steam\steamapps\common\Eve Online\app-1.10.0\resources\app.asar\.webpack\main\index.js:8:3550870 {
  code: 'ERR_JWKS_TIMEOUT'
}    {
  claims: {
    jti: '6c1d60e6-ddf6-4436-9ca7-9803562257a0',
    kid: 'JWT-Signature-Key',
    sub: 'USER:EVE:23622903',
    azp: 'eveLauncherTQ',
    tenant: 'tranquility',
    tier: 'live',
    region: 'world',
    aud: [ 'eveLauncherTQ', 'EVE Online' ],
    scp: [
      'eveClientLogin',
      'vgs.marketAccess.v1',
      'cisservice.customerRead.v1',
      'cisservice.customerWrite.v1',
      'cisservice.userProfileBasic.v1',
      'vgs.transactionRead.v1'
    ],
    active_subscriptions: [],
    name: 'STEAM::23622903',
    exp: 1748179512,
    iat: 1748178912,
    iss: 'https://login.eveonline.com'
  }
}
2025-05-25 13:15:15.061    app     warn:    [authentication] Could not retrieve JWKs to validate tokens for '23622903' on 'tranquility', retrying in 5 seconds request timed out    w: request timed out
    at C:\Program Files (x86)\Steam\steamapps\common\Eve Online\app-1.10.0\resources\app.asar\.webpack\main\index.js:8:3550870 {
  code: 'ERR_JWKS_TIMEOUT'
}
2025-05-25 13:15:15.062    app    error:    [login-window] Failed to exchange code for tokens on request 'oj-kcVBkCX0mkiFtr8blRLS2wKdDaMd6euYQb3nVooo' request timed out    w: request timed out
    at C:\Program Files (x86)\Steam\steamapps\common\Eve Online\app-1.10.0\resources\app.asar\.webpack\main\index.js:8:3550870 {
  code: 'ERR_JWKS_TIMEOUT'
}
2025-05-25 13:15:15.092    app     info:    [server-manager] Downloaded 6.64 MiB/189.18 MiB at 1,017.42 kiB/s
2025-05-25 13:15:16.097    app     info:    [server-manager] Downloaded 7.54 MiB/189.18 MiB at 878.76 kiB/s
2025-05-25 13:15:17.107    app     info:    [server-manager] Downloaded 8.41 MiB/189.18 MiB at 900.66 kiB/s
2025-05-25 13:15:18.153    app     info:    [server-manager] Downloaded 9.44 MiB/189.18 MiB at 964.22 kiB/s
2025-05-25 13:15:19.163    app     info:    [server-manager] Downloaded 10.28 MiB/189.18 MiB at 823.76 kiB/s
2025-05-25 13:15:19.782    app     info:    [self-update] No application updates were found.
2025-05-25 13:15:20.060    app     info:    [authentication] Token for '23622903' on 'tranquility' is expired, refresh is required
2025-05-25 13:15:20.061    app     info:    [authentication] Refreshing token for '23622903' on 'tranquility'
2025-05-25 13:15:20.063    app     info:    [authentication] Token for '23622903' on 'tranquility' is expired, refresh is required
2025-05-25 13:15:20.063    app     info:    [authentication] Refreshing token for '23622903' on 'tranquility'
2025-05-25 13:15:20.064    app     info:    [authentication] Token for '23622903' on 'tranquility' is expired, refresh is required
2025-05-25 13:15:20.064    app     info:    [authentication] Refreshing token for '23622903' on 'tranquility'
2025-05-25 13:15:20.182    app     info:    [server-manager] Downloaded 11.18 MiB/189.18 MiB at 912.50 kiB/s
2025-05-25 13:15:21.194    app     info:    [server-manager] Downloaded 12.18 MiB/189.18 MiB at 1.03 MiB/s
2025-05-25 13:15:21.497    app     info:    [authentication] Token for '23622903' on 'tranquility' has been successfully refreshed
2025-05-25 13:15:21.501    app     info:    [quasar-elg-events] Queueing event    eve_launcher.electron.authentication.UserTokensRefreshed
2025-05-25 13:15:21.517    app     info:    [quasar-elg-events] Event sent    type.evetech.net/eve_launcher.electron.authentication.UserTokensRefreshed
2025-05-25 13:15:21.518    app     info:    [customer-information] Getting character information for '23622903' on 'tranquility'
2025-05-25 13:15:21.518    app     info:    [customer-information] Getting Omega status for '23622903' on 'tranquility' (eve-online)
2025-05-25 13:15:21.518    app     info:    [virtual-goods] Getting Plex status for '23622903' on 'tranquility' (eve-online)
2025-05-25 13:15:21.526    app     info:    [authentication] Token for '23622903' on 'tranquility' has been successfully refreshed
2025-05-25 13:15:21.531    app     info:    [quasar-elg-events] Queueing event    eve_launcher.electron.authentication.UserTokensRefreshed
2025-05-25 13:15:21.542    app     info:    [quasar-elg-events] Event sent    type.evetech.net/eve_launcher.electron.authentication.UserTokensRefreshed
2025-05-25 13:15:21.720    app     info:    [authentication] Token for '23622903' on 'tranquility' has been successfully refreshed
2025-05-25 13:15:21.724    app     info:    [quasar-elg-events] Queueing event    eve_launcher.electron.authentication.UserTokensRefreshed
2025-05-25 13:15:21.731    app     info:    [quasar-elg-events] Event sent    type.evetech.net/eve_launcher.electron.authentication.UserTokensRefreshed
2025-05-25 13:15:21.731    app     info:    [AuthenticationMiddleware] Successfully restored 1 / 1 users
2025-05-25 13:15:22.225    app     info:    [server-manager] Downloaded 13.03 MiB/189.18 MiB at 868.84 kiB/s
2025-05-25 13:15:23.261    app     info:    [server-manager] Downloaded 13.98 MiB/189.18 MiB at 995.37 kiB/s
2025-05-25 13:15:23.600    app     info:    [virtual-goods] Fetched Plex status for '23622903' on 'tranquility' (eve-online) with balance: 0
2025-05-25 13:15:24.287    app     info:    [server-manager] Downloaded 14.90 MiB/189.18 MiB at 506.93 kiB/s
2025-05-25 13:15:25.339    app     info:    [server-manager] Downloaded 15.79 MiB/189.18 MiB at 996.11 kiB/s
2025-05-25 13:15:26.341    app     info:    [server-manager] Downloaded 16.75 MiB/189.18 MiB at 797.38 kiB/s
2025-05-25 13:15:27.339    app     info:    [server-manager] Downloaded 17.65 MiB/189.18 MiB at 576.00 kiB/s
2025-05-25 13:15:28.341    app     info:    [server-manager] Downloaded 18.53 MiB/189.18 MiB at 928.00 kiB/s
2025-05-25 13:15:29.351    app     info:    [server-manager] Downloaded 19.51 MiB/189.18 MiB at 950.50 kiB/s
2025-05-25 13:15:30.403    app     info:    [server-manager] Downloaded 20.43 MiB/189.18 MiB at 1.13 MiB/s
2025-05-25 13:15:31.418    app     info:    [server-manager] Downloaded 21.36 MiB/189.18 MiB at 854.96 kiB/s
2025-05-25 13:15:32.371    app     warn:    The connection to LogLite was refused. A LogLite server may not be running, or be listening to connections.    []
2025-05-25 13:15:32.434    app     info:    [server-manager] Downloaded 22.29 MiB/189.18 MiB at 1.26 MiB/s
2025-05-25 13:15:33.469    app     info:    [server-manager] Downloaded 23.17 MiB/189.18 MiB at 803.09 kiB/s
2025-05-25 13:15:34.496    app     info:    [server-manager] Downloaded 24.13 MiB/189.18 MiB at 416.00 kiB/s
2025-05-25 13:15:35.528    app     info:    [server-manager] Downloaded 24.98 MiB/189.18 MiB at 908.25 kiB/s
2025-05-25 13:15:36.532    app     info:    [server-manager] Downloaded 25.87 MiB/189.18 MiB at 922.99 kiB/s
2025-05-25 13:15:37.578    app     info:    [server-manager] Downloaded 26.68 MiB/189.18 MiB at 720.86 kiB/s
2025-05-25 13:15:38.667    app     info:    [server-manager] Downloaded 27.57 MiB/189.18 MiB at 767.84 kiB/s
2025-05-25 13:15:39.758    app     info:    [server-manager] Downloaded 28.34 MiB/189.18 MiB at 734.53 kiB/s
2025-05-25 13:15:40.791    app     info:    [server-manager] Downloaded 29.28 MiB/189.18 MiB at 900.97 kiB/s
2025-05-25 13:15:41.808    app     info:    [server-manager] Downloaded 30.21 MiB/189.18 MiB at 937.50 kiB/s
2025-05-25 13:15:42.823    app     info:    [server-manager] Downloaded 31.12 MiB/189.18 MiB at 925.44 kiB/s
2025-05-25 13:15:43.844    app     info:    [server-manager] Downloaded 32.11 MiB/189.18 MiB at 946.82 kiB/s
2025-05-25 13:15:44.883    app     info:    [server-manager] Downloaded 32.95 MiB/189.18 MiB at 687.50 kiB/s
2025-05-25 13:15:45.939    app     info:    [server-manager] Downloaded 33.97 MiB/189.18 MiB at 959.55 kiB/s
2025-05-25 13:15:46.122    app     info:    [esi] Fetching character details for 2118248041, 2121175776
2025-05-25 13:15:46.976    app     info:    [server-manager] Downloaded 34.96 MiB/189.18 MiB at 1.02 MiB/s
2025-05-25 13:15:48.027    app     info:    [server-manager] Downloaded 35.83 MiB/189.18 MiB at 759.01 kiB/s
2025-05-25 13:15:49.082    app     info:    [server-manager] Downloaded 36.67 MiB/189.18 MiB at 871.60 kiB/s
2025-05-25 13:15:49.213    app     info:    [esi] Fetched 2 character details for 23622903
2025-05-25 13:15:50.089    app     info:    [server-manager] Downloaded 37.58 MiB/189.18 MiB at 975.05 kiB/s
2025-05-25 13:15:50.778    app    error:    [authentication] Could not refresh token for '29795975' on 'tranquility' Tokens for '29795975' on 'tranquility' are invalid, refresh was skipped    h [InvalidTokenError]: Tokens for '29795975' on 'tranquility' are invalid, refresh was skipped
    at P (C:\Program Files (x86)\Steam\steamapps\common\Eve Online\app-1.10.0\resources\app.asar\.webpack\main\index.js:8:1882553)
    at C:\Program Files (x86)\Steam\steamapps\common\Eve Online\app-1.10.0\resources\app.asar\.webpack\main\index.js:8:3028347
    at C:\Program Files (x86)\Steam\steamapps\common\Eve Online\app-1.10.0\resources\app.asar\.webpack\main\index.js:8:2330516
    at C:\Program Files (x86)\Steam\steamapps\common\Eve Online\app-1.10.0\resources\app.asar\.webpack\main\index.js:8:3032114
    at process.processTicksAndRejections (node:internal/process/task_queues:105:5)
2025-05-25 13:15:50.779    app    error:    [AuthenticationMiddleware] Could not update data on active user change Tokens for '29795975' on 'tranquility' are invalid, refresh was skipped    h [InvalidTokenError]: Tokens for '29795975' on 'tranquility' are invalid, refresh was skipped
    at P (C:\Program Files (x86)\Steam\steamapps\common\Eve Online\app-1.10.0\resources\app.asar\.webpack\main\index.js:8:1882553)
    at C:\Program Files (x86)\Steam\steamapps\common\Eve Online\app-1.10.0\resources\app.asar\.webpack\main\index.js:8:3028347
    at C:\Program Files (x86)\Steam\steamapps\common\Eve Online\app-1.10.0\resources\app.asar\.webpack\main\index.js:8:2330516
    at C:\Program Files (x86)\Steam\steamapps\common\Eve Online\app-1.10.0\resources\app.asar\.webpack\main\index.js:8:3032114
    at process.processTicksAndRejections (node:internal/process/task_queues:105:5)
2025-05-25 13:15:51.112    app     info:    [server-manager] Downloaded 38.51 MiB/189.18 MiB at 876.71 kiB/s
2025-05-25 13:15:51.276    app    error:    [authentication] Could not refresh token for '29795975' on 'tranquility' Tokens for '29795975' on 'tranquility' are invalid, refresh was skipped    h [InvalidTokenError]: Tokens for '29795975' on 'tranquility' are invalid, refresh was skipped
    at P (C:\Program Files (x86)\Steam\steamapps\common\Eve Online\app-1.10.0\resources\app.asar\.webpack\main\index.js:8:1882553)
    at F.listenForRequestsAsync (C:\Program Files (x86)\Steam\steamapps\common\Eve Online\app-1.10.0\resources\app.asar\.webpack\main\index.js:8:1985777)
    at process.processTicksAndRejections (node:internal/process/task_queues:105:5)
2025-05-25 13:15:51.277    app    error:    [quasar-29795975] Failed to refresh token, shutting down connection Tokens for '29795975' on 'tranquility' are invalid, refresh was skipped    h [InvalidTokenError]: Tokens for '29795975' on 'tranquility' are invalid, refresh was skipped
    at P (C:\Program Files (x86)\Steam\steamapps\common\Eve Online\app-1.10.0\resources\app.asar\.webpack\main\index.js:8:1882553)
    at F.listenForRequestsAsync (C:\Program Files (x86)\Steam\steamapps\common\Eve Online\app-1.10.0\resources\app.asar\.webpack\main\index.js:8:1985777)
    at process.processTicksAndRejections (node:internal/process/task_queues:105:5)
2025-05-25 13:15:52.123    app     info:    [server-manager] Downloaded 39.32 MiB/189.18 MiB at 754.46 kiB/s
2025-05-25 13:15:53.132    app     info:    [server-manager] Downloaded 40.28 MiB/189.18 MiB at 1,014.07 kiB/s
2025-05-25 13:15:54.159    app     info:    [server-manager] Downloaded 41.17 MiB/189.18 MiB at 384.00 kiB/s
2025-05-25 13:15:55.183    app     info:    [server-manager] Downloaded 42.07 MiB/189.18 MiB at 854.00 kiB/s
2025-05-25 13:15:55.341    app     info:    [authentication] Generated login URL with state 'fG3ScC0uvuurAIs9gLR0RceCI8YdD9edhfsZe-ZaAr4' for 'tranquility' using clientID 'eveLauncherTQ'
2025-05-25 13:15:55.360    app     info:    [login-window] Creating login window using URI 'https://login.eveonline.com/account/logoff?lang=en&ReturnUrl=%2Fv2%2Foauth%2Fauthorize%3Fresponse_type%3Dcode%26client_id%3DeveLauncherTQ%26scope%3DeveClientLogin%2Bcisservice.customerRead.v1%2Bcisservice.customerWrite.v1%2Bcisservice.userProfileBasic.v1%2Bvgs.transactionRead.v1%2Bvgs.marketAccess.v1%26redirect_uri%3Dhttps%253A%252F%252Flogin.eveonline.com%252Flauncher%253Fclient_id%253DeveLauncherTQ%26state%3DfG3ScC0uvuurAIs9gLR0RceCI8YdD9edhfsZe-ZaAr4%26code_challenge_method%3DS256%26code_challenge%3DCnkguoMfqQsIV9r2toyLF-lPzuAQ29jLaYMXPm7Nt8k'
2025-05-25 13:15:56.183    app     info:    [server-manager] Downloaded 42.90 MiB/189.18 MiB at 911.30 kiB/s
2025-05-25 13:15:57.203    app     info:    [server-manager] Downloaded 43.81 MiB/189.18 MiB at 933.06 kiB/s
2025-05-25 13:15:58.223    app     info:    [server-manager] Downloaded 44.54 MiB/189.18 MiB at 628.68 kiB/s
2025-05-25 13:15:59.282    app     info:    [server-manager] Downloaded 45.39 MiB/189.18 MiB at 904.63 kiB/s
2025-05-25 13:16:00.301    app     info:    [server-manager] Downloaded 46.31 MiB/189.18 MiB at 569.17 kiB/s
2025-05-25 13:16:01.315    app     info:    [server-manager] Downloaded 47.18 MiB/189.18 MiB at 929.06 kiB/s
2025-05-25 13:16:02.356    app     info:    [server-manager] Downloaded 48.14 MiB/189.18 MiB at 980.42 kiB/s
2025-05-25 13:16:03.378    app     info:    [server-manager] Downloaded 48.96 MiB/189.18 MiB at 928.00 kiB/s
2025-05-25 13:16:04.406    app     info:    [server-manager] Downloaded 49.81 MiB/189.18 MiB at 835.59 kiB/s
2025-05-25 13:16:04.608    app    error:    [authentication] Could not refresh token for '29795975' on 'tranquility' Tokens for '29795975' on 'tranquility' are invalid, refresh was skipped    h [InvalidTokenError]: Tokens for '29795975' on 'tranquility' are invalid, refresh was skipped
    at P (C:\Program Files (x86)\Steam\steamapps\common\Eve Online\app-1.10.0\resources\app.asar\.webpack\main\index.js:8:1882553)
    at C:\Program Files (x86)\Steam\steamapps\common\Eve Online\app-1.10.0\resources\app.asar\.webpack\main\index.js:8:3028347
    at C:\Program Files (x86)\Steam\steamapps\common\Eve Online\app-1.10.0\resources\app.asar\.webpack\main\index.js:8:2330516
    at C:\Program Files (x86)\Steam\steamapps\common\Eve Online\app-1.10.0\resources\app.asar\.webpack\main\index.js:8:3032114
    at process.processTicksAndRejections (node:internal/process/task_queues:105:5)
2025-05-25 13:16:04.608    app    error:    [AuthenticationMiddleware] Could not update data on active user change Tokens for '29795975' on 'tranquility' are invalid, refresh was skipped    h [InvalidTokenError]: Tokens for '29795975' on 'tranquility' are invalid, refresh was skipped
    at P (C:\Program Files (x86)\Steam\steamapps\common\Eve Online\app-1.10.0\resources\app.asar\.webpack\main\index.js:8:1882553)
    at C:\Program Files (x86)\Steam\steamapps\common\Eve Online\app-1.10.0\resources\app.asar\.webpack\main\index.js:8:3028347
    at C:\Program Files (x86)\Steam\steamapps\common\Eve Online\app-1.10.0\resources\app.asar\.webpack\main\index.js:8:2330516
    at C:\Program Files (x86)\Steam\steamapps\common\Eve Online\app-1.10.0\resources\app.asar\.webpack\main\index.js:8:3032114
    at process.processTicksAndRejections (node:internal/process/task_queues:105:5)
2025-05-25 13:16:05.417    app     info:    [server-manager] Downloaded 50.70 MiB/189.18 MiB at 814.09 kiB/s
2025-05-25 13:16:06.438    app     info:    [server-manager] Downloaded 51.63 MiB/189.18 MiB at 940.06 kiB/s
2025-05-25 13:16:06.842    app     warn:    Retrying request to https://images.ctfassets.net (1) Request timed out    p [RequestTimeoutError]: Request timed out
    at ClientRequest.<anonymous> (C:\Program Files (x86)\Steam\steamapps\common\Eve Online\app-1.10.0\resources\app.asar\.webpack\main\index.js:8:3165803)
    at ClientRequest.emit (node:events:518:28)
    at TLSSocket.emitRequestTimeout (node:_http_client:863:9)
    at Object.onceWrapper (node:events:632:28)
    at TLSSocket.emit (node:events:530:35)
    at Socket._onTimeout (node:net:609:8)
    at listOnTimeout (node:internal/timers:594:17)
    at process.processTimers (node:internal/timers:529:7)
2025-05-25 13:16:07.469    app     info:    [server-manager] Downloaded 52.52 MiB/189.18 MiB at 911.74 kiB/s
2025-05-25 13:16:08.505    app     info:    [server-manager] Downloaded 53.41 MiB/189.18 MiB at 859.82 kiB/s
2025-05-25 13:16:09.535    app     info:    [server-manager] Downloaded 54.26 MiB/189.18 MiB at 1.25 MiB/s
2025-05-25 13:16:09.612    app     info:    [time-sync] Failed to sync time with 2 servers
2025-05-25 13:16:09.612    app     info:    [time-sync] Compared time with 4 servers. 2 successful, 2 failed.
2025-05-25 13:16:09.612    app     info:    [time-sync] Not showing any warnings because there were errors fetching the time.
2025-05-25 13:16:10.534    app     info:    [server-manager] Downloaded 55.15 MiB/189.18 MiB at 768.00 kiB/s
2025-05-25 13:16:11.544    app     info:    [server-manager] Downloaded 56.01 MiB/189.18 MiB at 906.44 kiB/s
2025-05-25 13:16:12.558    app     info:    [server-manager] Downloaded 56.91 MiB/189.18 MiB at 1,019.92 kiB/s
2025-05-25 13:16:13.569    app     info:    [server-manager] Downloaded 57.87 MiB/189.18 MiB at 1.37 MiB/s
2025-05-25 13:16:14.597    app     info:    [server-manager] Downloaded 58.77 MiB/189.18 MiB at 1.19 MiB/s
2025-05-25 13:16:15.596    app     info:    [server-manager] Downloaded 59.68 MiB/189.18 MiB at 479.88 kiB/s
2025-05-25 13:16:16.611    app     info:    [server-manager] Downloaded 60.56 MiB/189.18 MiB at 913.89 kiB/s
2025-05-25 13:16:17.628    app     info:    [server-manager] Downloaded 61.47 MiB/189.18 MiB at 900.56 kiB/s
2025-05-25 13:16:18.714    app     info:    [server-manager] Downloaded 62.33 MiB/189.18 MiB at 872.50 kiB/s
2025-05-25 13:16:19.220    app     info:    [scheduler] Stopped scheduler foreground
2025-05-25 13:16:19.221    app     info:    [ipc-requests] Handling requests in the background
2025-05-25 13:16:19.755    app     info:    [server-manager] Downloaded 63.20 MiB/189.18 MiB at 1.29 MiB/s
2025-05-25 13:16:20.227    app     info:    [ipc-requests] No longer handling requests in the background
2025-05-25 13:16:20.940    app     info:    [server-manager] Downloaded 64.32 MiB/189.18 MiB at 1.19 MiB/s
2025-05-25 13:16:22.019    app     info:    [server-manager] Downloaded 65.27 MiB/189.18 MiB at 831.89 kiB/s
2025-05-25 13:16:23.092    app     info:    [server-manager] Downloaded 66.15 MiB/189.18 MiB at 829.38 kiB/s
2025-05-25 13:16:24.703    app     info:    [server-manager] Downloaded 66.89 MiB/189.18 MiB at 857.39 kiB/s
2025-05-25 13:16:25.707    app     info:    [server-manager] Downloaded 68.37 MiB/189.18 MiB at 1.88 MiB/s
2025-05-25 13:16:26.755    app     info:    [server-manager] Downloaded 69.32 MiB/189.18 MiB at 813.62 kiB/s
2025-05-25 13:16:27.763    app     info:    [server-manager] Downloaded 69.97 MiB/189.18 MiB at 387.97 kiB/s
2025-05-25 13:16:29.000    app     info:    [server-manager] Downloaded 70.71 MiB/189.18 MiB at 672.56 kiB/s
2025-05-25 13:16:30.008    app     info:    [server-manager] Downloaded 71.38 MiB/189.18 MiB at 383.23 kiB/s
2025-05-25 13:16:31.020    app     info:    [server-manager] Downloaded 72.13 MiB/189.18 MiB at 833.42 kiB/s
2025-05-25 13:16:32.036    app     info:    [server-manager] Downloaded 72.86 MiB/189.18 MiB at 710.84 kiB/s
2025-05-25 13:16:33.036    app     info:    [server-manager] Downloaded 73.67 MiB/189.18 MiB at 376.47 kiB/s
2025-05-25 13:16:34.103    app     info:    [server-manager] Downloaded 74.47 MiB/189.18 MiB at 719.47 kiB/s
2025-05-25 13:16:35.172    app     info:    [server-manager] Downloaded 75.28 MiB/189.18 MiB at 384.00 kiB/s
2025-05-25 13:16:36.187    app     info:    [server-manager] Downloaded 76.08 MiB/189.18 MiB at 721.57 kiB/s
2025-05-25 13:16:37.214    app     info:    [server-manager] Downloaded 76.79 MiB/189.18 MiB at 781.25 kiB/s
2025-05-25 13:16:38.270    app     info:    [server-manager] Downloaded 77.73 MiB/189.18 MiB at 895.24 kiB/s
2025-05-25 13:16:39.315    app     info:    [server-manager] Downloaded 78.61 MiB/189.18 MiB at 790.78 kiB/s
2025-05-25 13:16:40.378    app     info:    [server-manager] Downloaded 79.50 MiB/189.18 MiB at 960.60 kiB/s
2025-05-25 13:16:41.414    app     info:    [server-manager] Downloaded 80.34 MiB/189.18 MiB at 790.87 kiB/s
2025-05-25 13:16:42.481    app     info:    [server-manager] Downloaded 81.18 MiB/189.18 MiB at 835.28 kiB/s
2025-05-25 13:16:43.516    app     info:    [server-manager] Downloaded 81.99 MiB/189.18 MiB at 926.15 kiB/s
2025-05-25 13:16:44.538    app     info:    [server-manager] Downloaded 82.91 MiB/189.18 MiB at 880.24 kiB/s
2025-05-25 13:16:45.564    app     info:    [server-manager] Downloaded 83.81 MiB/189.18 MiB at 1.25 MiB/s
2025-05-25 13:16:46.597    app     info:    [server-manager] Downloaded 84.61 MiB/189.18 MiB at 695.65 kiB/s
2025-05-25 13:16:47.641    app     info:    [server-manager] Downloaded 85.33 MiB/189.18 MiB at 762.41 kiB/s
2025-05-25 13:16:48.659    app     info:    [server-manager] Downloaded 86.38 MiB/189.18 MiB at 1.23 MiB/s
2025-05-25 13:16:49.690    app     info:    [server-manager] Downloaded 87.16 MiB/189.18 MiB at 746.77 kiB/s
2025-05-25 13:16:50.701    app     info:    [server-manager] Downloaded 88.12 MiB/189.18 MiB at 990.02 kiB/s
2025-05-25 13:16:51.753    app     info:    [server-manager] Downloaded 88.99 MiB/189.18 MiB at 772.08 kiB/s
2025-05-25 13:16:52.762    app     info:    [server-manager] Downloaded 89.82 MiB/189.18 MiB at 751.62 kiB/s
2025-05-25 13:16:53.784    app     info:    [server-manager] Downloaded 90.62 MiB/189.18 MiB at 479.04 kiB/s
2025-05-25 13:16:54.823    app     info:    [server-manager] Downloaded 91.35 MiB/189.18 MiB at 705.88 kiB/s
2025-05-25 13:16:55.879    app     info:    [server-manager] Downloaded 92.14 MiB/189.18 MiB at 1.17 MiB/s
2025-05-25 13:16:56.894    app     info:    [server-manager] Downloaded 92.99 MiB/189.18 MiB at 1.28 MiB/s
2025-05-25 13:16:57.916    app     info:    [server-manager] Downloaded 93.93 MiB/189.18 MiB at 938.93 kiB/s
2025-05-25 13:16:58.971    app     info:    [server-manager] Downloaded 94.89 MiB/189.18 MiB at 920.73 kiB/s
2025-05-25 13:17:00.003    app     info:    [server-manager] Downloaded 95.79 MiB/189.18 MiB at 784.31 kiB/s
2025-05-25 13:17:01.034    app     info:    [server-manager] Downloaded 96.72 MiB/189.18 MiB at 917.78 kiB/s
2025-05-25 13:17:02.055    app     info:    [server-manager] Downloaded 97.64 MiB/189.18 MiB at 942.86 kiB/s
2025-05-25 13:17:03.066    app     info:    [server-manager] Downloaded 98.54 MiB/189.18 MiB at 855.45 kiB/s
2025-05-25 13:17:04.067    app     info:    [server-manager] Downloaded 99.46 MiB/189.18 MiB at 924.30 kiB/s
2025-05-25 13:17:05.078    app     info:    [server-manager] Downloaded 100.30 MiB/189.18 MiB at 917.00 kiB/s
2025-05-25 13:17:06.103    app     info:    [server-manager] Downloaded 101.23 MiB/189.18 MiB at 914.40 kiB/s
2025-05-25 13:17:06.914    app     warn:    Retrying request to https://creatives2.extccp.com (1) Request timed out    p [RequestTimeoutError]: Request timed out
    at ClientRequest.<anonymous> (C:\Program Files (x86)\Steam\steamapps\common\Eve Online\app-1.10.0\resources\app.asar\.webpack\main\index.js:8:3165803)
    at ClientRequest.emit (node:events:518:28)
    at TLSSocket.emitRequestTimeout (node:_http_client:863:9)
    at Object.onceWrapper (node:events:632:28)
    at TLSSocket.emit (node:events:530:35)
    at Socket._onTimeout (node:net:609:8)
    at listOnTimeout (node:internal/timers:594:17)
    at process.processTimers (node:internal/timers:529:7)
2025-05-25 13:17:07.142    app     info:    [save-as] Retrying download of https://binaries.eveonline.com/bundles/2911964/eveonline_2911964.txt.bundle.3 (attempt 1) Error occurred while saving file to disk 'C:\Games\EVE\ResFiles\bundles\2911964\.eveonline_2911964.txt.bundle.3.tmp'
Request timed out    k [SaveAsError]: Error occurred while saving file to disk 'C:\Games\EVE\ResFiles\bundles\2911964\.eveonline_2911964.txt.bundle.3.tmp'
Request timed out
    at k.from (C:\Program Files (x86)\Steam\steamapps\common\Eve Online\app-1.10.0\resources\app.asar\.webpack\main\index.js:8:2357899)
    at v.<anonymous> (C:\Program Files (x86)\Steam\steamapps\common\Eve Online\app-1.10.0\resources\app.asar\.webpack\main\index.js:8:2011614)
    at v.emit (node:events:518:28)
    at v.emitError (C:\Program Files (x86)\Steam\steamapps\common\Eve Online\app-1.10.0\resources\app.asar\.webpack\main\index.js:8:3166710)
    at ClientRequest.<anonymous> (C:\Program Files (x86)\Steam\steamapps\common\Eve Online\app-1.10.0\resources\app.asar\.webpack\main\index.js:8:3165663)
    at ClientRequest.emit (node:events:530:35)
    at emitErrorEvent (node:_http_client:104:11)
    at TLSSocket.socketErrorListener (node:_http_client:518:5)
    at TLSSocket.emit (node:events:518:28)
    at emitErrorNT (node:internal/streams/destroy:170:8) {
  cause: p [RequestTimeoutError]: Request timed out
      at ClientRequest.<anonymous> (C:\Program Files (x86)\Steam\steamapps\common\Eve Online\app-1.10.0\resources\app.asar\.webpack\main\index.js:8:3165803)
      at ClientRequest.emit (node:events:530:35)
      at TLSSocket.emitRequestTimeout (node:_http_client:863:9)
      at Object.onceWrapper (node:events:632:28)
      at TLSSocket.emit (node:events:530:35)
      at Socket._onTimeout (node:net:609:8)
      at listOnTimeout (node:internal/timers:594:17)
      at process.processTimers (node:internal/timers:529:7)
}
2025-05-25 13:17:07.161    app     info:    [server-manager] Downloaded 102.23 MiB/189.18 MiB at 900.97 kiB/s
2025-05-25 13:17:08.198    app     info:    [server-manager] Downloaded 103.06 MiB/189.18 MiB at 828.69 kiB/s
2025-05-25 13:17:09.222    app     info:    [server-manager] Downloaded 103.95 MiB/189.18 MiB at 1.34 MiB/s
2025-05-25 13:17:10.231    app     info:    [server-manager] Downloaded 104.79 MiB/189.18 MiB at 769.73 kiB/s
2025-05-25 13:17:11.253    app     info:    [server-manager] Downloaded 105.69 MiB/189.18 MiB at 881.86 kiB/s
2025-05-25 13:17:12.291    app     info:    [server-manager] Downloaded 106.58 MiB/189.18 MiB at 837.21 kiB/s
2025-05-25 13:17:12.629    app     info:    [scheduler] Starting scheduler foreground
2025-05-25 13:17:12.660    app    error:    [authentication] Could not refresh token for '29795975' on 'tranquility' Tokens for '29795975' on 'tranquility' are invalid, refresh was skipped    h [InvalidTokenError]: Tokens for '29795975' on 'tranquility' are invalid, refresh was skipped
    at P (C:\Program Files (x86)\Steam\steamapps\common\Eve Online\app-1.10.0\resources\app.asar\.webpack\main\index.js:8:1882553)
    at C:\Program Files (x86)\Steam\steamapps\common\Eve Online\app-1.10.0\resources\app.asar\.webpack\main\index.js:8:3028347
    at C:\Program Files (x86)\Steam\steamapps\common\Eve Online\app-1.10.0\resources\app.asar\.webpack\main\index.js:8:2330516
    at C:\Program Files (x86)\Steam\steamapps\common\Eve Online\app-1.10.0\resources\app.asar\.webpack\main\index.js:8:3032114
    at process.processTicksAndRejections (node:internal/process/task_queues:105:5)
2025-05-25 13:17:12.661    app    error:    [AuthenticationMiddleware] Could not update data on active user change Tokens for '29795975' on 'tranquility' are invalid, refresh was skipped    h [InvalidTokenError]: Tokens for '29795975' on 'tranquility' are invalid, refresh was skipped
    at P (C:\Program Files (x86)\Steam\steamapps\common\Eve Online\app-1.10.0\resources\app.asar\.webpack\main\index.js:8:1882553)
    at C:\Program Files (x86)\Steam\steamapps\common\Eve Online\app-1.10.0\resources\app.asar\.webpack\main\index.js:8:3028347
    at C:\Program Files (x86)\Steam\steamapps\common\Eve Online\app-1.10.0\resources\app.asar\.webpack\main\index.js:8:2330516
    at C:\Program Files (x86)\Steam\steamapps\common\Eve Online\app-1.10.0\resources\app.asar\.webpack\main\index.js:8:3032114
    at process.processTicksAndRejections (node:internal/process/task_queues:105:5)
2025-05-25 13:17:13.317    app     info:    [server-manager] Downloaded 107.48 MiB/189.18 MiB at 947.35 kiB/s
2025-05-25 13:17:14.316    app     info:    [server-manager] Downloaded 108.38 MiB/189.18 MiB at 929.04 kiB/s
2025-05-25 13:17:15.333    app     info:    [server-manager] Downloaded 109.24 MiB/189.18 MiB at 980.81 kiB/s
2025-05-25 13:17:16.343    app     info:    [server-manager] Downloaded 110.15 MiB/189.18 MiB at 980.11 kiB/s
2025-05-25 13:17:17.349    app     info:    [server-manager] Downloaded 111.12 MiB/189.18 MiB at 924.30 kiB/s
2025-05-25 13:17:17.666    app     info:    [time-sync] Failed to sync time with 1 servers
2025-05-25 13:17:17.667    app     info:    [time-sync] Compared time with 4 servers. 3 successful, 1 failed.
2025-05-25 13:17:17.667    app     info:    [time-sync] Not showing any warnings because there were errors fetching the time.
2025-05-25 13:17:18.409    app     info:    [server-manager] Downloaded 112.01 MiB/189.18 MiB at 1.29 MiB/s
2025-05-25 13:17:18.823    app     info:    [scheduler] Stopped scheduler foreground
2025-05-25 13:17:18.824    app     info:    [ipc-requests] Handling requests in the background
2025-05-25 13:17:19.428    app     info:    [server-manager] Downloaded 112.80 MiB/189.18 MiB at 890.60 kiB/s
2025-05-25 13:17:19.830    app     info:    [ipc-requests] No longer handling requests in the background
2025-05-25 13:17:20.481    app     info:    [server-manager] Downloaded 113.53 MiB/189.18 MiB at 780.49 kiB/s
2025-05-25 13:17:21.518    app     info:    [server-manager] Downloaded 114.46 MiB/189.18 MiB at 1,008.43 kiB/s
2025-05-25 13:17:22.037    app     info:    [scheduler] Starting scheduler foreground
2025-05-25 13:17:22.535    app     info:    [server-manager] Downloaded 115.29 MiB/189.18 MiB at 1.24 MiB/s
2025-05-25 13:17:23.565    app     info:    [server-manager] Downloaded 116.19 MiB/189.18 MiB at 842.89 kiB/s
2025-05-25 13:17:24.613    app     info:    [server-manager] Downloaded 117.08 MiB/189.18 MiB at 827.28 kiB/s
2025-05-25 13:17:25.659    app     info:    [server-manager] Downloaded 117.98 MiB/189.18 MiB at 785.43 kiB/s
2025-05-25 13:17:26.689    app     info:    [server-manager] Downloaded 118.74 MiB/189.18 MiB at 969.41 kiB/s
2025-05-25 13:17:27.704    app     info:    [server-manager] Downloaded 119.53 MiB/189.18 MiB at 788.95 kiB/s
2025-05-25 13:17:28.774    app     info:    [server-manager] Downloaded 120.46 MiB/189.18 MiB at 916.82 kiB/s
2025-05-25 13:17:29.480    app     info:    [scheduler] Stopped scheduler foreground
2025-05-25 13:17:29.481    app     info:    [ipc-requests] Handling requests in the background
2025-05-25 13:17:29.821    app     info:    [server-manager] Downloaded 121.39 MiB/189.18 MiB at 1,018.15 kiB/s
2025-05-25 13:17:30.496    app     info:    [ipc-requests] No longer handling requests in the background
2025-05-25 13:17:30.848    app     info:    [server-manager] Downloaded 122.21 MiB/189.18 MiB at 480.00 kiB/s
2025-05-25 13:17:31.863    app     info:    [server-manager] Downloaded 123.11 MiB/189.18 MiB at 854.61 kiB/s
2025-05-25 13:17:32.942    app     info:    [server-manager] Downloaded 124.03 MiB/189.18 MiB at 856.83 kiB/s
2025-05-25 13:17:33.974    app     info:    [server-manager] Downloaded 124.94 MiB/189.18 MiB at 921.81 kiB/s
2025-05-25 13:17:34.127    app     info:    [scheduler] Starting scheduler foreground
2025-05-25 13:17:34.984    app     info:    [server-manager] Downloaded 125.73 MiB/189.18 MiB at 821.34 kiB/s
2025-05-25 13:17:36.002    app     info:    [server-manager] Downloaded 126.70 MiB/189.18 MiB at 416.46 kiB/s
2025-05-25 13:17:37.066    app     info:    [server-manager] Downloaded 127.63 MiB/189.18 MiB at 867.04 kiB/s
2025-05-25 13:17:38.073    app     info:    [server-manager] Downloaded 128.47 MiB/189.18 MiB at 843.75 kiB/s
2025-05-25 13:17:38.386    app     info:    [login-window] Navigation to login completed, receiving code & state (fG3ScC0uvuurAIs9gLR0RceCI8YdD9edhfsZe-ZaAr4)
2025-05-25 13:17:39.147    app     info:    [server-manager] Downloaded 129.36 MiB/189.18 MiB at 890.57 kiB/s
2025-05-25 13:17:40.198    app     info:    [server-manager] Downloaded 130.23 MiB/189.18 MiB at 892.31 kiB/s
2025-05-25 13:17:41.250    app     info:    [server-manager] Downloaded 131.09 MiB/189.18 MiB at 884.39 kiB/s
2025-05-25 13:17:42.257    app     info:    [server-manager] Downloaded 132.01 MiB/189.18 MiB at 879.70 kiB/s
2025-05-25 13:17:43.307    app     info:    [server-manager] Downloaded 132.88 MiB/189.18 MiB at 692.62 kiB/s
2025-05-25 13:17:44.348    app     info:    [server-manager] Downloaded 133.73 MiB/189.18 MiB at 1.25 MiB/s
2025-05-25 13:17:45.354    app     info:    [server-manager] Downloaded 134.56 MiB/189.18 MiB at 1,013.86 kiB/s
2025-05-25 13:17:46.388    app     info:    [server-manager] Downloaded 135.55 MiB/189.18 MiB at 1.08 MiB/s
2025-05-25 13:17:47.422    app     info:    [server-manager] Downloaded 136.33 MiB/189.18 MiB at 829.17 kiB/s
2025-05-25 13:17:48.441    app     info:    [server-manager] Downloaded 137.17 MiB/189.18 MiB at 352.00 kiB/s
2025-05-25 13:17:49.501    app     info:    [server-manager] Downloaded 138.07 MiB/189.18 MiB at 797.05 kiB/s
2025-05-25 13:17:50.106    app     info:    [quasar-elg-events] Queueing event    eve_launcher.electron.authentication.UserTokensReceived
2025-05-25 13:17:50.118    app     info:    [quasar-29795975] Reviving connection with new credentials
2025-05-25 13:17:50.130    app     info:    [quasar-elg-events] Event sent    type.evetech.net/eve_launcher.electron.authentication.UserTokensReceived
2025-05-25 13:17:50.137    app     info:    [quasar-elg-events] Queueing event    eve_launcher.electron.authentication.UserAuthenticated
2025-05-25 13:17:50.181    app     info:    [quasar-elg-events] Event sent    type.evetech.net/eve_launcher.electron.authentication.UserAuthenticated
2025-05-25 13:17:50.191    app     info:    [quasar-elg-events] Queueing event    eve_launcher.electron.authentication.LoginWindowClosed
2025-05-25 13:17:50.191    app     info:    [login-window] Login window with state 'fG3ScC0uvuurAIs9gLR0RceCI8YdD9edhfsZe-ZaAr4' has been closed
2025-05-25 13:17:50.195    app     info:    [quasar-elg-events] Event sent    type.evetech.net/eve_launcher.electron.authentication.LoginWindowClosed
2025-05-25 13:17:50.251    app     warn:    [quasar-29795975] Quasar connection encountered an internal error with unknown code [internal]    a [ConnectError]: [internal]
    at ee (C:\Program Files (x86)\Steam\steamapps\common\Eve Online\app-1.10.0\resources\app.asar\.webpack\main\index.js:8:3181501)
    at C:\Program Files (x86)\Steam\steamapps\common\Eve Online\app-1.10.0\resources\app.asar\.webpack\main\index.js:8:3181974
    at te (C:\Program Files (x86)\Steam\steamapps\common\Eve Online\app-1.10.0\resources\app.asar\.webpack\main\index.js:8:3182022)
    at next (C:\Program Files (x86)\Steam\steamapps\common\Eve Online\app-1.10.0\resources\app.asar\.webpack\main\index.js:8:3190015)
    at process.processTicksAndRejections (node:internal/process/task_queues:105:5) {
  rawMessage: '',
  code: 13,
  metadata: Headers {
    'content-type': 'application/grpc+proto',
    'grpc-status': '13',
    'grpc-message': ''
  },
  details: [],
  cause: undefined
}
2025-05-25 13:17:50.541    app     info:    [server-manager] Downloaded 138.96 MiB/189.18 MiB at 764.46 kiB/s
2025-05-25 13:17:51.579    app     info:    [server-manager] Downloaded 139.78 MiB/189.18 MiB at 345.78 kiB/s
2025-05-25 13:17:52.620    app     info:    [server-manager] Downloaded 140.51 MiB/189.18 MiB at 707.87 kiB/s
2025-05-25 13:17:53.655    app     info:    [server-manager] Downloaded 141.34 MiB/189.18 MiB at 902.72 kiB/s
2025-05-25 13:17:54.692    app     info:    [server-manager] Downloaded 142.26 MiB/189.18 MiB at 930.24 kiB/s
2025-05-25 13:17:55.742    app     info:    [server-manager] Downloaded 143.18 MiB/189.18 MiB at 869.57 kiB/s
2025-05-25 13:17:56.756    app     info:    [server-manager] Downloaded 144.02 MiB/189.18 MiB at 866.25 kiB/s
2025-05-25 13:17:57.819    app     info:    [server-manager] Downloaded 144.92 MiB/189.18 MiB at 1.40 MiB/s
2025-05-25 13:17:58.826    app     info:    [server-manager] Downloaded 145.74 MiB/189.18 MiB at 861.25 kiB/s
2025-05-25 13:17:59.847    app     info:    [server-manager] Downloaded 146.60 MiB/189.18 MiB at 857.13 kiB/s
2025-05-25 13:18:00.543    app    error:    [authentication] Could not refresh token for '31320672' on 'tranquility' Tokens for '31320672' on 'tranquility' are invalid, refresh was skipped    h [InvalidTokenError]: Tokens for '31320672' on 'tranquility' are invalid, refresh was skipped
    at P (C:\Program Files (x86)\Steam\steamapps\common\Eve Online\app-1.10.0\resources\app.asar\.webpack\main\index.js:8:1882553)
    at C:\Program Files (x86)\Steam\steamapps\common\Eve Online\app-1.10.0\resources\app.asar\.webpack\main\index.js:8:3028347
    at C:\Program Files (x86)\Steam\steamapps\common\Eve Online\app-1.10.0\resources\app.asar\.webpack\main\index.js:8:2330516
    at C:\Program Files (x86)\Steam\steamapps\common\Eve Online\app-1.10.0\resources\app.asar\.webpack\main\index.js:8:3032114
    at process.processTicksAndRejections (node:internal/process/task_queues:105:5)
2025-05-25 13:18:00.544    app    error:    [AuthenticationMiddleware] Could not update data on active user change Tokens for '31320672' on 'tranquility' are invalid, refresh was skipped    h [InvalidTokenError]: Tokens for '31320672' on 'tranquility' are invalid, refresh was skipped
    at P (C:\Program Files (x86)\Steam\steamapps\common\Eve Online\app-1.10.0\resources\app.asar\.webpack\main\index.js:8:1882553)
    at C:\Program Files (x86)\Steam\steamapps\common\Eve Online\app-1.10.0\resources\app.asar\.webpack\main\index.js:8:3028347
    at C:\Program Files (x86)\Steam\steamapps\common\Eve Online\app-1.10.0\resources\app.asar\.webpack\main\index.js:8:2330516
    at C:\Program Files (x86)\Steam\steamapps\common\Eve Online\app-1.10.0\resources\app.asar\.webpack\main\index.js:8:3032114
    at process.processTicksAndRejections (node:internal/process/task_queues:105:5)
2025-05-25 13:18:00.599    app    error:    [authentication] Could not refresh token for '31320672' on 'tranquility' Tokens for '31320672' on 'tranquility' are invalid, refresh was skipped    h [InvalidTokenError]: Tokens for '31320672' on 'tranquility' are invalid, refresh was skipped
    at P (C:\Program Files (x86)\Steam\steamapps\common\Eve Online\app-1.10.0\resources\app.asar\.webpack\main\index.js:8:1882553)
    at F.listenForRequestsAsync (C:\Program Files (x86)\Steam\steamapps\common\Eve Online\app-1.10.0\resources\app.asar\.webpack\main\index.js:8:1985777)
    at process.processTicksAndRejections (node:internal/process/task_queues:105:5)
2025-05-25 13:18:00.599    app    error:    [quasar-31320672] Failed to refresh token, shutting down connection Tokens for '31320672' on 'tranquility' are invalid, refresh was skipped    h [InvalidTokenError]: Tokens for '31320672' on 'tranquility' are invalid, refresh was skipped
    at P (C:\Program Files (x86)\Steam\steamapps\common\Eve Online\app-1.10.0\resources\app.asar\.webpack\main\index.js:8:1882553)
    at F.listenForRequestsAsync (C:\Program Files (x86)\Steam\steamapps\common\Eve Online\app-1.10.0\resources\app.asar\.webpack\main\index.js:8:1985777)
    at process.processTicksAndRejections (node:internal/process/task_queues:105:5)
2025-05-25 13:18:00.855    app     info:    [server-manager] Downloaded 147.41 MiB/189.18 MiB at 349.90 kiB/s
2025-05-25 13:18:01.869    app     info:    [server-manager] Downloaded 148.04 MiB/189.18 MiB at 713.40 kiB/s
2025-05-25 13:18:02.188    app     info:    [authentication] Generated login URL with state 'Ll2BuwCsej83nwwIC5Qac0lkMDfRID_w2flJrMLK2U0' for 'tranquility' using clientID 'eveLauncherTQ'
2025-05-25 13:18:02.206    app     info:    [login-window] Creating login window using URI 'https://login.eveonline.com/account/logoff?lang=en&ReturnUrl=%2Fv2%2Foauth%2Fauthorize%3Fresponse_type%3Dcode%26client_id%3DeveLauncherTQ%26scope%3DeveClientLogin%2Bcisservice.customerRead.v1%2Bcisservice.customerWrite.v1%2Bcisservice.userProfileBasic.v1%2Bvgs.transactionRead.v1%2Bvgs.marketAccess.v1%26redirect_uri%3Dhttps%253A%252F%252Flogin.eveonline.com%252Flauncher%253Fclient_id%253DeveLauncherTQ%26state%3DLl2BuwCsej83nwwIC5Qac0lkMDfRID_w2flJrMLK2U0%26code_challenge_method%3DS256%26code_challenge%3DRsU89j5-8ymY40IvRXPAkKllJIy6WsCICnbPYpVrpTY'
2025-05-25 13:18:02.885    app     info:    [server-manager] Downloaded 148.87 MiB/189.18 MiB at 815.69 kiB/s
2025-05-25 13:18:03.949    app     info:    [server-manager] Downloaded 149.69 MiB/189.18 MiB at 743.04 kiB/s
2025-05-25 13:18:04.975    app     info:    [server-manager] Downloaded 150.57 MiB/189.18 MiB at 920.63 kiB/s
2025-05-25 13:18:05.994    app     info:    [server-manager] Downloaded 151.36 MiB/189.18 MiB at 713.62 kiB/s
2025-05-25 13:18:07.043    app     info:    [server-manager] Downloaded 152.20 MiB/189.18 MiB at 1.22 MiB/s
2025-05-25 13:18:08.053    app     info:    [server-manager] Downloaded 153.09 MiB/189.18 MiB at 860.56 kiB/s
2025-05-25 13:18:09.078    app     info:    [server-manager] Downloaded 153.84 MiB/189.18 MiB at 814.72 kiB/s
2025-05-25 13:18:10.099    app     info:    [server-manager] Downloaded 154.64 MiB/189.18 MiB at 379.45 kiB/s
2025-05-25 13:18:11.130    app     info:    [server-manager] Downloaded 155.55 MiB/189.18 MiB at 1.42 MiB/s
2025-05-25 13:18:12.152    app     info:    [server-manager] Downloaded 156.48 MiB/189.18 MiB at 977.13 kiB/s
2025-05-25 13:18:12.668    app    error:    [authentication] Could not refresh token for '31320672' on 'tranquility' Tokens for '31320672' on 'tranquility' are invalid, refresh was skipped    h [InvalidTokenError]: Tokens for '31320672' on 'tranquility' are invalid, refresh was skipped
    at P (C:\Program Files (x86)\Steam\steamapps\common\Eve Online\app-1.10.0\resources\app.asar\.webpack\main\index.js:8:1882553)
    at C:\Program Files (x86)\Steam\steamapps\common\Eve Online\app-1.10.0\resources\app.asar\.webpack\main\index.js:8:3028347
    at C:\Program Files (x86)\Steam\steamapps\common\Eve Online\app-1.10.0\resources\app.asar\.webpack\main\index.js:8:2330516
    at C:\Program Files (x86)\Steam\steamapps\common\Eve Online\app-1.10.0\resources\app.asar\.webpack\main\index.js:8:3032114
    at process.processTicksAndRejections (node:internal/process/task_queues:105:5)
2025-05-25 13:18:12.668    app    error:    [AuthenticationMiddleware] Could not update data on active user change Tokens for '31320672' on 'tranquility' are invalid, refresh was skipped    h [InvalidTokenError]: Tokens for '31320672' on 'tranquility' are invalid, refresh was skipped
    at P (C:\Program Files (x86)\Steam\steamapps\common\Eve Online\app-1.10.0\resources\app.asar\.webpack\main\index.js:8:1882553)
    at C:\Program Files (x86)\Steam\steamapps\common\Eve Online\app-1.10.0\resources\app.asar\.webpack\main\index.js:8:3028347
    at C:\Program Files (x86)\Steam\steamapps\common\Eve Online\app-1.10.0\resources\app.asar\.webpack\main\index.js:8:2330516
    at C:\Program Files (x86)\Steam\steamapps\common\Eve Online\app-1.10.0\resources\app.asar\.webpack\main\index.js:8:3032114
    at process.processTicksAndRejections (node:internal/process/task_queues:105:5)
2025-05-25 13:18:13.214    app     info:    [server-manager] Downloaded 157.32 MiB/189.18 MiB at 758.12 kiB/s
2025-05-25 13:18:14.268    app     info:    [server-manager] Downloaded 158.12 MiB/189.18 MiB at 748.77 kiB/s
2025-05-25 13:18:15.284    app     info:    [server-manager] Downloaded 158.80 MiB/189.18 MiB at 736.00 kiB/s
2025-05-25 13:18:15.793    app     info:    [save-as] Retrying download of https://binaries.eveonline.com/bundles/2911964/eveonline_2911964.txt.bundle.5 (attempt 1) Error occurred while saving file to disk 'C:\Games\EVE\ResFiles\bundles\2911964\.eveonline_2911964.txt.bundle.5.tmp'
Request timed out    k [SaveAsError]: Error occurred while saving file to disk 'C:\Games\EVE\ResFiles\bundles\2911964\.eveonline_2911964.txt.bundle.5.tmp'
Request timed out
    at k.from (C:\Program Files (x86)\Steam\steamapps\common\Eve Online\app-1.10.0\resources\app.asar\.webpack\main\index.js:8:2357899)
    at v.<anonymous> (C:\Program Files (x86)\Steam\steamapps\common\Eve Online\app-1.10.0\resources\app.asar\.webpack\main\index.js:8:2011614)
    at v.emit (node:events:518:28)
    at v.emitError (C:\Program Files (x86)\Steam\steamapps\common\Eve Online\app-1.10.0\resources\app.asar\.webpack\main\index.js:8:3166710)
    at ClientRequest.<anonymous> (C:\Program Files (x86)\Steam\steamapps\common\Eve Online\app-1.10.0\resources\app.asar\.webpack\main\index.js:8:3165663)
    at ClientRequest.emit (node:events:530:35)
    at emitErrorEvent (node:_http_client:104:11)
    at TLSSocket.socketErrorListener (node:_http_client:518:5)
    at TLSSocket.emit (node:events:518:28)
    at emitErrorNT (node:internal/streams/destroy:170:8) {
  cause: p [RequestTimeoutError]: Request timed out
      at ClientRequest.<anonymous> (C:\Program Files (x86)\Steam\steamapps\common\Eve Online\app-1.10.0\resources\app.asar\.webpack\main\index.js:8:3165803)
      at ClientRequest.emit (node:events:530:35)
      at TLSSocket.emitRequestTimeout (node:_http_client:863:9)
      at Object.onceWrapper (node:events:632:28)
      at TLSSocket.emit (node:events:530:35)
      at Socket._onTimeout (node:net:609:8)
      at listOnTimeout (node:internal/timers:594:17)
      at process.processTimers (node:internal/timers:529:7)
}
2025-05-25 13:18:16.290    app     info:    [server-manager] Downloaded 159.16 MiB/189.18 MiB at 734.53 kiB/s
2025-05-25 13:18:17.310    app     info:    [server-manager] Downloaded 160.04 MiB/189.18 MiB at 909.90 kiB/s
2025-05-25 13:18:18.330    app     info:    [server-manager] Downloaded 160.86 MiB/189.18 MiB at 751.47 kiB/s
2025-05-25 13:18:18.862    app     info:    [time-sync] Failed to sync time with 2 servers
2025-05-25 13:18:18.862    app     info:    [time-sync] Compared time with 4 servers. 2 successful, 2 failed.
2025-05-25 13:18:18.863    app     info:    [time-sync] Not showing any warnings because there were errors fetching the time.
2025-05-25 13:18:19.353    app     info:    [server-manager] Downloaded 161.63 MiB/189.18 MiB at 751.69 kiB/s
2025-05-25 13:18:19.896    app     info:    [scheduler] Stopped scheduler foreground
2025-05-25 13:18:19.897    app     info:    [ipc-requests] Handling requests in the background
2025-05-25 13:18:20.394    app     info:    [server-manager] Downloaded 162.48 MiB/189.18 MiB at 859.82 kiB/s
2025-05-25 13:18:20.904    app     info:    [ipc-requests] No longer handling requests in the background
2025-05-25 13:18:21.427    app     info:    [server-manager] Downloaded 162.94 MiB/189.18 MiB at 429.12 kiB/s
2025-05-25 13:18:22.438    app     info:    [server-manager] Downloaded 163.35 MiB/189.18 MiB at 536.49 kiB/s
2025-05-25 13:18:23.532    app     info:    [server-manager] Downloaded 164.04 MiB/189.18 MiB at 675.62 kiB/s
2025-05-25 13:18:24.540    app     info:    [server-manager] Downloaded 164.77 MiB/189.18 MiB at 667.99 kiB/s
2025-05-25 13:18:25.566    app     info:    [server-manager] Downloaded 165.56 MiB/189.18 MiB at 645.83 kiB/s
2025-05-25 13:18:26.574    app     info:    [server-manager] Downloaded 166.31 MiB/189.18 MiB at 783.56 kiB/s
2025-05-25 13:18:27.658    app     info:    [server-manager] Downloaded 167.10 MiB/189.18 MiB at 820.46 kiB/s
2025-05-25 13:18:28.676    app     info:    [server-manager] Downloaded 167.89 MiB/189.18 MiB at 780.51 kiB/s
2025-05-25 13:18:29.730    app     info:    [server-manager] Downloaded 168.71 MiB/189.18 MiB at 777.47 kiB/s
2025-05-25 13:18:30.753    app     info:    [server-manager] Downloaded 169.55 MiB/189.18 MiB at 510.98 kiB/s
2025-05-25 13:18:31.754    app     info:    [server-manager] Downloaded 170.37 MiB/189.18 MiB at 343.81 kiB/s
2025-05-25 13:18:32.760    app     info:    [server-manager] Downloaded 171.17 MiB/189.18 MiB at 412.70 kiB/s
2025-05-25 13:18:33.788    app     info:    [server-manager] Downloaded 171.91 MiB/189.18 MiB at 572.23 kiB/s
2025-05-25 13:18:34.789    app     info:    [server-manager] Downloaded 172.67 MiB/189.18 MiB at 352.00 kiB/s
2025-05-25 13:18:35.122    app     info:    [scheduler] Starting scheduler foreground
2025-05-25 13:18:35.812    app     info:    [server-manager] Downloaded 173.40 MiB/189.18 MiB at 1.11 MiB/s
2025-05-25 13:18:35.898    app     info:    [scheduler] Stopped scheduler foreground
2025-05-25 13:18:35.899    app     info:    [ipc-requests] Handling requests in the background
2025-05-25 13:18:36.827    app     info:    [server-manager] Downloaded 174.18 MiB/189.18 MiB at 748.51 kiB/s
2025-05-25 13:18:36.906    app     info:    [ipc-requests] No longer handling requests in the background
2025-05-25 13:18:37.877    app     info:    [server-manager] Downloaded 174.94 MiB/189.18 MiB at 614.26 kiB/s
2025-05-25 13:18:37.953    app     info:    [scheduler] Starting scheduler foreground
2025-05-25 13:18:38.915    app     info:    [server-manager] Downloaded 175.91 MiB/189.18 MiB at 983.12 kiB/s
2025-05-25 13:18:40.004    app     info:    [server-manager] Downloaded 176.83 MiB/189.18 MiB at 1.23 MiB/s
2025-05-25 13:18:41.016    app     info:    [server-manager] Downloaded 177.65 MiB/189.18 MiB at 881.49 kiB/s
2025-05-25 13:18:42.052    app     info:    [server-manager] Downloaded 178.39 MiB/189.18 MiB at 667.71 kiB/s
2025-05-25 13:18:43.089    app     info:    [server-manager] Downloaded 179.23 MiB/189.18 MiB at 762.80 kiB/s
2025-05-25 13:18:44.130    app     info:    [server-manager] Downloaded 180.17 MiB/189.18 MiB at 921.82 kiB/s
2025-05-25 13:18:45.166    app     info:    [server-manager] Downloaded 181.05 MiB/189.18 MiB at 862.62 kiB/s
2025-05-25 13:18:46.210    app     info:    [server-manager] Downloaded 181.94 MiB/189.18 MiB at 977.26 kiB/s
2025-05-25 13:18:46.513    app     info:    [scheduler] Stopped scheduler foreground
2025-05-25 13:18:46.514    app     info:    [ipc-requests] Handling requests in the background
2025-05-25 13:18:47.223    app     info:    [server-manager] Downloaded 182.91 MiB/189.18 MiB at 1.07 MiB/s
2025-05-25 13:18:47.515    app     info:    [ipc-requests] No longer handling requests in the background
2025-05-25 13:18:48.259    app     info:    [server-manager] Downloaded 183.83 MiB/189.18 MiB at 895.43 kiB/s
2025-05-25 13:18:49.296    app     info:    [server-manager] Downloaded 184.73 MiB/189.18 MiB at 907.34 kiB/s
2025-05-25 13:18:50.310    app     info:    [server-manager] Downloaded 185.65 MiB/189.18 MiB at 930.24 kiB/s
2025-05-25 13:18:51.335    app     info:    [server-manager] Downloaded 186.47 MiB/189.18 MiB at 352.00 kiB/s
2025-05-25 13:18:52.360    app     info:    [server-manager] Downloaded 187.41 MiB/189.18 MiB at 1,019.25 kiB/s
2025-05-25 13:18:53.380    app     info:    [server-manager] Downloaded 188.16 MiB/189.18 MiB at 783.56 kiB/s
2025-05-25 13:18:54.318    app     info:    [scheduler] Starting scheduler foreground
2025-05-25 13:18:54.412    app     info:    [server-manager] Downloaded 188.79 MiB/189.18 MiB at 535.89 kiB/s
2025-05-25 13:18:54.603    app     info:    [download-from-manifest] Downloaded 19 files (188.97 MiB) in 3 minutes, 48.246 seconds
2025-05-25 13:18:54.604    app     info:    [download-from-manifest] Average download speed: 847.81 kiB/s
2025-05-25 13:18:54.604    app     info:    [server-manager] Unpacking binary chunks
2025-05-25 13:18:55.419    app     info:    [server-manager] Unpacking files, this may take a while. Extracting file 17/226
2025-05-25 13:18:56.553    app     info:    [server-manager] Unpacking files, this may take a while. Extracting file 71/226
2025-05-25 13:18:57.549    app     info:    [server-manager] Unpacking files, this may take a while. Extracting file 112/226
2025-05-25 13:18:58.169    app     info:    [login-window] Navigation to login completed, receiving code & state (Ll2BuwCsej83nwwIC5Qac0lkMDfRID_w2flJrMLK2U0)
2025-05-25 13:18:58.428    app     info:    [quasar-elg-events] Queueing event    eve_launcher.electron.authentication.UserTokensReceived
2025-05-25 13:18:58.439    app     info:    [quasar-31320672] Reviving connection with new credentials
2025-05-25 13:18:58.447    app     info:    [quasar-elg-events] Event sent    type.evetech.net/eve_launcher.electron.authentication.UserTokensReceived
2025-05-25 13:18:58.451    app     info:    [quasar-elg-events] Queueing event    eve_launcher.electron.authentication.UserAuthenticated
2025-05-25 13:18:58.486    app     info:    [quasar-elg-events] Event sent    type.evetech.net/eve_launcher.electron.authentication.UserAuthenticated
2025-05-25 13:18:58.495    app     info:    [quasar-elg-events] Queueing event    eve_launcher.electron.authentication.LoginWindowClosed
2025-05-25 13:18:58.495    app     info:    [login-window] Login window with state 'Ll2BuwCsej83nwwIC5Qac0lkMDfRID_w2flJrMLK2U0' has been closed
2025-05-25 13:18:58.499    app     info:    [quasar-elg-events] Event sent    type.evetech.net/eve_launcher.electron.authentication.LoginWindowClosed
2025-05-25 13:18:58.545    app     warn:    [quasar-31320672] Quasar connection encountered an internal error with unknown code [internal]    a [ConnectError]: [internal]
    at ee (C:\Program Files (x86)\Steam\steamapps\common\Eve Online\app-1.10.0\resources\app.asar\.webpack\main\index.js:8:3181501)
    at C:\Program Files (x86)\Steam\steamapps\common\Eve Online\app-1.10.0\resources\app.asar\.webpack\main\index.js:8:3181974
    at te (C:\Program Files (x86)\Steam\steamapps\common\Eve Online\app-1.10.0\resources\app.asar\.webpack\main\index.js:8:3182022)
    at next (C:\Program Files (x86)\Steam\steamapps\common\Eve Online\app-1.10.0\resources\app.asar\.webpack\main\index.js:8:3190015)
    at process.processTicksAndRejections (node:internal/process/task_queues:105:5) {
  rawMessage: '',
  code: 13,
  metadata: Headers {
    'content-type': 'application/grpc+proto',
    'grpc-status': '13',
    'grpc-message': ''
  },
  details: [],
  cause: undefined
}
2025-05-25 13:18:58.795    app     info:    [server-manager] Unpacking files, this may take a while. Extracting file 133/226
2025-05-25 13:18:59.104    app     info:    [server-manager] Unpacking files, this may take a while. Extracting file 133/226
2025-05-25 13:19:00.104    app     info:    [server-manager] Unpacking files, this may take a while. Extracting file 189/226
2025-05-25 13:19:01.165    app     info:    [server-manager] Unpacking files, this may take a while. Extracting file 219/226
2025-05-25 13:19:01.484    app     info:    [chunk-unpacker] Unpacked chunks, and wrote 226 files (377 MB) in 6.878 seconds
2025-05-25 13:19:01.485    app     info:    [chunk-unpacker] Average unpacking speed: 54.7 MB/s
2025-05-25 13:19:01.494    app     info:    [quasar-elg-events] Queueing event    eve_launcher.electron.eve_client.CopyingFilesStarted
2025-05-25 13:19:01.494    app     info:    [binary-copier] Copying 226 files (377 MB) to 'C:\Games\EVE\tq'
2025-05-25 13:19:01.495    app     info:    [quasar-elg-events] Event sent    type.evetech.net/eve_launcher.electron.eve_client.CopyingFilesStarted
2025-05-25 13:19:01.526    app     info:    [binary-copier] Removing old binaries
2025-05-25 13:19:01.530    app     info:    [binary-copier] Copying binaries from ResFiles
2025-05-25 13:19:01.799    app     info:    [binary-copier] Finished copying 226 files to 'C:\Games\EVE\tq' in 0.311 seconds
2025-05-25 13:19:01.807    app     info:    [quasar-elg-events] Queueing event    eve_launcher.electron.eve_client.CopyingFilesFinished
2025-05-25 13:19:01.807    app     info:    [quasar-elg-events] Event sent    type.evetech.net/eve_launcher.electron.eve_client.CopyingFilesFinished
2025-05-25 13:19:02.171    app     info:    [server-manager] Copying executables 226/226
2025-05-25 13:19:02.297    app     info:    [server-manager] Downloading prefetch chunks in 484 files (5.07 GB)
2025-05-25 13:19:02.298    app     info:    [download-from-manifest] Preparing to download 484 files    { cdn: 2, concurrent: 10 }
2025-05-25 13:19:03.381    app     info:    [server-manager] Downloaded 603.27 kiB/4.72 GiB at 231.40 kiB/s
2025-05-25 13:19:04.411    app     info:    [server-manager] Downloaded 1.44 MiB/4.72 GiB at 1.18 MiB/s
2025-05-25 13:19:05.418    app     info:    [server-manager] Downloaded 2.41 MiB/4.72 GiB at 932.84 kiB/s
2025-05-25 13:19:06.471    app     info:    [server-manager] Downloaded 3.28 MiB/4.72 GiB at 861.32 kiB/s
2025-05-25 13:19:07.476    app     info:    [server-manager] Downloaded 4.23 MiB/4.72 GiB at 418.20 kiB/s
2025-05-25 13:19:08.536    app     info:    [server-manager] Downloaded 5.18 MiB/4.72 GiB at 1.42 MiB/s
2025-05-25 13:19:08.639    app     info:    [customer-information] Agreement status has been fetched for user '23622903'
2025-05-25 13:19:09.544    app     info:    [server-manager] Downloaded 6.16 MiB/4.72 GiB at 1.03 MiB/s
2025-05-25 13:19:10.604    app     info:    [server-manager] Downloaded 7.11 MiB/4.72 GiB at 945.22 kiB/s
2025-05-25 13:19:11.634    app     info:    [server-manager] Downloaded 8.00 MiB/4.72 GiB at 650.71 kiB/s
2025-05-25 13:19:12.649    app     info:    [server-manager] Downloaded 8.97 MiB/4.72 GiB at 988.54 kiB/s
2025-05-25 13:19:12.819    app     info:    [customer-information] Agreement status has been fetched for user '23622903'
2025-05-25 13:19:13.457    app     info:    [authentication] Generated login URL with state 'arJ9bE2zVOMImBnFChUgjznW7UhJNsZ8GpNUMtQjMBs' for 'tranquility' using clientID 'eveLauncherTQ'
2025-05-25 13:19:13.469    app     info:    [login-window] Creating login window using URI 'https://login.eveonline.com/account/logoff?lang=en&ReturnUrl=%2Fv2%2Foauth%2Fauthorize%3Fresponse_type%3Dcode%26client_id%3DeveLauncherTQ%26scope%3DeveClientLogin%2Bcisservice.customerRead.v1%2Bcisservice.customerWrite.v1%2Bcisservice.userProfileBasic.v1%2Bvgs.transactionRead.v1%2Bvgs.marketAccess.v1%26redirect_uri%3Dhttps%253A%252F%252Flogin.eveonline.com%252Flauncher%253Fclient_id%253DeveLauncherTQ%26state%3DarJ9bE2zVOMImBnFChUgjznW7UhJNsZ8GpNUMtQjMBs%26code_challenge_method%3DS256%26code_challenge%3Dby7hyanpbTPfvthcrEvUJHCyMFQvmptat2d-Qjeabmo'
2025-05-25 13:19:13.723    app     info:    [server-manager] Downloaded 9.84 MiB/4.72 GiB at 825.05 kiB/s
2025-05-25 13:19:14.752    app     info:    [server-manager] Downloaded 10.76 MiB/4.72 GiB at 1.05 MiB/s
2025-05-25 13:19:15.825    app     info:    [server-manager] Downloaded 11.70 MiB/4.72 GiB at 1.02 MiB/s
2025-05-25 13:19:16.854    app     info:    [server-manager] Downloaded 12.67 MiB/4.72 GiB at 1.06 MiB/s
2025-05-25 13:19:17.680    app     info:    [time-sync] Failed to sync time with 2 servers
2025-05-25 13:19:17.680    app     info:    [time-sync] Compared time with 4 servers. 2 successful, 2 failed.
2025-05-25 13:19:17.681    app     info:    [time-sync] Not showing any warnings because there were errors fetching the time.
2025-05-25 13:19:17.877    app     info:    [server-manager] Downloaded 13.66 MiB/4.72 GiB at 1,019.31 kiB/s
2025-05-25 13:19:18.923    app     info:    [server-manager] Downloaded 14.61 MiB/4.72 GiB at 867.29 kiB/s
2025-05-25 13:19:19.940    app     info:    [server-manager] Downloaded 15.49 MiB/4.72 GiB at 842.11 kiB/s
2025-05-25 13:19:20.973    app     info:    [server-manager] Downloaded 16.45 MiB/4.72 GiB at 1,000.48 kiB/s
2025-05-25 13:19:22.003    app     info:    [server-manager] Downloaded 17.35 MiB/4.72 GiB at 894.03 kiB/s
2025-05-25 13:19:23.007    app     info:    [server-manager] Downloaded 18.28 MiB/4.72 GiB at 864.00 kiB/s
2025-05-25 13:19:24.013    app     info:    [server-manager] Downloaded 19.19 MiB/4.72 GiB at 375.73 kiB/s
2025-05-25 13:19:24.988    app     info:    [window-manager-minimize] Main window minimized to tray    { windowId: 2 }
2025-05-25 13:19:25.027    app     info:    [window-manager-minimize] Sent notification that the application is minimized to tray    { windowId: 2 }
2025-05-25 13:19:25.028    app     info:    [login-window] Main window closed, closing login window
2025-05-25 13:19:25.071    app     info:    [server-manager] Downloaded 20.06 MiB/4.72 GiB at 764.94 kiB/s
2025-05-25 13:19:25.099    app     info:    [scheduler] Stopped scheduler foreground
2025-05-25 13:19:25.101    app     info:    [ipc-requests] Handling requests in the background
2025-05-25 13:19:25.109    app     info:    [quasar-elg-events] Queueing event    eve_launcher.electron.authentication.LoginWindowClosed
2025-05-25 13:19:25.112    app     info:    [login-window] Login window with state 'arJ9bE2zVOMImBnFChUgjznW7UhJNsZ8GpNUMtQjMBs' has been closed
2025-05-25 13:19:25.117    app     info:    [quasar-elg-events] Event sent    type.evetech.net/eve_launcher.electron.authentication.LoginWindowClosed
2025-05-25 13:19:26.074    app     info:    [server-manager] Downloaded 21.03 MiB/4.72 GiB at 509.96 kiB/s
2025-05-25 13:19:26.101    app     info:    [ipc-requests] No longer handling requests in the background
2025-05-25 13:19:27.091    app     info:    [server-manager] Downloaded 21.98 MiB/4.72 GiB at 872.76 kiB/s
2025-05-25 13:19:28.109    app     info:    [server-manager] Downloaded 22.83 MiB/4.72 GiB at 509.96 kiB/s
2025-05-25 13:19:29.133    app     info:    [server-manager] Downloaded 23.81 MiB/4.72 GiB at 876.23 kiB/s
2025-05-25 13:19:30.192    app     info:    [server-manager] Downloaded 24.74 MiB/4.72 GiB at 867.29 kiB/s
2025-05-25 13:19:31.215    app     info:    [server-manager] Downloaded 25.64 MiB/4.72 GiB at 937.74 kiB/s
2025-05-25 13:19:32.233    app     info:    [server-manager] Downloaded 26.55 MiB/4.72 GiB at 950.61 kiB/s
2025-05-25 13:19:33.271    app     info:    [server-manager] Downloaded 27.54 MiB/4.72 GiB at 990.21 kiB/s
2025-05-25 13:19:34.303    app     info:    [server-manager] Downloaded 28.46 MiB/4.72 GiB at 920.02 kiB/s
2025-05-25 13:19:35.349    app     info:    [server-manager] Downloaded 29.40 MiB/4.72 GiB at 923.08 kiB/s
2025-05-25 13:19:36.381    app     info:    [server-manager] Downloaded 30.32 MiB/4.72 GiB at 953.97 kiB/s
2025-05-25 13:19:37.410    app     info:    [server-manager] Downloaded 31.21 MiB/4.72 GiB at 809.34 kiB/s
2025-05-25 13:19:38.444    app     info:    [server-manager] Downloaded 32.21 MiB/4.72 GiB at 1,017.01 kiB/s
2025-05-25 13:19:39.472    app     info:    [server-manager] Downloaded 33.08 MiB/4.72 GiB at 881.13 kiB/s
2025-05-25 13:19:40.507    app     info:    [server-manager] Downloaded 34.06 MiB/4.72 GiB at 867.87 kiB/s
2025-05-25 13:19:41.516    app     info:    [server-manager] Downloaded 34.89 MiB/4.72 GiB at 1.27 MiB/s
2025-05-25 13:19:42.536    app     info:    [server-manager] Downloaded 35.58 MiB/4.72 GiB at 1,008.25 kiB/s
2025-05-25 13:19:43.609    app     info:    [server-manager] Downloaded 36.43 MiB/4.72 GiB at 813.37 kiB/s
2025-05-25 13:19:44.631    app     info:    [server-manager] Downloaded 37.37 MiB/4.72 GiB at 1,005.89 kiB/s
2025-05-25 13:19:45.650    app     info:    [server-manager] Downloaded 38.26 MiB/4.72 GiB at 945.13 kiB/s
2025-05-25 13:19:46.667    app     info:    [server-manager] Downloaded 39.21 MiB/4.72 GiB at 917.00 kiB/s
2025-05-25 13:19:47.724    app     info:    [server-manager] Downloaded 40.14 MiB/4.72 GiB at 920.56 kiB/s
2025-05-25 13:19:48.804    app     info:    [server-manager] Downloaded 41.01 MiB/4.72 GiB at 795.58 kiB/s
2025-05-25 13:19:49.833    app     info:    [server-manager] Downloaded 41.82 MiB/4.72 GiB at 1.23 MiB/s
2025-05-25 13:19:50.849    app     info:    [server-manager] Downloaded 42.78 MiB/4.72 GiB at 1.01 MiB/s
2025-05-25 13:19:51.863    app     info:    [server-manager] Downloaded 43.67 MiB/4.72 GiB at 963.50 kiB/s
2025-05-25 13:19:52.920    app     info:    [server-manager] Downloaded 44.64 MiB/4.72 GiB at 912.22 kiB/s
2025-05-25 13:19:53.950    app     info:    [server-manager] Downloaded 45.56 MiB/4.72 GiB at 816.49 kiB/s
2025-05-25 13:19:54.977    app     info:    [server-manager] Downloaded 46.48 MiB/4.72 GiB at 1.00 MiB/s
2025-05-25 13:19:56.006    app     info:    [server-manager] Downloaded 47.44 MiB/4.72 GiB at 509.38 kiB/s
2025-05-25 13:19:57.061    app     info:    [server-manager] Downloaded 48.32 MiB/4.72 GiB at 853.94 kiB/s
2025-05-25 13:19:58.079    app     info:    [server-manager] Downloaded 49.26 MiB/4.72 GiB at 1.07 MiB/s
2025-05-25 13:19:59.097    app     info:    [server-manager] Downloaded 50.19 MiB/4.72 GiB at 573.38 kiB/s
2025-05-25 13:20:00.129    app     info:    [server-manager] Downloaded 51.15 MiB/4.72 GiB at 492.25 kiB/s
2025-05-25 13:20:01.160    app     info:    [server-manager] Downloaded 52.04 MiB/4.72 GiB at 832.00 kiB/s
2025-05-25 13:20:02.204    app     info:    [server-manager] Downloaded 52.94 MiB/4.72 GiB at 1,003.12 kiB/s
2025-05-25 13:20:03.237    app     info:    [server-manager] Downloaded 53.91 MiB/4.72 GiB at 1,007.87 kiB/s
2025-05-25 13:20:04.259    app     info:    [server-manager] Downloaded 54.87 MiB/4.72 GiB at 898.58 kiB/s
2025-05-25 13:20:05.291    app     info:    [server-manager] Downloaded 55.71 MiB/4.72 GiB at 315.58 kiB/s
2025-05-25 13:20:06.315    app     info:    [server-manager] Downloaded 56.62 MiB/4.72 GiB at 983.47 kiB/s
2025-05-25 13:20:07.363    app     info:    [server-manager] Downloaded 57.39 MiB/4.72 GiB at 875.47 kiB/s
2025-05-25 13:20:08.419    app     info:    [server-manager] Downloaded 58.26 MiB/4.72 GiB at 806.20 kiB/s
2025-05-25 13:20:09.457    app     info:    [server-manager] Downloaded 59.23 MiB/4.72 GiB at 1.06 MiB/s
2025-05-25 13:20:10.485    app     info:    [server-manager] Downloaded 60.18 MiB/4.72 GiB at 917.00 kiB/s
2025-05-25 13:20:11.534    app     info:    [server-manager] Downloaded 61.03 MiB/4.72 GiB at 944.33 kiB/s
2025-05-25 13:20:12.597    app     info:    [server-manager] Downloaded 61.95 MiB/4.72 GiB at 1,010.36 kiB/s
2025-05-25 13:20:13.617    app     info:    [server-manager] Downloaded 62.85 MiB/4.72 GiB at 988.42 kiB/s
2025-05-25 13:20:14.660    app     info:    [server-manager] Downloaded 63.82 MiB/4.72 GiB at 903.95 kiB/s
2025-05-25 13:20:15.679    app     info:    [server-manager] Downloaded 64.69 MiB/4.72 GiB at 896.00 kiB/s
2025-05-25 13:20:16.692    app     info:    [server-manager] Downloaded 65.63 MiB/4.72 GiB at 885.38 kiB/s
2025-05-25 13:20:17.706    app     info:    [server-manager] Downloaded 66.55 MiB/4.72 GiB at 972.45 kiB/s
2025-05-25 13:20:18.752    app     info:    [server-manager] Downloaded 67.49 MiB/4.72 GiB at 865.27 kiB/s
2025-05-25 13:20:19.759    app     info:    [server-manager] Downloaded 68.39 MiB/4.72 GiB at 960.00 kiB/s
2025-05-25 13:20:20.765    app     info:    [server-manager] Downloaded 69.29 MiB/4.72 GiB at 809.89 kiB/s
2025-05-25 13:20:21.787    app     info:    [server-manager] Downloaded 70.26 MiB/4.72 GiB at 952.38 kiB/s
2025-05-25 13:20:22.821    app     info:    [server-manager] Downloaded 71.15 MiB/4.72 GiB at 1.30 MiB/s
2025-05-25 13:20:23.821    app     info:    [server-manager] Downloaded 72.06 MiB/4.72 GiB at 453.99 kiB/s
2025-05-25 13:20:24.830    app     info:    [server-manager] Downloaded 73.02 MiB/4.72 GiB at 992.00 kiB/s
2025-05-25 13:20:25.861    app     info:    [server-manager] Downloaded 73.95 MiB/4.72 GiB at 985.11 kiB/s
2025-05-25 13:20:26.911    app     info:    [server-manager] Downloaded 74.86 MiB/4.72 GiB at 1.36 MiB/s
2025-05-25 13:20:27.917    app     info:    [server-manager] Downloaded 75.78 MiB/4.72 GiB at 990.02 kiB/s
