2025-06-07 11:44:25.463    app     info:    [migrations] Running state migrations from 202403271440 to 202403271440
2025-06-07 11:44:25.643    app     info:    [self-update] Configuring update feed.
2025-06-07 11:44:25.643    app     info:    [self-update] Update feed set to: https://launcher.ccpgames.com/eve-online/release/win32/x64/
2025-06-07 11:44:25.820    app     info:    Startup arguments    []
2025-06-07 11:44:25.946    app     info:    [self-update] Auto-updating is now enabled
2025-06-07 11:44:25.949    app     info:    [migrations] Running state migrations from 202403271440 to 202403271440
2025-06-07 11:44:25.954    app    error:    (node:1288) [DEP0180] DeprecationWarning: fs.Stats constructor is deprecated.
(Use `eve-online --trace-deprecation ...` to show where the warning was created)    []
2025-06-07 11:44:25.956    app     info:    [third-party-authentications] Checking for Steam startup
2025-06-07 11:44:26.781    app     info:    [migrations] Running secured-state migrations from 202406060001 to 202406060001
2025-06-07 11:44:26.875    app     info:    [i18next] Changed language    ru
2025-06-07 11:44:26.911    app     info:    [steam-auth] Steam startup detected
2025-06-07 11:44:26.930    app     info:    [authentication] Generated login URL with state 'pi-jmuLY_SaJr3FZX0C1hBvLdBoS5Mg__m3HWFBd820' for 'tranquility' using clientID 'eveLauncherTQ'
2025-06-07 11:44:26.930    app     info:    [third-party-authentications] Done checking third party startups
2025-06-07 11:44:26.983    app     info:    [cache-protocol] Found 0 entries to remove
2025-06-07 11:44:26.983    app     info:    [cache-protocol] Nothing to clean up.
2025-06-07 11:44:27.207    app     info:    [quasar-elg-events] Queueing event    eve_launcher.electron.application.LauncherStarted
2025-06-07 11:44:27.276    app     info:    [analytics] Application name:    EVE Online
2025-06-07 11:44:27.276    app     info:    [analytics] Application version:    1.10.1
2025-06-07 11:44:27.276    app     info:    [analytics] Domain    undefined
2025-06-07 11:44:27.279    app     info:    [analytics] Working directory    C:\Program Files (x86)\Steam\steamapps\common\Eve Online\app-1.10.1
2025-06-07 11:44:27.279    app     info:    [analytics] Username contains UTF8?    false
2025-06-07 11:44:28.443    app     info:    [quasar-elg-events] Queueing event    eve_launcher.electron.application.PdmLoaded
2025-06-07 11:44:28.458    app     info:    [quasar-elg-events] Queueing event    eve_launcher.electron.application.CoreDataLoaded
2025-06-07 11:44:28.462    app     info:    [analytics] Operating system    { type: 'Windows', name: 'Windows 10 Home', version: '10.0 (19045)' }
2025-06-07 11:44:28.462    app     info:    [analytics] Encryption available:    true
2025-06-07 11:44:28.462    app     info:    [analytics] Machine UUID    B7B2A471-C4FE-4353-880B-870CE29AC3D8
2025-06-07 11:44:28.462    app     info:    [analytics] PDM Version    2.1.4
2025-06-07 11:44:28.462    app     info:    [analytics] Release channel    release
2025-06-07 11:44:28.462    app     info:    [initializers] Shared cache directory set to    C:\Games\EVE
2025-06-07 11:44:28.468    app     info:    [initializers] Shared cache drive free space: 44.69 GiB / 237.84 GiB
2025-06-07 11:44:28.470    app     info:    [feature-flags] Initializing feature flag client
2025-06-07 11:44:28.520    app     info:    [migrations] Running file-system migrations from 202408021525 to 202408021525
2025-06-07 11:44:28.527    app     info:    [scheduler] Starting scheduler background
2025-06-07 11:44:28.558    app    error:    (node:1288) MaxListenersExceededWarning: Possible EventEmitter memory leak detected. 11 scheduler/triggered listeners added to [IpcMainImpl]. MaxListeners is 10. Use emitter.setMaxListeners() to increase limit    []
2025-06-07 11:44:28.565    app     info:    [shared-cache] Looking for eve-online profiles in 'c_games_eve_tq_tranquility'...
2025-06-07 11:44:28.580    app     info:    [customer-information] Agreements have been updated
2025-06-07 11:44:28.587    app     info:    [shared-cache] No profiles found on disk
2025-06-07 11:44:28.610    app     info:    [analytics] Hardware rendering enabled:    true    { disabledViaCommandline: false, disabledViaSettings: true }
2025-06-07 11:44:28.644    app     info:    [first-run] Application has been run before: 2025-03-14T09:16:58.327Z
2025-06-07 11:44:28.866    app     info:    [quasar-elg-events] Event sent    type.evetech.net/eve_launcher.electron.application.LauncherStarted
2025-06-07 11:44:28.869    app     info:    [quasar-elg-events] Event sent    type.evetech.net/eve_launcher.electron.application.PdmLoaded
2025-06-07 11:44:28.870    app     info:    [quasar-elg-events] Event sent    type.evetech.net/eve_launcher.electron.application.CoreDataLoaded
2025-06-07 11:44:28.936    app     info:    info: [LaunchDarkly] LaunchDarkly client initialized    []
2025-06-07 11:44:28.937    app     info:    info: [LaunchDarkly] Opening stream connection to https://clientstream.launchdarkly.com/eval/64c3d12e27a4b11365012d39/eyJraW5kIjoibXVsdGkiLCJsYXVuY2hlciI6eyJrZXkiOiJlZjNjMWY1Ny03NWI2LTQzNzItODQzNy1kODQ5MTJjMjgyMWUiLCJpc0ZpcnN0UnVuIjpmYWxzZSwiZGF5c1NpbmNlRmlyc3RSdW4iOjg1LCJsYW5ndWFnZSI6InJ1IiwiYXBwbGljYXRpb24iOiJldmUtb25saW5lIiwidmVyc2lvbiI6IjEuMTAuMSIsInBsYXRmb3JtIjoid2luZG93cyIsImlzR2VGb3JjZU5vdyI6ZmFsc2UsIm9zVmVyc2lvbkRlcHJlY2F0ZWQiOmZhbHNlLCJ1c2VySWRzIjpbMjM2MjI5MDMsMzEzNjc2OTEsMTY0OTIzNzcsMzEzNjc2OTFdLCJwcm9kdWN0cyI6WyJldmUtb25saW5lIl0sIm9tZWdhQ291bnQiOjAsImFscGhhQ291bnQiOjcsImFjY291bnRDb3VudCI6Nywib2xkZXN0QWNjb3VudEFnZSI6MjY1MCwieW91bmdlc3RBY2NvdW50QWdlIjo3M30sImpvdXJuZXkiOnsia2V5IjoiYjEyMjhlYTAtMzY5MC00ZDk3LWJjZmUtYmQwMjY0OGNkNTZjIiwiYW5vbnltb3VzIjp0cnVlfX0?withReasons=true    []
2025-06-07 11:44:28.940    app     info:    [feature-flags] Client ef3c1f57... ready, fetching flags
2025-06-07 11:44:28.942    app     info:    [self-update] Auto-updating is now enabled
2025-06-07 11:44:28.942    app     info:    [quasar-manager] Quasar (EPG) feature flag is enabled
2025-06-07 11:44:28.948    app     info:    [feature-flags] Received 40 flags for client ef3c1f57...
2025-06-07 11:44:28.948    app     info:    [feature-flags] Client initialized with key ef3c1f57...
2025-06-07 11:44:28.954    app     info:    [quasar-manager] Quasar (EPG) feature flag is enabled
2025-06-07 11:44:28.958    app     info:    [self-update] Configuring update feed.
2025-06-07 11:44:28.959    app     info:    [self-update] Update feed set to: https://launcher.ccpgames.com/eve-online/release/win32/x64/
2025-06-07 11:44:28.959    app     info:    [self-update] Auto-updating is now enabled
2025-06-07 11:44:29.221    app     warn:    (electron) 'console-message' arguments are deprecated and will be removed. Please use Event<WebContentsConsoleMessageEventParams> object instead.    []
2025-06-07 11:44:29.240    app     info:    [quasar-elg-events] Queueing event    eve_launcher.electron.application.RendererLoaded
2025-06-07 11:44:29.241    app     info:    [quasar-elg-events] Event sent    type.evetech.net/eve_launcher.electron.application.RendererLoaded
2025-06-07 11:44:29.243    app     info:    [scheduler] Starting scheduler foreground
2025-06-07 11:44:29.270    app     info:    [newsfeed] Fetching news for eve-online in ru
2025-06-07 11:44:29.288    app     info:    [content-delivery-trace] Fetching CDN trace data from https://binaries.eveonline.com/cdn-cgi/trace
2025-06-07 11:44:29.315    app     info:    [creatives] Requesting creatives for eve-online
2025-06-07 11:44:29.319    app     info:    [authentication] Token for '31367691' on 'tranquility' is expired, refresh is required
2025-06-07 11:44:29.319    app     info:    [authentication] Refreshing token for '31367691' on 'tranquility'
2025-06-07 11:44:29.320    app     info:    [authentication] Token for '31367691' on 'tranquility' is expired, refresh is required
2025-06-07 11:44:29.320    app     info:    [authentication] Refreshing token for '31367691' on 'tranquility'
2025-06-07 11:44:29.352    app     info:    [window-manager] Main window registered    { windowId: 2 }
2025-06-07 11:44:29.372    app     info:    [login-window] Creating login window using URI 'https://login.eveonline.com/account/logoff?lang=en&ReturnUrl=%2Fv2%2Foauth%2Fauthorize%3Fresponse_type%3Dcode%26client_id%3DeveLauncherTQ%26scope%3DeveClientLogin%2Bcisservice.customerRead.v1%2Bcisservice.customerWrite.v1%2Bcisservice.userProfileBasic.v1%2Bvgs.transactionRead.v1%2Bvgs.marketAccess.v1%26redirect_uri%3Dhttps%253A%252F%252Flogin.eveonline.com%252Flauncher%253Fclient_id%253DeveLauncherTQ%26state%3Dpi-jmuLY_SaJr3FZX0C1hBvLdBoS5Mg__m3HWFBd820%26code_challenge_method%3DS256%26code_challenge%3D3kNFCUL0DIJjSvmw1UmGokT9OecqdjAOnRXLCLcLWfA%26steam_ticket%3D14000000f21a927b1e819bde1bd7f11a01001001152644681800000001000000020000000c893a8148e88175285e000001000000b200000032000000040000001bd7f11a0100100134210000cc82a42edd06000a000000000c3140688ce05b6801002f22020000000000cc00b2a9c485eaed298a68b68cb4fdcd5d920993bb259c655ee343fb2c256ebdbfb6a93aaeba88f9235f249fc229e3bf5c3230ddbce77bfe22d226bc3b40cbd3a28d293e1ee0514e2bd0bfafc959be51c554e56a9f896b0b75f085844f1c11872911ce3bd7785d3fd1a35b3c8a1988d8f79d3429392c34b5755b67223f9a430e'
2025-06-07 11:44:29.398     ui     info:    [i18next] Requesting missing translation ru readnought title title    ccp://launcher/renderer/main_window/index.js    2
2025-06-07 11:44:29.525    app     info:    [jukebox] Fetched 2 jukebox playlists
2025-06-07 11:44:29.552    app     info:    [new-player-content] Resetting content as language not in response    { locale: 'tx' }
2025-06-07 11:44:30.498    app     info:    [authentication] Token for '16492377' on 'tranquility' is expired, refresh is required
2025-06-07 11:44:30.498    app     info:    [authentication] Refreshing token for '16492377' on 'tranquility'
2025-06-07 11:44:30.499    app     info:    [authentication] Token for '23622903' on 'tranquility' is expired, refresh is required
2025-06-07 11:44:30.499    app     info:    [authentication] Refreshing token for '23622903' on 'tranquility'
2025-06-07 11:44:30.499    app     info:    [authentication] Token for '26239201' on 'tranquility' is expired, refresh is required
2025-06-07 11:44:30.500    app     info:    [authentication] Refreshing token for '26239201' on 'tranquility'
2025-06-07 11:44:30.500    app     info:    [authentication] Token for '29280260' on 'tranquility' is expired, refresh is required
2025-06-07 11:44:30.501    app     info:    [authentication] Refreshing token for '29280260' on 'tranquility'
2025-06-07 11:44:30.501    app     info:    [authentication] Token for '29795975' on 'tranquility' is expired, refresh is required
2025-06-07 11:44:30.502    app     info:    [authentication] Refreshing token for '29795975' on 'tranquility'
2025-06-07 11:44:30.502    app     info:    [authentication] Token for '31320672' on 'tranquility' is expired, refresh is required
2025-06-07 11:44:30.503    app     info:    [authentication] Refreshing token for '31320672' on 'tranquility'
2025-06-07 11:44:30.503    app     info:    [authentication] Token for '31367691' on 'tranquility' is expired, refresh is required
2025-06-07 11:44:30.504    app     info:    [authentication] Refreshing token for '31367691' on 'tranquility'
2025-06-07 11:44:30.504    app     info:    [AuthenticationMiddleware] Refreshed 7 / 7 users for tranquility on eve-online
2025-06-07 11:44:30.516    app     info:    [server-manager] Starting refresh cycle for eve-online / Tranquility
2025-06-07 11:44:30.701    app     info:    [server-manager] Previous Tranquility build: 2931110, current build: 2932557
2025-06-07 11:44:30.708    app     info:    [quasar-elg-events] Queueing event    eve_launcher.electron.eve_client.GameClientUpdateStarted
2025-06-07 11:44:30.708    app     info:    [server-manager] Starting download of build 2932557 for Tranquility.
2025-06-07 11:44:30.725    app     info:    [quasar-elg-events] Event sent    type.evetech.net/eve_launcher.electron.eve_client.GameClientUpdateStarted
2025-06-07 11:44:30.797    app     warn:    [play-area-content] Invalid product found in play area content    { product: 'eve-frontier' }
2025-06-07 11:44:30.798    app     warn:    [play-area-content] Invalid product found in play area content    { product: 'eve-frontier' }
2025-06-07 11:44:30.799    app     warn:    [play-area-content] Invalid product found in play area content    { product: 'eve-frontier' }
2025-06-07 11:44:30.800    app     warn:    [play-area-content] Invalid product found in play area content    { product: 'eve-frontier' }
2025-06-07 11:44:30.800    app     warn:    [play-area-content] Invalid product found in play area content    { product: 'eve-frontier' }
2025-06-07 11:44:30.801    app     warn:    [play-area-content] Invalid product found in play area content    { product: 'eve-frontier' }
2025-06-07 11:44:30.801    app     warn:    [play-area-content] Invalid product found in play area content    { product: 'eve-frontier' }
2025-06-07 11:44:30.802    app     warn:    [play-area-content] Invalid product found in play area content    { product: 'eve-frontier' }
2025-06-07 11:44:31.385    app     info:    [manifest] Excluded 45 files from the manifest, leaving 181 entries
2025-06-07 11:44:31.386    app     info:    [server-manager] Downloading 181 binary files (146 MB)
2025-06-07 11:44:31.389    app     info:    [download-from-manifest] Preparing to download 181 files    { cdn: 1, concurrent: 10 }
2025-06-07 11:44:31.403    app     info:    [newsfeed] Fetched 20 news items for eve-online in ru
2025-06-07 11:44:31.477    app     info:    [authentication] Token for '31367691' on 'tranquility' has been successfully refreshed
2025-06-07 11:44:31.484    app     info:    [quasar-elg-events] Queueing event    eve_launcher.electron.authentication.UserTokensRefreshed
2025-06-07 11:44:31.503    app     info:    [quasar-elg-events] Event sent    type.evetech.net/eve_launcher.electron.authentication.UserTokensRefreshed
2025-06-07 11:44:31.512    app     info:    [authentication] Token for '16492377' on 'tranquility' has been successfully refreshed
2025-06-07 11:44:31.518    app     info:    [quasar-elg-events] Queueing event    eve_launcher.electron.authentication.UserTokensRefreshed
2025-06-07 11:44:31.530    app     info:    [quasar-elg-events] Event sent    type.evetech.net/eve_launcher.electron.authentication.UserTokensRefreshed
2025-06-07 11:44:31.709     ui     info:    Initializing captcha    ccp://launcher/renderer/main_window/index.js    2
2025-06-07 11:44:32.047    app     info:    [login-window] Navigation to login completed, receiving code & state (pi-jmuLY_SaJr3FZX0C1hBvLdBoS5Mg__m3HWFBd820)
2025-06-07 11:44:32.402    app     info:    [authentication] Token for '23622903' on 'tranquility' has been successfully refreshed
2025-06-07 11:44:32.409    app     info:    [quasar-elg-events] Queueing event    eve_launcher.electron.authentication.UserTokensRefreshed
2025-06-07 11:44:32.418    app     info:    [quasar-elg-events] Event sent    type.evetech.net/eve_launcher.electron.authentication.UserTokensRefreshed
2025-06-07 11:44:32.427    app     info:    [authentication] Token for '31320672' on 'tranquility' has been successfully refreshed
2025-06-07 11:44:32.432    app     info:    [quasar-elg-events] Queueing event    eve_launcher.electron.authentication.UserTokensRefreshed
2025-06-07 11:44:32.443    app     info:    [quasar-elg-events] Event sent    type.evetech.net/eve_launcher.electron.authentication.UserTokensRefreshed
2025-06-07 11:44:32.453    app     info:    [quasar-elg-events] Queueing event    eve_launcher.electron.authentication.UserTokensReceived
2025-06-07 11:44:32.463    app     info:    [quasar-elg-events] Event sent    type.evetech.net/eve_launcher.electron.authentication.UserTokensReceived
2025-06-07 11:44:32.471    app     info:    [quasar-elg-events] Queueing event    eve_launcher.electron.authentication.UserAuthenticated
2025-06-07 11:44:32.515    app     info:    [quasar-elg-events] Event sent    type.evetech.net/eve_launcher.electron.authentication.UserAuthenticated
2025-06-07 11:44:32.524    app     info:    [quasar-elg-events] Queueing event    eve_launcher.electron.authentication.LoginWindowClosed
2025-06-07 11:44:32.525    app     info:    [login-window] Login window with state 'pi-jmuLY_SaJr3FZX0C1hBvLdBoS5Mg__m3HWFBd820' has been closed
2025-06-07 11:44:32.525    app    error:    [login-window] Could not load the login page: 'https://login.eveonline.com/account/logoff?lang=en&ReturnUrl=%2Fv2%2Foauth%2Fauthorize%3Fresponse_type%3Dcode%26client_id%3DeveLauncherTQ%26scope%3DeveClientLogin%2Bcisservice.customerRead.v1%2Bcisservice.customerWrite.v1%2Bcisservice.userProfileBasic.v1%2Bvgs.transactionRead.v1%2Bvgs.marketAccess.v1%26redirect_uri%3Dhttps%253A%252F%252Flogin.eveonline.com%252Flauncher%253Fclient_id%253DeveLauncherTQ%26state%3Dpi-jmuLY_SaJr3FZX0C1hBvLdBoS5Mg__m3HWFBd820%26code_challenge_method%3DS256%26code_challenge%3D3kNFCUL0DIJjSvmw1UmGokT9OecqdjAOnRXLCLcLWfA%26steam_ticket%3D14000000f21a927b1e819bde1bd7f11a01001001152644681800000001000000020000000c893a8148e88175285e000001000000b200000032000000040000001bd7f11a0100100134210000cc82a42edd06000a000000000c3140688ce05b6801002f22020000000000cc00b2a9c485eaed298a68b68cb4fdcd5d920993bb259c655ee343fb2c256ebdbfb6a93aaeba88f9235f249fc229e3bf5c3230ddbce77bfe22d226bc3b40cbd3a28d293e1ee0514e2bd0bfafc959be51c554e56a9f896b0b75f085844f1c11872911ce3bd7785d3fd1a35b3c8a1988d8f79d3429392c34b5755b67223f9a430e' ERR_FAILED (-2) loading 'https://login.eveonline.com/account/logoff?lang=en&ReturnUrl=%2Fv2%2Foauth%2Fauthorize%3Fresponse_type%3Dcode%26client_id%3DeveLauncherTQ%26scope%3DeveClientLogin%2Bcisservice.customerRead.v1%2Bcisservice.customerWrite.v1%2Bcisservice.userProfileBasic.v1%2Bvgs.transactionRead.v1%2Bvgs.marketAccess.v1%26redirect_uri%3Dhttps%253A%252F%252Flogin.eveonline.com%252Flauncher%253Fclient_id%253DeveLauncherTQ%26state%3Dpi-jmuLY_SaJr3FZX0C1hBvLdBoS5Mg__m3HWFBd820%26code_challenge_method%3DS256%26code_challenge%3D3kNFCUL0DIJjSvmw1UmGokT9OecqdjAOnRXLCLcLWfA%26steam_ticket%3D14000000f21a927b1e819bde1bd7f11a01001001152644681800000001000000020000000c893a8148e88175285e000001000000b200000032000000040000001bd7f11a0100100134210000cc82a42edd06000a000000000c3140688ce05b6801002f22020000000000cc00b2a9c485eaed298a68b68cb4fdcd5d920993bb259c655ee343fb2c256ebdbfb6a93aaeba88f9235f249fc229e3bf5c3230ddbce77bfe22d226bc3b40cbd3a28d293e1ee0514e2bd0bfafc959be51c554e56a9f896b0b75f085844f1c11872911ce3bd7785d3fd1a35b3c8a1988d8f79d3429392c34b5755b67223f9a430e'    Error: ERR_FAILED (-2) loading 'https://login.eveonline.com/account/logoff?lang=en&ReturnUrl=%2Fv2%2Foauth%2Fauthorize%3Fresponse_type%3Dcode%26client_id%3DeveLauncherTQ%26scope%3DeveClientLogin%2Bcisservice.customerRead.v1%2Bcisservice.customerWrite.v1%2Bcisservice.userProfileBasic.v1%2Bvgs.transactionRead.v1%2Bvgs.marketAccess.v1%26redirect_uri%3Dhttps%253A%252F%252Flogin.eveonline.com%252Flauncher%253Fclient_id%253DeveLauncherTQ%26state%3Dpi-jmuLY_SaJr3FZX0C1hBvLdBoS5Mg__m3HWFBd820%26code_challenge_method%3DS256%26code_challenge%3D3kNFCUL0DIJjSvmw1UmGokT9OecqdjAOnRXLCLcLWfA%26steam_ticket%3D14000000f21a927b1e819bde1bd7f11a01001001152644681800000001000000020000000c893a8148e88175285e000001000000b200000032000000040000001bd7f11a0100100134210000cc82a42edd06000a000000000c3140688ce05b6801002f22020000000000cc00b2a9c485eaed298a68b68cb4fdcd5d920993bb259c655ee343fb2c256ebdbfb6a93aaeba88f9235f249fc229e3bf5c3230ddbce77bfe22d226bc3b40cbd3a28d293e1ee0514e2bd0bfafc959be51c554e56a9f896b0b75f085844f1c11872911ce3bd7785d3fd1a35b3c8a1988d8f79d3429392c34b5755b67223f9a430e'
    at rejectAndCleanup (node:electron/js2c/browser_init:2:79523)
    at finishListener (node:electron/js2c/browser_init:2:79685)
    at WebContents.stopLoadingListener (node:electron/js2c/browser_init:2:80072)
    at WebContents.emit (node:events:530:35)
    at e.emit (C:\Program Files (x86)\Steam\steamapps\common\Eve Online\app-1.10.1\resources\app.asar\.webpack\main\index.js:8:2737360) {
  errno: -2,
  code: 'ERR_FAILED',
  url: 'https://login.eveonline.com/account/logoff?lang=en&ReturnUrl=%2Fv2%2Foauth%2Fauthorize%3Fresponse_type%3Dcode%26client_id%3DeveLauncherTQ%26scope%3DeveClientLogin%2Bcisservice.customerRead.v1%2Bcisservice.customerWrite.v1%2Bcisservice.userProfileBasic.v1%2Bvgs.transactionRead.v1%2Bvgs.marketAccess.v1%26redirect_uri%3Dhttps%253A%252F%252Flogin.eveonline.com%252Flauncher%253Fclient_id%253DeveLauncherTQ%26state%3Dpi-jmuLY_SaJr3FZX0C1hBvLdBoS5Mg__m3HWFBd820%26code_challenge_method%3DS256%26code_challenge%3D3kNFCUL0DIJjSvmw1UmGokT9OecqdjAOnRXLCLcLWfA%26steam_ticket%3D14000000f21a927b1e819bde1bd7f11a01001001152644681800000001000000020000000c893a8148e88175285e000001000000b200000032000000040000001bd7f11a0100100134210000cc82a42edd06000a000000000c3140688ce05b6801002f22020000000000cc00b2a9c485eaed298a68b68cb4fdcd5d920993bb259c655ee343fb2c256ebdbfb6a93aaeba88f9235f249fc229e3bf5c3230ddbce77bfe22d226bc3b40cbd3a28d293e1ee0514e2bd0bfafc959be51c554e56a9f896b0b75f085844f1c11872911ce3bd7785d3fd1a35b3c8a1988d8f79d3429392c34b5755b67223f9a430e'
}
2025-06-07 11:44:32.535    app     info:    [quasar-elg-events] Event sent    type.evetech.net/eve_launcher.electron.authentication.LoginWindowClosed
2025-06-07 11:44:32.570    app     info:    [server-manager] Downloaded 576.71 kiB/139.53 MiB at 173.95 kiB/s
2025-06-07 11:44:32.677    app     info:    [authentication] Token for '29795975' on 'tranquility' has been successfully refreshed
2025-06-07 11:44:32.683    app     info:    [quasar-elg-events] Queueing event    eve_launcher.electron.authentication.UserTokensRefreshed
2025-06-07 11:44:32.693    app     info:    [quasar-elg-events] Event sent    type.evetech.net/eve_launcher.electron.authentication.UserTokensRefreshed
2025-06-07 11:44:32.716    app     info:    [authentication] Token for '31367691' on 'tranquility' has been successfully refreshed
2025-06-07 11:44:32.722    app     info:    [quasar-elg-events] Queueing event    eve_launcher.electron.authentication.UserTokensRefreshed
2025-06-07 11:44:32.729    app     info:    [quasar-elg-events] Event sent    type.evetech.net/eve_launcher.electron.authentication.UserTokensRefreshed
2025-06-07 11:44:33.595    app     info:    [server-manager] Downloaded 1.34 MiB/139.53 MiB at 745.06 kiB/s
2025-06-07 11:44:34.276    app     info:    [self-update] Checking for application updates.
2025-06-07 11:44:34.646    app     info:    [server-manager] Downloaded 2.00 MiB/139.53 MiB at 937.30 kiB/s
2025-06-07 11:44:35.645    app     info:    [server-manager] Downloaded 3.06 MiB/139.53 MiB at 941.38 kiB/s
2025-06-07 11:44:36.651    app     info:    [server-manager] Downloaded 3.75 MiB/139.53 MiB at 1.12 MiB/s
2025-06-07 11:44:36.945    app     info:    [self-update] No application updates were found.
2025-06-07 11:44:37.658    app     info:    [server-manager] Downloaded 4.80 MiB/139.53 MiB at 1.01 MiB/s
2025-06-07 11:44:38.585    app     info:    [authentication] Token for '29280260' on 'tranquility' has been successfully refreshed
2025-06-07 11:44:38.589    app     info:    [quasar-elg-events] Queueing event    eve_launcher.electron.authentication.UserTokensRefreshed
2025-06-07 11:44:38.598    app     info:    [quasar-elg-events] Event sent    type.evetech.net/eve_launcher.electron.authentication.UserTokensRefreshed
2025-06-07 11:44:38.682    app     info:    [server-manager] Downloaded 5.72 MiB/139.53 MiB at 714.06 kiB/s
2025-06-07 11:44:39.711    app     info:    [server-manager] Downloaded 6.57 MiB/139.53 MiB at 1.25 MiB/s
2025-06-07 11:44:39.713    app     info:    [authentication] Token for '26239201' on 'tranquility' has been successfully refreshed
2025-06-07 11:44:39.719    app     info:    [quasar-elg-events] Queueing event    eve_launcher.electron.authentication.UserTokensRefreshed
2025-06-07 11:44:39.726    app     info:    [quasar-elg-events] Event sent    type.evetech.net/eve_launcher.electron.authentication.UserTokensRefreshed
2025-06-07 11:44:39.731    app     info:    [AuthenticationMiddleware] Successfully restored 7 / 7 users
2025-06-07 11:44:40.712    app     info:    [server-manager] Downloaded 7.41 MiB/139.53 MiB at 449.54 kiB/s
2025-06-07 11:44:41.212    app     info:    [authentication] Token for '31367691' on 'tranquility' has been successfully refreshed
2025-06-07 11:44:41.216    app     info:    [quasar-elg-events] Queueing event    eve_launcher.electron.authentication.UserTokensRefreshed
2025-06-07 11:44:41.224    app     info:    [quasar-elg-events] Event sent    type.evetech.net/eve_launcher.electron.authentication.UserTokensRefreshed
2025-06-07 11:44:41.231    app     info:    [customer-information] Getting character information for '31367691' on 'tranquility'
2025-06-07 11:44:41.232    app     info:    [customer-information] Getting Omega status for '31367691' on 'tranquility' (eve-online)
2025-06-07 11:44:41.232    app     info:    [virtual-goods] Getting Plex status for '31367691' on 'tranquility' (eve-online)
2025-06-07 11:44:41.489    app     info:    [esi] Fetching character details for 2123502320
2025-06-07 11:44:41.738    app     info:    [server-manager] Downloaded 8.30 MiB/139.53 MiB at 1,011.04 kiB/s
2025-06-07 11:44:41.869    app     info:    [virtual-goods] Fetched Plex status for '31367691' on 'tranquility' (eve-online) with balance: 0
2025-06-07 11:44:42.760    app     info:    [server-manager] Downloaded 9.18 MiB/139.53 MiB at 837.05 kiB/s
2025-06-07 11:44:43.232    app     info:    [esi] Fetched 1 character details for 31367691
2025-06-07 11:44:43.810    app     info:    [server-manager] Downloaded 10.19 MiB/139.53 MiB at 941.13 kiB/s
2025-06-07 11:44:44.887    app     info:    [server-manager] Downloaded 11.01 MiB/139.53 MiB at 648.54 kiB/s
2025-06-07 11:44:45.907    app     info:    [server-manager] Downloaded 11.91 MiB/139.53 MiB at 857.94 kiB/s
2025-06-07 11:44:46.936    app     info:    [server-manager] Downloaded 12.85 MiB/139.53 MiB at 1,011.22 kiB/s
2025-06-07 11:44:47.949    app     info:    [server-manager] Downloaded 13.76 MiB/139.53 MiB at 873.39 kiB/s
2025-06-07 11:44:49.023    app     info:    [server-manager] Downloaded 14.57 MiB/139.53 MiB at 907.64 kiB/s
2025-06-07 11:44:50.046    app     info:    [server-manager] Downloaded 15.49 MiB/139.53 MiB at 1,019.09 kiB/s
2025-06-07 11:44:51.053    app     info:    [server-manager] Downloaded 16.46 MiB/139.53 MiB at 1.04 MiB/s
2025-06-07 11:44:51.534    app     info:    [creatives] Received 4 creatives for eve-online
2025-06-07 11:44:52.054    app     info:    [server-manager] Downloaded 17.35 MiB/139.53 MiB at 824.41 kiB/s
2025-06-07 11:44:53.062    app     info:    [server-manager] Downloaded 17.88 MiB/139.53 MiB at 203.02 kiB/s
2025-06-07 11:44:54.118    app     info:    [server-manager] Downloaded 18.47 MiB/139.53 MiB at 662.01 kiB/s
2025-06-07 11:44:55.210    app     info:    [server-manager] Downloaded 18.98 MiB/139.53 MiB at 620.40 kiB/s
2025-06-07 11:44:56.257    app     info:    [server-manager] Downloaded 19.75 MiB/139.53 MiB at 652.18 kiB/s
2025-06-07 11:44:57.304    app     info:    [server-manager] Downloaded 20.56 MiB/139.53 MiB at 739.65 kiB/s
2025-06-07 11:44:57.784    app     warn:    The connection to LogLite was refused. A LogLite server may not be running, or be listening to connections.    []
2025-06-07 11:44:58.334    app     info:    [server-manager] Downloaded 21.46 MiB/139.53 MiB at 966.60 kiB/s
2025-06-07 11:44:59.398    app     info:    [server-manager] Downloaded 22.31 MiB/139.53 MiB at 1.20 MiB/s
2025-06-07 11:45:00.408    app     info:    [server-manager] Downloaded 23.22 MiB/139.53 MiB at 926.33 kiB/s
2025-06-07 11:45:01.435    app     info:    [server-manager] Downloaded 24.06 MiB/139.53 MiB at 814.03 kiB/s
2025-06-07 11:45:02.463    app     info:    [server-manager] Downloaded 24.96 MiB/139.53 MiB at 910.46 kiB/s
2025-06-07 11:45:03.468    app     info:    [server-manager] Downloaded 25.68 MiB/139.53 MiB at 771.00 kiB/s
2025-06-07 11:45:04.516    app     info:    [server-manager] Downloaded 26.52 MiB/139.53 MiB at 798.56 kiB/s
2025-06-07 11:45:05.547    app     info:    [server-manager] Downloaded 27.20 MiB/139.53 MiB at 792.10 kiB/s
2025-06-07 11:45:06.619    app     info:    [server-manager] Downloaded 28.17 MiB/139.53 MiB at 892.09 kiB/s
2025-06-07 11:45:07.661    app     info:    [server-manager] Downloaded 29.02 MiB/139.53 MiB at 719.21 kiB/s
2025-06-07 11:45:08.683    app     info:    [server-manager] Downloaded 29.87 MiB/139.53 MiB at 698.85 kiB/s
2025-06-07 11:45:09.726    app     info:    [server-manager] Downloaded 30.75 MiB/139.53 MiB at 897.94 kiB/s
2025-06-07 11:45:10.741    app     info:    [server-manager] Downloaded 31.60 MiB/139.53 MiB at 947.36 kiB/s
2025-06-07 11:45:11.773    app     info:    [server-manager] Downloaded 32.45 MiB/139.53 MiB at 862.85 kiB/s
2025-06-07 11:45:12.807    app     info:    [server-manager] Downloaded 33.34 MiB/139.53 MiB at 868.82 kiB/s
2025-06-07 11:45:13.865    app     info:    [server-manager] Downloaded 34.13 MiB/139.53 MiB at 501.36 kiB/s
2025-06-07 11:45:14.898    app     info:    [server-manager] Downloaded 35.01 MiB/139.53 MiB at 1.30 MiB/s
2025-06-07 11:45:15.906    app     info:    [server-manager] Downloaded 35.89 MiB/139.53 MiB at 998.38 kiB/s
2025-06-07 11:45:16.930    app     info:    [server-manager] Downloaded 36.80 MiB/139.53 MiB at 943.67 kiB/s
2025-06-07 11:45:17.957    app     info:    [server-manager] Downloaded 37.56 MiB/139.53 MiB at 758.54 kiB/s
2025-06-07 11:45:18.970    app     info:    [server-manager] Downloaded 38.39 MiB/139.53 MiB at 408.15 kiB/s
2025-06-07 11:45:19.089    app     warn:    Retrying request to https://images.evetech.net (1) Request error when calling 'https://images.evetech.net'
socket hang up    h [RequestError]: Request error when calling 'https://images.evetech.net'
socket hang up
    at h.from (C:\Program Files (x86)\Steam\steamapps\common\Eve Online\app-1.10.1\resources\app.asar\.webpack\main\index.js:8:2664406)
    at ClientRequest.<anonymous> (C:\Program Files (x86)\Steam\steamapps\common\Eve Online\app-1.10.1\resources\app.asar\.webpack\main\index.js:8:2667255)
    at ClientRequest.emit (node:events:518:28)
    at emitErrorEvent (node:_http_client:104:11)
    at TLSSocket.socketOnEnd (node:_http_client:542:5)
    at TLSSocket.emit (node:events:530:35)
    at endReadableNT (node:internal/streams/readable:1698:12)
    at process.processTicksAndRejections (node:internal/process/task_queues:90:21) {
  code: 'ECONNRESET'
}
2025-06-07 11:45:19.977    app     info:    [server-manager] Downloaded 39.25 MiB/139.53 MiB at 781.06 kiB/s
2025-06-07 11:45:21.008    app     info:    [server-manager] Downloaded 40.04 MiB/139.53 MiB at 765.60 kiB/s
2025-06-07 11:45:22.032    app     info:    [server-manager] Downloaded 40.92 MiB/139.53 MiB at 415.88 kiB/s
2025-06-07 11:45:23.083    app     info:    [server-manager] Downloaded 41.86 MiB/139.53 MiB at 808.50 kiB/s
2025-06-07 11:45:24.089    app     info:    [server-manager] Downloaded 42.66 MiB/139.53 MiB at 453.29 kiB/s
2025-06-07 11:45:25.115    app     info:    [server-manager] Downloaded 43.48 MiB/139.53 MiB at 893.88 kiB/s
2025-06-07 11:45:26.156    app     info:    [server-manager] Downloaded 44.30 MiB/139.53 MiB at 904.21 kiB/s
2025-06-07 11:45:27.205    app     info:    [server-manager] Downloaded 45.31 MiB/139.53 MiB at 1,023.13 kiB/s
2025-06-07 11:45:28.211    app     info:    [server-manager] Downloaded 46.13 MiB/139.53 MiB at 1.20 MiB/s
2025-06-07 11:45:29.114    app     info:    [tray] Quitting application from tray
2025-06-07 11:45:29.118    app     info:    Application quitting. Cleanup needed: true
2025-06-07 11:45:29.124    app     info:    [quasar-elg-events] Queueing shutdown event    eve_launcher.electron.application.LauncherShutdown
2025-06-07 11:45:29.132    app     info:    app.quit called, but we are still sending ELG events.
2025-06-07 11:45:29.135    app     info:    [quasar-elg-events] Event sent    type.evetech.net/eve_launcher.electron.application.LauncherShutdown
2025-06-07 11:45:29.218    app     info:    [server-manager] Downloaded 46.97 MiB/139.53 MiB at 374.38 kiB/s
2025-06-07 11:45:29.387    app     info:    [quasar-elg-events] Shutdown event timeout passed
2025-06-07 11:45:29.388    app     info:    ELG stream closed, quitting
2025-06-07 11:45:29.389    app     info:    [window-manager] Stopped forwarding events to window manager, as the window closed    { windowId: 2 }
2025-06-07 11:45:29.389    app     info:    [window-manager-minimize] Main window is closing    { windowId: 2 }
2025-06-07 11:45:29.389    app     info:    [quasar-elg-events] gRPC connection aborted
2025-06-07 11:45:29.391    app     info:    ELG stream closed, quitting
2025-06-07 11:45:29.410    app     info:    [scheduler] Stopped scheduler foreground
2025-06-07 11:45:29.410    app     info:    [ipc-requests] Handling requests in the background
2025-06-07 11:45:29.415    app     info:    [customer-information] Agreement status has been fetched for user '31367691'
2025-06-07 11:45:29.458    app     info:    [window-manager] Main window closed    { windowId: 2 }
2025-06-07 11:45:29.459    app     info:    Application closed    0
