2025-06-04 11:54:24.476    app     info:    [migrations] Running state migrations from 202403271440 to 202403271440
2025-06-04 11:54:24.622    app     info:    [self-update] Configuring update feed.
2025-06-04 11:54:24.623    app     info:    [self-update] Update feed set to: https://launcher.ccpgames.com/eve-online/release/win32/x64/
2025-06-04 11:54:24.749    app     info:    Startup arguments    []
2025-06-04 11:54:24.879    app     info:    [self-update] Auto-updating is now enabled
2025-06-04 11:54:24.882    app     info:    [migrations] Running state migrations from 202403271440 to 202403271440
2025-06-04 11:54:24.891    app    error:    (node:9548) [DEP0180] DeprecationWarning: fs.Stats constructor is deprecated.
(Use `eve-online --trace-deprecation ...` to show where the warning was created)    []
2025-06-04 11:54:24.893    app     info:    [third-party-authentications] Checking for Steam startup
2025-06-04 11:54:25.608    app     info:    [migrations] Running secured-state migrations from 202406060001 to 202406060001
2025-06-04 11:54:25.718    app     info:    [i18next] Changed language    ru
2025-06-04 11:54:25.791    app     info:    [steam-auth] Steam startup detected
2025-06-04 11:54:25.809    app     info:    [authentication] Generated login URL with state 'WnceJtEv0nx4-YQ-c5DLFdy4itPPJk4iVEpKQ6lsYN4' for 'tranquility' using clientID 'eveLauncherTQ'
2025-06-04 11:54:25.810    app     info:    [third-party-authentications] Done checking third party startups
2025-06-04 11:54:25.828    app     info:    [cache-protocol] Found 0 entries to remove
2025-06-04 11:54:25.829    app     info:    [cache-protocol] Nothing to clean up.
2025-06-04 11:54:26.096    app     info:    [customer-information] Agreements have been updated
2025-06-04 11:54:26.131    app     info:    [quasar-elg-events] Queueing event    eve_launcher.electron.application.LauncherStarted
2025-06-04 11:54:26.224    app     info:    [analytics] Application name:    EVE Online
2025-06-04 11:54:26.225    app     info:    [analytics] Application version:    1.10.1
2025-06-04 11:54:26.225    app     info:    [analytics] Domain    undefined
2025-06-04 11:54:26.227    app     info:    [analytics] Working directory    C:\Program Files (x86)\Steam\steamapps\common\Eve Online\app-1.10.1
2025-06-04 11:54:26.228    app     info:    [analytics] Username contains UTF8?    false
2025-06-04 11:54:27.361    app     info:    [quasar-elg-events] Queueing event    eve_launcher.electron.application.PdmLoaded
2025-06-04 11:54:27.389    app     info:    [quasar-elg-events] Queueing event    eve_launcher.electron.application.CoreDataLoaded
2025-06-04 11:54:27.397    app     info:    [analytics] Operating system    { type: 'Windows', name: 'Windows 10 Home', version: '10.0 (19045)' }
2025-06-04 11:54:27.397    app     info:    [analytics] Encryption available:    true
2025-06-04 11:54:27.397    app     info:    [analytics] Machine UUID    B7B2A471-C4FE-4353-880B-870CE29AC3D8
2025-06-04 11:54:27.398    app     info:    [analytics] PDM Version    2.1.4
2025-06-04 11:54:27.398    app     info:    [analytics] Release channel    release
2025-06-04 11:54:27.399    app     info:    [initializers] Shared cache directory set to    C:\Games\EVE
2025-06-04 11:54:27.413    app     info:    [initializers] Shared cache drive free space: 57.89 GiB / 237.84 GiB
2025-06-04 11:54:27.417    app     info:    [feature-flags] Initializing feature flag client
2025-06-04 11:54:27.497    app     info:    [migrations] Running file-system migrations from 202408021525 to 202408021525
2025-06-04 11:54:27.504    app     info:    [scheduler] Starting scheduler background
2025-06-04 11:54:27.549    app    error:    (node:9548) MaxListenersExceededWarning: Possible EventEmitter memory leak detected. 11 scheduler/triggered listeners added to [IpcMainImpl]. MaxListeners is 10. Use emitter.setMaxListeners() to increase limit    []
2025-06-04 11:54:27.562    app     info:    [shared-cache] Looking for eve-online profiles in 'c_games_eve_tq_tranquility'...
2025-06-04 11:54:27.580    app     info:    [shared-cache] No profiles found on disk
2025-06-04 11:54:27.607    app     info:    [analytics] Hardware rendering enabled:    true    { disabledViaCommandline: false, disabledViaSettings: true }
2025-06-04 11:54:27.665    app     info:    [first-run] Application has been run before: 2025-03-14T09:16:58.327Z
2025-06-04 11:54:27.789    app     info:    [quasar-elg-events] Event sent    type.evetech.net/eve_launcher.electron.application.LauncherStarted
2025-06-04 11:54:27.793    app     info:    [quasar-elg-events] Event sent    type.evetech.net/eve_launcher.electron.application.PdmLoaded
2025-06-04 11:54:27.796    app     info:    [quasar-elg-events] Event sent    type.evetech.net/eve_launcher.electron.application.CoreDataLoaded
2025-06-04 11:54:27.932    app     info:    info: [LaunchDarkly] LaunchDarkly client initialized    []
2025-06-04 11:54:27.934    app     info:    info: [LaunchDarkly] Opening stream connection to https://clientstream.launchdarkly.com/eval/64c3d12e27a4b11365012d39/eyJraW5kIjoibXVsdGkiLCJsYXVuY2hlciI6eyJrZXkiOiJlZjNjMWY1Ny03NWI2LTQzNzItODQzNy1kODQ5MTJjMjgyMWUiLCJpc0ZpcnN0UnVuIjpmYWxzZSwiZGF5c1NpbmNlRmlyc3RSdW4iOjgyLCJsYW5ndWFnZSI6InJ1IiwiYXBwbGljYXRpb24iOiJldmUtb25saW5lIiwidmVyc2lvbiI6IjEuMTAuMSIsInBsYXRmb3JtIjoid2luZG93cyIsImlzR2VGb3JjZU5vdyI6ZmFsc2UsIm9zVmVyc2lvbkRlcHJlY2F0ZWQiOmZhbHNlLCJ1c2VySWRzIjpbMjM2MjI5MDMsMzEzNjc2OTEsMjM2MjI5MDMsMzEzNjc2OTFdLCJwcm9kdWN0cyI6WyJldmUtb25saW5lIl0sIm9tZWdhQ291bnQiOjAsImFscGhhQ291bnQiOjUsImFjY291bnRDb3VudCI6NSwib2xkZXN0QWNjb3VudEFnZSI6MTU3NiwieW91bmdlc3RBY2NvdW50QWdlIjo3MH0sImpvdXJuZXkiOnsia2V5IjoiYjEyMjhlYTAtMzY5MC00ZDk3LWJjZmUtYmQwMjY0OGNkNTZjIiwiYW5vbnltb3VzIjp0cnVlfX0?withReasons=true    []
2025-06-04 11:54:27.936    app     info:    [feature-flags] Client ef3c1f57... ready, fetching flags
2025-06-04 11:54:27.939    app     info:    [self-update] Auto-updating is now enabled
2025-06-04 11:54:27.939    app     info:    [quasar-manager] Quasar (EPG) feature flag is enabled
2025-06-04 11:54:27.944    app     info:    [feature-flags] Received 40 flags for client ef3c1f57...
2025-06-04 11:54:27.945    app     info:    [feature-flags] Client initialized with key ef3c1f57...
2025-06-04 11:54:27.950    app     info:    [quasar-manager] Quasar (EPG) feature flag is enabled
2025-06-04 11:54:27.955    app     info:    [self-update] Configuring update feed.
2025-06-04 11:54:27.955    app     info:    [self-update] Update feed set to: https://launcher.ccpgames.com/eve-online/release/win32/x64/
2025-06-04 11:54:27.955    app     info:    [self-update] Auto-updating is now enabled
2025-06-04 11:54:28.306    app     warn:    (electron) 'console-message' arguments are deprecated and will be removed. Please use Event<WebContentsConsoleMessageEventParams> object instead.    []
2025-06-04 11:54:28.321    app     info:    [quasar-elg-events] Queueing event    eve_launcher.electron.application.RendererLoaded
2025-06-04 11:54:28.322    app     info:    [quasar-elg-events] Event sent    type.evetech.net/eve_launcher.electron.application.RendererLoaded
2025-06-04 11:54:28.323    app     info:    [scheduler] Starting scheduler foreground
2025-06-04 11:54:28.344    app     info:    [newsfeed] Fetching news for eve-online in ru
2025-06-04 11:54:28.363    app     info:    [content-delivery-trace] Fetching CDN trace data from https://binaries.eveonline.com/cdn-cgi/trace
2025-06-04 11:54:28.391    app     info:    [creatives] Requesting creatives for eve-online
2025-06-04 11:54:28.395    app     info:    [customer-information] Getting character information for '31367691' on 'tranquility'
2025-06-04 11:54:28.419    app     info:    [window-manager] Main window registered    { windowId: 2 }
2025-06-04 11:54:28.437    app     info:    [login-window] Creating login window using URI 'https://login.eveonline.com/account/logoff?lang=en&ReturnUrl=%2Fv2%2Foauth%2Fauthorize%3Fresponse_type%3Dcode%26client_id%3DeveLauncherTQ%26scope%3DeveClientLogin%2Bcisservice.customerRead.v1%2Bcisservice.customerWrite.v1%2Bcisservice.userProfileBasic.v1%2Bvgs.transactionRead.v1%2Bvgs.marketAccess.v1%26redirect_uri%3Dhttps%253A%252F%252Flogin.eveonline.com%252Flauncher%253Fclient_id%253DeveLauncherTQ%26state%3DWnceJtEv0nx4-YQ-c5DLFdy4itPPJk4iVEpKQ6lsYN4%26code_challenge_method%3DS256%26code_challenge%3DtX96y_95FdktwKFhMA-QqTXZHLr34RwjzGg8vSZZWy8%26steam_ticket%3D14000000eec75c2202ebccbd1bd7f11a01001001052f4068180000000100000002000000dda13a2279709b005375130002000000b200000032000000040000001bd7f11a0100100134210000cc82a42edd06000a000000000c3140688ce05b6801002f22020000000000cc00b2a9c485eaed298a68b68cb4fdcd5d920993bb259c655ee343fb2c256ebdbfb6a93aaeba88f9235f249fc229e3bf5c3230ddbce77bfe22d226bc3b40cbd3a28d293e1ee0514e2bd0bfafc959be51c554e56a9f896b0b75f085844f1c11872911ce3bd7785d3fd1a35b3c8a1988d8f79d3429392c34b5755b67223f9a430e'
2025-06-04 11:54:28.466     ui     info:    [i18next] Requesting missing translation ru readnought title title    ccp://launcher/renderer/main_window/index.js    2
2025-06-04 11:54:28.564    app     info:    [newsfeed] Fetched 20 news items for eve-online in ru
2025-06-04 11:54:28.712    app     warn:    [play-area-content] Invalid product found in play area content    { product: 'eve-frontier' }
2025-06-04 11:54:28.712    app     warn:    [play-area-content] Invalid product found in play area content    { product: 'eve-frontier' }
2025-06-04 11:54:28.713    app     warn:    [play-area-content] Invalid product found in play area content    { product: 'eve-frontier' }
2025-06-04 11:54:28.713    app     warn:    [play-area-content] Invalid product found in play area content    { product: 'eve-frontier' }
2025-06-04 11:54:28.714    app     warn:    [play-area-content] Invalid product found in play area content    { product: 'eve-frontier' }
2025-06-04 11:54:28.714    app     warn:    [play-area-content] Invalid product found in play area content    { product: 'eve-frontier' }
2025-06-04 11:54:28.714    app     warn:    [play-area-content] Invalid product found in play area content    { product: 'eve-frontier' }
2025-06-04 11:54:28.715    app     warn:    [play-area-content] Invalid product found in play area content    { product: 'eve-frontier' }
2025-06-04 11:54:28.930    app     info:    [new-player-content] Resetting content as language not in response    { locale: 'tx' }
2025-06-04 11:54:29.093    app     info:    [jukebox] Fetched 2 jukebox playlists
2025-06-04 11:54:29.277    app     info:    [authentication] Token for '23622903' on 'tranquility' is expired, refresh is required
2025-06-04 11:54:29.278    app     info:    [authentication] Refreshing token for '23622903' on 'tranquility'
2025-06-04 11:54:29.279    app     info:    [authentication] Token for '26239201' on 'tranquility' is expired, refresh is required
2025-06-04 11:54:29.279    app     info:    [authentication] Refreshing token for '26239201' on 'tranquility'
2025-06-04 11:54:29.280    app     info:    [authentication] Token for '29795975' on 'tranquility' is expired, refresh is required
2025-06-04 11:54:29.280    app     info:    [authentication] Refreshing token for '29795975' on 'tranquility'
2025-06-04 11:54:29.281    app     info:    [authentication] Token for '31320672' on 'tranquility' is expired, refresh is required
2025-06-04 11:54:29.281    app     info:    [authentication] Refreshing token for '31320672' on 'tranquility'
2025-06-04 11:54:29.281    app     info:    [AuthenticationMiddleware] Refreshed 5 / 5 users for tranquility on eve-online
2025-06-04 11:54:29.293    app     info:    [server-manager] Starting refresh cycle for eve-online / Tranquility
2025-06-04 11:54:29.443    app     info:    [server-manager] Previous Tranquility build: 2866918, current build: 2929428
2025-06-04 11:54:29.450    app     info:    [quasar-elg-events] Queueing event    eve_launcher.electron.eve_client.GameClientUpdateStarted
2025-06-04 11:54:29.450    app     info:    [server-manager] Starting download of build 2929428 for Tranquility.
2025-06-04 11:54:29.463    app     info:    [quasar-elg-events] Event sent    type.evetech.net/eve_launcher.electron.eve_client.GameClientUpdateStarted
2025-06-04 11:54:29.520    app     info:    [manifest] Excluded 226 files from the manifest, leaving 0 entries
2025-06-04 11:54:29.520    app     info:    [server-manager] Downloading 0 binary files (0 B)
2025-06-04 11:54:29.523    app     warn:    [download-from-manifest] The manifest contained no entries to download    { cdn: 1 }
2025-06-04 11:54:29.533    app     info:    [download-from-manifest] Downloaded 0 files (0.00 B) in Unknown time
2025-06-04 11:54:29.533    app     info:    [download-from-manifest] Average download speed: 0.00 B/s
2025-06-04 11:54:29.549    app     info:    [quasar-elg-events] Queueing event    eve_launcher.electron.eve_client.CopyingFilesStarted
2025-06-04 11:54:29.550    app     info:    [binary-copier] Copying 226 files (378 MB) to 'C:\Games\EVE\tq'
2025-06-04 11:54:29.551    app     info:    [quasar-elg-events] Event sent    type.evetech.net/eve_launcher.electron.eve_client.CopyingFilesStarted
2025-06-04 11:54:29.603    app     info:    [binary-copier] Removing old binaries
2025-06-04 11:54:29.670    app     info:    [authentication] Token for '26239201' on 'tranquility' has been successfully refreshed
2025-06-04 11:54:29.679    app     info:    [quasar-elg-events] Queueing event    eve_launcher.electron.authentication.UserTokensRefreshed
2025-06-04 11:54:29.696    app     info:    [quasar-elg-events] Event sent    type.evetech.net/eve_launcher.electron.authentication.UserTokensRefreshed
2025-06-04 11:54:29.703    app     info:    [authentication] Token for '31320672' on 'tranquility' has been successfully refreshed
2025-06-04 11:54:29.713    app     info:    [quasar-elg-events] Queueing event    eve_launcher.electron.authentication.UserTokensRefreshed
2025-06-04 11:54:29.724    app     info:    [authentication] Token for '23622903' on 'tranquility' has been successfully refreshed
2025-06-04 11:54:29.733    app     info:    [quasar-elg-events] Queueing event    eve_launcher.electron.authentication.UserTokensRefreshed
2025-06-04 11:54:29.744    app     info:    [quasar-elg-events] Event sent    type.evetech.net/eve_launcher.electron.authentication.UserTokensRefreshed
2025-06-04 11:54:29.747    app     info:    [authentication] Token for '29795975' on 'tranquility' has been successfully refreshed
2025-06-04 11:54:29.753    app     info:    [quasar-elg-events] Queueing event    eve_launcher.electron.authentication.UserTokensRefreshed
2025-06-04 11:54:29.766    app     info:    [AuthenticationMiddleware] Successfully restored 4 / 4 users
2025-06-04 11:54:29.768    app     info:    [quasar-elg-events] Event sent    type.evetech.net/eve_launcher.electron.authentication.UserTokensRefreshed
2025-06-04 11:54:29.770    app     info:    [quasar-elg-events] Event sent    type.evetech.net/eve_launcher.electron.authentication.UserTokensRefreshed
2025-06-04 11:54:29.783    app     info:    [binary-copier] Copying binaries from ResFiles
2025-06-04 11:54:29.859    app     info:    [creatives] Received 4 creatives for eve-online
2025-06-04 11:54:30.170    app     info:    [binary-copier] Finished copying 226 files to 'C:\Games\EVE\tq' in 0.631 seconds
2025-06-04 11:54:30.177    app     info:    [quasar-elg-events] Queueing event    eve_launcher.electron.eve_client.CopyingFilesFinished
2025-06-04 11:54:30.177    app     info:    [quasar-elg-events] Event sent    type.evetech.net/eve_launcher.electron.eve_client.CopyingFilesFinished
2025-06-04 11:54:30.488    app     info:    [login-window] Navigation to login completed, receiving code & state (WnceJtEv0nx4-YQ-c5DLFdy4itPPJk4iVEpKQ6lsYN4)
2025-06-04 11:54:30.585    app     info:    [server-manager] Copying executables 226/226
2025-06-04 11:54:30.634    app     info:    [quasar-elg-events] Queueing event    eve_launcher.electron.authentication.UserTokensReceived
2025-06-04 11:54:30.644    app     info:    [quasar-elg-events] Event sent    type.evetech.net/eve_launcher.electron.authentication.UserTokensReceived
2025-06-04 11:54:30.657    app     info:    [quasar-elg-events] Queueing event    eve_launcher.electron.authentication.UserAuthenticated
2025-06-04 11:54:30.703    app     info:    [quasar-elg-events] Event sent    type.evetech.net/eve_launcher.electron.authentication.UserAuthenticated
2025-06-04 11:54:30.711    app     info:    [quasar-elg-events] Queueing event    eve_launcher.electron.authentication.LoginWindowClosed
2025-06-04 11:54:30.711    app     info:    [login-window] Login window with state 'WnceJtEv0nx4-YQ-c5DLFdy4itPPJk4iVEpKQ6lsYN4' has been closed
2025-06-04 11:54:30.711    app    error:    [login-window] Could not load the login page: 'https://login.eveonline.com/account/logoff?lang=en&ReturnUrl=%2Fv2%2Foauth%2Fauthorize%3Fresponse_type%3Dcode%26client_id%3DeveLauncherTQ%26scope%3DeveClientLogin%2Bcisservice.customerRead.v1%2Bcisservice.customerWrite.v1%2Bcisservice.userProfileBasic.v1%2Bvgs.transactionRead.v1%2Bvgs.marketAccess.v1%26redirect_uri%3Dhttps%253A%252F%252Flogin.eveonline.com%252Flauncher%253Fclient_id%253DeveLauncherTQ%26state%3DWnceJtEv0nx4-YQ-c5DLFdy4itPPJk4iVEpKQ6lsYN4%26code_challenge_method%3DS256%26code_challenge%3DtX96y_95FdktwKFhMA-QqTXZHLr34RwjzGg8vSZZWy8%26steam_ticket%3D14000000eec75c2202ebccbd1bd7f11a01001001052f4068180000000100000002000000dda13a2279709b005375130002000000b200000032000000040000001bd7f11a0100100134210000cc82a42edd06000a000000000c3140688ce05b6801002f22020000000000cc00b2a9c485eaed298a68b68cb4fdcd5d920993bb259c655ee343fb2c256ebdbfb6a93aaeba88f9235f249fc229e3bf5c3230ddbce77bfe22d226bc3b40cbd3a28d293e1ee0514e2bd0bfafc959be51c554e56a9f896b0b75f085844f1c11872911ce3bd7785d3fd1a35b3c8a1988d8f79d3429392c34b5755b67223f9a430e' ERR_FAILED (-2) loading 'https://login.eveonline.com/account/logoff?lang=en&ReturnUrl=%2Fv2%2Foauth%2Fauthorize%3Fresponse_type%3Dcode%26client_id%3DeveLauncherTQ%26scope%3DeveClientLogin%2Bcisservice.customerRead.v1%2Bcisservice.customerWrite.v1%2Bcisservice.userProfileBasic.v1%2Bvgs.transactionRead.v1%2Bvgs.marketAccess.v1%26redirect_uri%3Dhttps%253A%252F%252Flogin.eveonline.com%252Flauncher%253Fclient_id%253DeveLauncherTQ%26state%3DWnceJtEv0nx4-YQ-c5DLFdy4itPPJk4iVEpKQ6lsYN4%26code_challenge_method%3DS256%26code_challenge%3DtX96y_95FdktwKFhMA-QqTXZHLr34RwjzGg8vSZZWy8%26steam_ticket%3D14000000eec75c2202ebccbd1bd7f11a01001001052f4068180000000100000002000000dda13a2279709b005375130002000000b200000032000000040000001bd7f11a0100100134210000cc82a42edd06000a000000000c3140688ce05b6801002f22020000000000cc00b2a9c485eaed298a68b68cb4fdcd5d920993bb259c655ee343fb2c256ebdbfb6a93aaeba88f9235f249fc229e3bf5c3230ddbce77bfe22d226bc3b40cbd3a28d293e1ee0514e2bd0bfafc959be51c554e56a9f896b0b75f085844f1c11872911ce3bd7785d3fd1a35b3c8a1988d8f79d3429392c34b5755b67223f9a430e'    Error: ERR_FAILED (-2) loading 'https://login.eveonline.com/account/logoff?lang=en&ReturnUrl=%2Fv2%2Foauth%2Fauthorize%3Fresponse_type%3Dcode%26client_id%3DeveLauncherTQ%26scope%3DeveClientLogin%2Bcisservice.customerRead.v1%2Bcisservice.customerWrite.v1%2Bcisservice.userProfileBasic.v1%2Bvgs.transactionRead.v1%2Bvgs.marketAccess.v1%26redirect_uri%3Dhttps%253A%252F%252Flogin.eveonline.com%252Flauncher%253Fclient_id%253DeveLauncherTQ%26state%3DWnceJtEv0nx4-YQ-c5DLFdy4itPPJk4iVEpKQ6lsYN4%26code_challenge_method%3DS256%26code_challenge%3DtX96y_95FdktwKFhMA-QqTXZHLr34RwjzGg8vSZZWy8%26steam_ticket%3D14000000eec75c2202ebccbd1bd7f11a01001001052f4068180000000100000002000000dda13a2279709b005375130002000000b200000032000000040000001bd7f11a0100100134210000cc82a42edd06000a000000000c3140688ce05b6801002f22020000000000cc00b2a9c485eaed298a68b68cb4fdcd5d920993bb259c655ee343fb2c256ebdbfb6a93aaeba88f9235f249fc229e3bf5c3230ddbce77bfe22d226bc3b40cbd3a28d293e1ee0514e2bd0bfafc959be51c554e56a9f896b0b75f085844f1c11872911ce3bd7785d3fd1a35b3c8a1988d8f79d3429392c34b5755b67223f9a430e'
    at rejectAndCleanup (node:electron/js2c/browser_init:2:79523)
    at finishListener (node:electron/js2c/browser_init:2:79685)
    at WebContents.stopLoadingListener (node:electron/js2c/browser_init:2:80072)
    at WebContents.emit (node:events:530:35)
    at e.emit (C:\Program Files (x86)\Steam\steamapps\common\Eve Online\app-1.10.1\resources\app.asar\.webpack\main\index.js:8:2737360) {
  errno: -2,
  code: 'ERR_FAILED',
  url: 'https://login.eveonline.com/account/logoff?lang=en&ReturnUrl=%2Fv2%2Foauth%2Fauthorize%3Fresponse_type%3Dcode%26client_id%3DeveLauncherTQ%26scope%3DeveClientLogin%2Bcisservice.customerRead.v1%2Bcisservice.customerWrite.v1%2Bcisservice.userProfileBasic.v1%2Bvgs.transactionRead.v1%2Bvgs.marketAccess.v1%26redirect_uri%3Dhttps%253A%252F%252Flogin.eveonline.com%252Flauncher%253Fclient_id%253DeveLauncherTQ%26state%3DWnceJtEv0nx4-YQ-c5DLFdy4itPPJk4iVEpKQ6lsYN4%26code_challenge_method%3DS256%26code_challenge%3DtX96y_95FdktwKFhMA-QqTXZHLr34RwjzGg8vSZZWy8%26steam_ticket%3D14000000eec75c2202ebccbd1bd7f11a01001001052f4068180000000100000002000000dda13a2279709b005375130002000000b200000032000000040000001bd7f11a0100100134210000cc82a42edd06000a000000000c3140688ce05b6801002f22020000000000cc00b2a9c485eaed298a68b68cb4fdcd5d920993bb259c655ee343fb2c256ebdbfb6a93aaeba88f9235f249fc229e3bf5c3230ddbce77bfe22d226bc3b40cbd3a28d293e1ee0514e2bd0bfafc959be51c554e56a9f896b0b75f085844f1c11872911ce3bd7785d3fd1a35b3c8a1988d8f79d3429392c34b5755b67223f9a430e'
}
2025-06-04 11:54:30.716    app     info:    [quasar-elg-events] Event sent    type.evetech.net/eve_launcher.electron.authentication.LoginWindowClosed
2025-06-04 11:54:31.203     ui     info:    Initializing captcha    ccp://launcher/renderer/main_window/index.js    2
2025-06-04 11:54:31.519    app     info:    [server-manager] Downloading prefetch chunks in 496 files (5.19 GB)
2025-06-04 11:54:31.521    app     info:    [download-from-manifest] Preparing to download 496 files    { cdn: 2, concurrent: 10 }
2025-06-04 11:54:31.611    app     info:    [server-manager] Copying executables 226/226
2025-06-04 11:54:32.609    app     info:    [server-manager] Downloaded 518.98 kiB/4.83 GiB at 142.92 kiB/s
2025-06-04 11:54:33.348    app     info:    [self-update] Checking for application updates.
2025-06-04 11:54:33.623    app     info:    [server-manager] Downloaded 1.37 MiB/4.83 GiB at 973.93 kiB/s
2025-06-04 11:54:33.666    app     info:    [time-sync] Failed to sync time with 1 servers
2025-06-04 11:54:33.667    app     info:    [time-sync] Compared time with 4 servers. 3 successful, 1 failed.
2025-06-04 11:54:33.667    app     info:    [time-sync] Not showing any warnings because there were errors fetching the time.
2025-06-04 11:54:34.648    app     info:    [server-manager] Downloaded 2.29 MiB/4.83 GiB at 944.28 kiB/s
2025-06-04 11:54:35.092    app     info:    [self-update] No application updates were found.
2025-06-04 11:54:35.656    app     info:    [server-manager] Downloaded 3.24 MiB/4.83 GiB at 480.68 kiB/s
2025-06-04 11:54:36.682    app     info:    [server-manager] Downloaded 4.26 MiB/4.83 GiB at 801.54 kiB/s
2025-06-04 11:54:37.747    app     info:    [server-manager] Downloaded 5.12 MiB/4.83 GiB at 909.04 kiB/s
2025-06-04 11:54:38.752    app     info:    [server-manager] Downloaded 6.09 MiB/4.83 GiB at 504.21 kiB/s
2025-06-04 11:54:39.760    app     info:    [server-manager] Downloaded 7.00 MiB/4.83 GiB at 361.63 kiB/s
2025-06-04 11:54:40.766    app     info:    [server-manager] Downloaded 7.90 MiB/4.83 GiB at 926.15 kiB/s
2025-06-04 11:54:41.790    app     info:    [server-manager] Downloaded 8.84 MiB/4.83 GiB at 818.10 kiB/s
2025-06-04 11:54:42.808    app     info:    [server-manager] Downloaded 9.76 MiB/4.83 GiB at 416.00 kiB/s
2025-06-04 11:54:43.821    app     info:    [server-manager] Downloaded 10.71 MiB/4.83 GiB at 863.73 kiB/s
2025-06-04 11:54:44.871    app     info:    [server-manager] Downloaded 11.66 MiB/4.83 GiB at 897.43 kiB/s
2025-06-04 11:54:45.881    app     info:    [server-manager] Downloaded 12.56 MiB/4.83 GiB at 911.39 kiB/s
2025-06-04 11:54:46.888    app     info:    [server-manager] Downloaded 13.47 MiB/4.83 GiB at 928.00 kiB/s
2025-06-04 11:54:47.121    app     info:    [save-as] Retrying download of https://resources.eveonline.com/bundles/2929428/resfileindex_prefetch_2929428.txt.bundle.6 (attempt 1) Error occurred while saving file to disk 'C:\Games\EVE\ResFiles\bundles\2929428\.resfileindex_prefetch_2929428.txt.bundle.6.tmp'
Request error when calling 'https://resources.eveonline.com'
socket hang up    S [SaveAsError]: Error occurred while saving file to disk 'C:\Games\EVE\ResFiles\bundles\2929428\.resfileindex_prefetch_2929428.txt.bundle.6.tmp'
Request error when calling 'https://resources.eveonline.com'
socket hang up
    at S.from (C:\Program Files (x86)\Steam\steamapps\common\Eve Online\app-1.10.1\resources\app.asar\.webpack\main\index.js:8:2344035)
    at v.<anonymous> (C:\Program Files (x86)\Steam\steamapps\common\Eve Online\app-1.10.1\resources\app.asar\.webpack\main\index.js:8:1871836)
    at v.emit (node:events:518:28)
    at v.emitError (C:\Program Files (x86)\Steam\steamapps\common\Eve Online\app-1.10.1\resources\app.asar\.webpack\main\index.js:8:2668272)
    at ClientRequest.<anonymous> (C:\Program Files (x86)\Steam\steamapps\common\Eve Online\app-1.10.1\resources\app.asar\.webpack\main\index.js:8:2667243)
    at ClientRequest.emit (node:events:530:35)
    ... 3 lines matching cause stack trace ...
    at endReadableNT (node:internal/streams/readable:1698:12) {
  cause: h [RequestError]: Request error when calling 'https://resources.eveonline.com'
  socket hang up
      at h.from (C:\Program Files (x86)\Steam\steamapps\common\Eve Online\app-1.10.1\resources\app.asar\.webpack\main\index.js:8:2664406)
      at ClientRequest.<anonymous> (C:\Program Files (x86)\Steam\steamapps\common\Eve Online\app-1.10.1\resources\app.asar\.webpack\main\index.js:8:2667255)
      at ClientRequest.emit (node:events:530:35)
      at emitErrorEvent (node:_http_client:104:11)
      at TLSSocket.socketOnEnd (node:_http_client:542:5)
      at TLSSocket.emit (node:events:530:35)
      at endReadableNT (node:internal/streams/readable:1698:12)
      at process.processTicksAndRejections (node:internal/process/task_queues:90:21) {
    code: 'ECONNRESET'
  },
  code: 'ECONNRESET'
}
2025-06-04 11:54:47.917    app     info:    [server-manager] Downloaded 14.28 MiB/4.83 GiB at 954.94 kiB/s
2025-06-04 11:54:48.933    app     info:    [server-manager] Downloaded 15.30 MiB/4.83 GiB at 1.11 MiB/s
2025-06-04 11:54:49.972    app     info:    [server-manager] Downloaded 16.24 MiB/4.83 GiB at 997.25 kiB/s
2025-06-04 11:54:50.980    app     info:    [server-manager] Downloaded 17.17 MiB/4.83 GiB at 892.43 kiB/s
2025-06-04 11:54:51.998    app     info:    [server-manager] Downloaded 18.11 MiB/4.83 GiB at 928.00 kiB/s
2025-06-04 11:54:52.029    app     info:    [customer-information] Getting character information for '31367691' on 'tranquility'
2025-06-04 11:54:53.040    app     info:    [server-manager] Downloaded 19.02 MiB/4.83 GiB at 640.00 kiB/s
2025-06-04 11:54:54.058    app     info:    [server-manager] Downloaded 19.92 MiB/4.83 GiB at 928.81 kiB/s
2025-06-04 11:54:55.069    app     info:    [server-manager] Downloaded 20.76 MiB/4.83 GiB at 727.27 kiB/s
2025-06-04 11:54:56.074    app     info:    [server-manager] Downloaded 21.69 MiB/4.83 GiB at 992.00 kiB/s
2025-06-04 11:54:56.637    app     warn:    The connection to LogLite was refused. A LogLite server may not be running, or be listening to connections.    []
2025-06-04 11:54:57.091    app     info:    [server-manager] Downloaded 22.62 MiB/4.83 GiB at 990.02 kiB/s
2025-06-04 11:54:58.099    app     info:    [server-manager] Downloaded 23.57 MiB/4.83 GiB at 383.23 kiB/s
2025-06-04 11:54:59.131    app     info:    [server-manager] Downloaded 24.46 MiB/4.83 GiB at 933.46 kiB/s
2025-06-04 11:55:00.152    app     info:    [server-manager] Downloaded 25.35 MiB/4.83 GiB at 1.34 MiB/s
2025-06-04 11:55:00.212    app     info:    [customer-information] Getting character information for '29795975' on 'tranquility'
2025-06-04 11:55:00.212    app     info:    [customer-information] Getting Omega status for '29795975' on 'tranquility' (eve-online)
2025-06-04 11:55:00.212    app     info:    [virtual-goods] Getting Plex status for '29795975' on 'tranquility' (eve-online)
2025-06-04 11:55:00.387    app     info:    [customer-information] Agreement status has been fetched for user '29795975'
2025-06-04 11:55:00.473    app     info:    [customer-information] Agreement status has been fetched for user '29795975'
2025-06-04 11:55:00.569    app     info:    [virtual-goods] Fetched Plex status for '29795975' on 'tranquility' (eve-online) with balance: 0
2025-06-04 11:55:00.621    app     info:    [esi] Fetching character details for 2122197514
2025-06-04 11:55:01.159    app     info:    [server-manager] Downloaded 26.32 MiB/4.83 GiB at 1.03 MiB/s
2025-06-04 11:55:01.341    app     info:    [esi] Fetched 1 character details for 29795975
2025-06-04 11:55:02.168    app     info:    [server-manager] Downloaded 27.26 MiB/4.83 GiB at 893.60 kiB/s
2025-06-04 11:55:03.213    app     info:    [server-manager] Downloaded 28.11 MiB/4.83 GiB at 781.13 kiB/s
2025-06-04 11:55:04.280    app     info:    [server-manager] Downloaded 29.17 MiB/4.83 GiB at 991.68 kiB/s
2025-06-04 11:55:04.904    app     info:    [customer-information] Getting character information for '31367691' on 'tranquility'
2025-06-04 11:55:05.310    app     info:    [server-manager] Downloaded 30.03 MiB/4.83 GiB at 958.08 kiB/s
2025-06-04 11:55:06.320    app     info:    [server-manager] Downloaded 31.00 MiB/4.83 GiB at 986.08 kiB/s
2025-06-04 11:55:07.343    app     info:    [server-manager] Downloaded 31.89 MiB/4.83 GiB at 837.70 kiB/s
2025-06-04 11:55:08.374    app     info:    [server-manager] Downloaded 32.87 MiB/4.83 GiB at 896.00 kiB/s
2025-06-04 11:55:09.401    app     info:    [server-manager] Downloaded 33.67 MiB/4.83 GiB at 415.17 kiB/s
2025-06-04 11:55:10.407    app     info:    [server-manager] Downloaded 34.52 MiB/4.83 GiB at 384.00 kiB/s
2025-06-04 11:55:11.432    app     info:    [server-manager] Downloaded 35.38 MiB/4.83 GiB at 824.43 kiB/s
2025-06-04 11:55:12.438    app     info:    [server-manager] Downloaded 36.26 MiB/4.83 GiB at 1.01 MiB/s
2025-06-04 11:55:13.464    app     info:    [server-manager] Downloaded 37.17 MiB/4.83 GiB at 907.58 kiB/s
2025-06-04 11:55:14.470    app     info:    [server-manager] Downloaded 38.05 MiB/4.83 GiB at 879.37 kiB/s
2025-06-04 11:55:15.495    app     info:    [server-manager] Downloaded 39.00 MiB/4.83 GiB at 914.45 kiB/s
2025-06-04 11:55:16.501    app     info:    [server-manager] Downloaded 39.85 MiB/4.83 GiB at 499.63 kiB/s
2025-06-04 11:55:17.529    app     info:    [server-manager] Downloaded 40.83 MiB/4.83 GiB at 1,009.61 kiB/s
2025-06-04 11:55:18.534    app     info:    [server-manager] Downloaded 41.69 MiB/4.83 GiB at 854.79 kiB/s
2025-06-04 11:55:19.544    app     info:    [server-manager] Downloaded 42.59 MiB/4.83 GiB at 954.27 kiB/s
2025-06-04 11:55:20.563    app     info:    [server-manager] Downloaded 43.56 MiB/4.83 GiB at 924.30 kiB/s
2025-06-04 11:55:21.597    app     info:    [server-manager] Downloaded 44.45 MiB/4.83 GiB at 1.36 MiB/s
2025-06-04 11:55:22.624    app     info:    [server-manager] Downloaded 45.39 MiB/4.83 GiB at 972.06 kiB/s
2025-06-04 11:55:23.664    app     info:    [server-manager] Downloaded 46.24 MiB/4.83 GiB at 906.00 kiB/s
2025-06-04 11:55:24.686    app     info:    [server-manager] Downloaded 47.21 MiB/4.83 GiB at 998.05 kiB/s
2025-06-04 11:55:25.696    app     info:    [server-manager] Downloaded 48.05 MiB/4.83 GiB at 851.44 kiB/s
2025-06-04 11:55:26.703    app     info:    [server-manager] Downloaded 48.95 MiB/4.83 GiB at 471.56 kiB/s
2025-06-04 11:55:27.724    app     info:    [server-manager] Downloaded 49.83 MiB/4.83 GiB at 961.61 kiB/s
2025-06-04 11:55:28.342    app     info:    [customer-information] Getting character information for '31367691' on 'tranquility'
2025-06-04 11:55:28.776    app     info:    [server-manager] Downloaded 50.76 MiB/4.83 GiB at 909.75 kiB/s
2025-06-04 11:55:29.785    app     info:    [server-manager] Downloaded 51.67 MiB/4.83 GiB at 894.67 kiB/s
2025-06-04 11:55:30.811    app     info:    [server-manager] Downloaded 52.59 MiB/4.83 GiB at 882.47 kiB/s
2025-06-04 11:55:31.841    app     info:    [server-manager] Downloaded 53.51 MiB/4.83 GiB at 960.00 kiB/s
2025-06-04 11:55:32.806    app     info:    [ipc-requests] Opening external link: https://secure.eveonline.com/account
2025-06-04 11:55:32.888    app     info:    [server-manager] Downloaded 54.45 MiB/4.83 GiB at 941.18 kiB/s
2025-06-04 11:55:33.237    app     info:    [scheduler] Stopped scheduler foreground
2025-06-04 11:55:33.239    app     info:    [ipc-requests] Handling requests in the background
2025-06-04 11:55:33.910    app     info:    [server-manager] Downloaded 55.39 MiB/4.83 GiB at 936.77 kiB/s
2025-06-04 11:55:34.240    app     info:    [ipc-requests] No longer handling requests in the background
2025-06-04 11:55:34.920    app     info:    [server-manager] Downloaded 56.31 MiB/4.83 GiB at 1,006.87 kiB/s
2025-06-04 11:55:35.935    app     info:    [server-manager] Downloaded 57.17 MiB/4.83 GiB at 766.47 kiB/s
2025-06-04 11:55:36.943    app     info:    [server-manager] Downloaded 58.09 MiB/4.83 GiB at 384.00 kiB/s
2025-06-04 11:55:37.951    app     info:    [server-manager] Downloaded 59.04 MiB/4.83 GiB at 410.65 kiB/s
2025-06-04 11:55:38.963    app     info:    [server-manager] Downloaded 59.90 MiB/4.83 GiB at 916.87 kiB/s
2025-06-04 11:55:39.369    app     info:    [scheduler] Starting scheduler foreground
2025-06-04 11:55:39.971    app     info:    [server-manager] Downloaded 60.87 MiB/4.83 GiB at 482.13 kiB/s
2025-06-04 11:55:40.978    app     info:    [server-manager] Downloaded 61.80 MiB/4.83 GiB at 663.17 kiB/s
2025-06-04 11:55:41.997    app     info:    [server-manager] Downloaded 62.70 MiB/4.83 GiB at 471.56 kiB/s
2025-06-04 11:55:43.027    app     info:    [server-manager] Downloaded 63.57 MiB/4.83 GiB at 949.50 kiB/s
2025-06-04 11:55:44.036    app     info:    [server-manager] Downloaded 64.56 MiB/4.83 GiB at 1.09 MiB/s
2025-06-04 11:55:45.064    app     info:    [server-manager] Downloaded 65.56 MiB/4.83 GiB at 902.74 kiB/s
2025-06-04 11:55:46.091    app     info:    [server-manager] Downloaded 66.45 MiB/4.83 GiB at 864.00 kiB/s
2025-06-04 11:55:47.121    app     info:    [server-manager] Downloaded 67.34 MiB/4.83 GiB at 1.29 MiB/s
2025-06-04 11:55:48.127    app     info:    [server-manager] Downloaded 68.28 MiB/4.83 GiB at 946.15 kiB/s
2025-06-04 11:55:49.159    app     info:    [server-manager] Downloaded 69.17 MiB/4.83 GiB at 795.23 kiB/s
2025-06-04 11:55:50.216    app     info:    [server-manager] Downloaded 70.15 MiB/4.83 GiB at 987.30 kiB/s
2025-06-04 11:55:51.245    app     info:    [server-manager] Downloaded 71.02 MiB/4.83 GiB at 911.98 kiB/s
2025-06-04 11:55:52.277    app     info:    [server-manager] Downloaded 71.98 MiB/4.83 GiB at 991.09 kiB/s
2025-06-04 11:55:53.288    app     info:    [server-manager] Downloaded 72.87 MiB/4.83 GiB at 951.88 kiB/s
2025-06-04 11:55:54.313    app     info:    [server-manager] Downloaded 73.81 MiB/4.83 GiB at 827.04 kiB/s
2025-06-04 11:55:55.350    app     info:    [server-manager] Downloaded 74.71 MiB/4.83 GiB at 674.33 kiB/s
2025-06-04 11:55:56.371    app     info:    [server-manager] Downloaded 75.60 MiB/4.83 GiB at 440.50 kiB/s
2025-06-04 11:55:57.378    app     info:    [server-manager] Downloaded 76.48 MiB/4.83 GiB at 1.03 MiB/s
2025-06-04 11:55:58.403    app     info:    [server-manager] Downloaded 77.42 MiB/4.83 GiB at 776.08 kiB/s
2025-06-04 11:55:59.410    app     info:    [server-manager] Downloaded 78.36 MiB/4.83 GiB at 928.00 kiB/s
2025-06-04 11:56:00.433    app     info:    [server-manager] Downloaded 79.23 MiB/4.83 GiB at 480.00 kiB/s
2025-06-04 11:56:01.493    app     info:    [server-manager] Downloaded 80.18 MiB/4.83 GiB at 924.55 kiB/s
2025-06-04 11:56:02.498    app     info:    [server-manager] Downloaded 81.11 MiB/4.83 GiB at 587.08 kiB/s
2025-06-04 11:56:03.528    app     info:    [server-manager] Downloaded 82.04 MiB/4.83 GiB at 945.87 kiB/s
2025-06-04 11:56:04.538    app     info:    [server-manager] Downloaded 82.97 MiB/4.83 GiB at 922.47 kiB/s
2025-06-04 11:56:05.591    app     info:    [server-manager] Downloaded 83.91 MiB/4.83 GiB at 942.11 kiB/s
2025-06-04 11:56:06.607    app     info:    [server-manager] Downloaded 84.85 MiB/4.83 GiB at 1,003.07 kiB/s
2025-06-04 11:56:07.620    app     info:    [server-manager] Downloaded 85.78 MiB/4.83 GiB at 898.95 kiB/s
2025-06-04 11:56:08.627    app     info:    [server-manager] Downloaded 86.70 MiB/4.83 GiB at 853.75 kiB/s
2025-06-04 11:56:09.652    app     info:    [server-manager] Downloaded 87.56 MiB/4.83 GiB at 959.38 kiB/s
2025-06-04 11:56:10.659    app     info:    [server-manager] Downloaded 88.56 MiB/4.83 GiB at 967.34 kiB/s
2025-06-04 11:56:11.683    app     info:    [server-manager] Downloaded 89.47 MiB/4.83 GiB at 879.37 kiB/s
2025-06-04 11:56:12.698    app     info:    [server-manager] Downloaded 90.44 MiB/4.83 GiB at 897.67 kiB/s
2025-06-04 11:56:13.753    app     info:    [server-manager] Downloaded 91.36 MiB/4.83 GiB at 852.85 kiB/s
2025-06-04 11:56:14.806    app     info:    [server-manager] Downloaded 92.20 MiB/4.83 GiB at 866.30 kiB/s
2025-06-04 11:56:15.813    app     info:    [server-manager] Downloaded 93.15 MiB/4.83 GiB at 1,011.98 kiB/s
2025-06-04 11:56:16.818    app     info:    [server-manager] Downloaded 93.99 MiB/4.83 GiB at 472.25 kiB/s
2025-06-04 11:56:17.841    app     info:    [server-manager] Downloaded 94.69 MiB/4.83 GiB at 192.00 kiB/s
2025-06-04 11:56:18.906    app     info:    [server-manager] Downloaded 95.27 MiB/4.83 GiB at 524.08 kiB/s
2025-06-04 11:56:18.944    app     info:    [tray] Quitting application from tray
2025-06-04 11:56:18.949    app     info:    Application quitting. Cleanup needed: true
2025-06-04 11:56:18.956    app     info:    [quasar-elg-events] Queueing shutdown event    eve_launcher.electron.application.LauncherShutdown
2025-06-04 11:56:18.964    app     info:    app.quit called, but we are still sending ELG events.
2025-06-04 11:56:18.967    app     info:    [quasar-elg-events] Event sent    type.evetech.net/eve_launcher.electron.application.LauncherShutdown
2025-06-04 11:56:19.218    app     info:    [quasar-elg-events] Shutdown event timeout passed
2025-06-04 11:56:19.218    app     info:    ELG stream closed, quitting
2025-06-04 11:56:19.220    app     info:    [window-manager] Stopped forwarding events to window manager, as the window closed    { windowId: 2 }
2025-06-04 11:56:19.220    app     info:    [window-manager-minimize] Main window is closing    { windowId: 2 }
2025-06-04 11:56:19.220    app     info:    [quasar-elg-events] gRPC connection aborted
2025-06-04 11:56:19.222    app     info:    ELG stream closed, quitting
2025-06-04 11:56:19.282    app     info:    [scheduler] Stopped scheduler foreground
2025-06-04 11:56:19.283    app     info:    [ipc-requests] Handling requests in the background
2025-06-04 11:56:19.415    app     info:    [window-manager] Main window closed    { windowId: 2 }
2025-06-04 11:56:19.416    app     info:    Application closed    0
