2025-11-10 18:06:56.220    app     info:    [migrations] Running state migrations from 1 to 1
2025-11-10 18:06:56.567    app     info:    [self-update] Configuring update feed.
2025-11-10 18:06:56.568    app     info:    [self-update] Update feed set to: https://launcher.ccpgames.com/eve-online/release/win32/x64/
2025-11-10 18:06:56.641    app     info:    Startup arguments    []
2025-11-10 18:06:56.734    app     info:    [self-update] Auto-updating is now enabled
2025-11-10 18:06:56.738    app     info:    [migrations] Running state migrations from 1 to 1
2025-11-10 18:06:56.752    app    error:    (node:4424) [DEP0180] DeprecationWarning: fs.Stats constructor is deprecated.
(Use `eve-online --trace-deprecation ...` to show where the warning was created)    []
2025-11-10 18:06:56.754    app     info:    [third-party-authentications] Checking for Steam startup
2025-11-10 18:06:56.977    app     warn:    [steam-auth] Failed to initialize Steamworks client: GenericFailure
2025-11-10 18:06:56.979    app     info:    [third-party-authentications] Done checking third party startups
2025-11-10 18:06:57.265    app     info:    [migrations] Running secured-state migrations from 1 to 1
2025-11-10 18:06:57.359    app     info:    [i18next] Changed language    ru
2025-11-10 18:06:57.470    app     info:    [cache-protocol] Found 0 entries to remove
2025-11-10 18:06:57.471    app     info:    [cache-protocol] Nothing to clean up.
2025-11-10 18:06:57.679    app     info:    [customer-information] Agreements have been updated
2025-11-10 18:06:58.023    app     info:    [quasar-elg-events] Queueing event    eve_launcher.electron.application.LauncherStarted
2025-11-10 18:06:58.089    app     info:    [analytics] Application name:    EVE Online
2025-11-10 18:06:58.089    app     info:    [analytics] Application version:    1.12.2
2025-11-10 18:06:58.089    app     info:    [analytics] Domain    undefined
2025-11-10 18:06:58.090    app     info:    [analytics] Working directory    C:\Users\REDACTED\AppData\Local\eve-online\app-1.12.2
2025-11-10 18:06:58.091    app     info:    [analytics] Username contains UTF8?    false
2025-11-10 18:07:00.178    app     info:    [quasar-elg-events] Queueing event    eve_launcher.electron.application.PdmLoaded
2025-11-10 18:07:00.195    app     info:    [quasar-elg-events] Queueing event    eve_launcher.electron.application.CoreDataLoaded
2025-11-10 18:07:00.197    app     info:    [analytics] Operating system    { type: 'Windows', name: 'Windows 10 Home', version: '10.0 (19045)' }
2025-11-10 18:07:00.197    app     info:    [analytics] Encryption available:    true
2025-11-10 18:07:00.197    app     info:    [analytics] Machine UUID    B7B2A471-C4FE-4353-880B-870CE29AC3D8
2025-11-10 18:07:00.197    app     info:    [analytics] PDM Version    2.1.4
2025-11-10 18:07:00.197    app     info:    [analytics] Release channel    release
2025-11-10 18:07:00.197    app     info:    [initializers] Shared cache directory set to    C:\Games\EVE
2025-11-10 18:07:00.201    app     info:    [initializers] Shared cache drive free space: 41,62 GiB / 237,03 GiB
2025-11-10 18:07:00.203    app     info:    [feature-flags] Initializing feature flag client
2025-11-10 18:07:00.235    app     info:    [migrations] Running file-system migrations from 202408021525 to 202408021525
2025-11-10 18:07:00.241    app     info:    [scheduler] Starting scheduler background
2025-11-10 18:07:00.249    app    error:    (node:4424) MaxListenersExceededWarning: Possible EventEmitter memory leak detected. 11 scheduler/triggered listeners added to [IpcMainImpl]. MaxListeners is 10. Use emitter.setMaxListeners() to increase limit    []
2025-11-10 18:07:00.251    app     info:    [shared-cache] Looking for eve-online profiles in 'c_games_eve_tq_tranquility'...
2025-11-10 18:07:00.270    app     info:    [shared-cache] No profiles found on disk
2025-11-10 18:07:00.302    app     info:    [analytics] Hardware rendering enabled:    true    { disabledViaCommandline: false, disabledViaSettings: true }
2025-11-10 18:07:00.342    app     info:    [first-run] Application has been run before: 2025-03-14T09:16:58.327Z
2025-11-10 18:07:00.541    app     info:    [quasar-elg-events] Event sent    type.evetech.net/eve_launcher.electron.application.LauncherStarted
2025-11-10 18:07:00.549    app     info:    [quasar-elg-events] Event sent    type.evetech.net/eve_launcher.electron.application.PdmLoaded
2025-11-10 18:07:00.550    app     info:    [quasar-elg-events] Event sent    type.evetech.net/eve_launcher.electron.application.CoreDataLoaded
2025-11-10 18:07:00.623    app     info:    info: [LaunchDarkly] LaunchDarkly client initialized    []
2025-11-10 18:07:00.624    app     info:    info: [LaunchDarkly] Opening stream connection to https://clientstream.launchdarkly.com/eval/64c3d12e27a4b11365012d39/eyJraW5kIjoibXVsdGkiLCJsYXVuY2hlciI6eyJrZXkiOiJlZjNjMWY1Ny03NWI2LTQzNzItODQzNy1kODQ5MTJjMjgyMWUiLCJpc0ZpcnN0UnVuIjpmYWxzZSwiZGF5c1NpbmNlRmlyc3RSdW4iOjI0MSwibGFuZ3VhZ2UiOiJydSIsImFwcGxpY2F0aW9uIjoiZXZlLW9ubGluZSIsInZlcnNpb24iOiIxLjEyLjIiLCJwbGF0Zm9ybSI6IndpbmRvd3MiLCJpc0dlRm9yY2VOb3ciOmZhbHNlLCJvc1ZlcnNpb25EZXByZWNhdGVkIjpmYWxzZSwidXNlcklkcyI6WzMxMzY3NjkxLDE4OTIyMzg2LDIxMTAzMTEsMzEzNjc2OTFdLCJwcm9kdWN0cyI6WyJldmUtb25saW5lIl0sIm9tZWdhQ291bnQiOjAsImFscGhhQ291bnQiOjEwLCJhY2NvdW50Q291bnQiOjEwLCJvbGRlc3RBY2NvdW50QWdlIjo2Njk3LCJ5b3VuZ2VzdEFjY291bnRBZ2UiOjIyOX0sImpvdXJuZXkiOnsia2V5IjoiYjEyMjhlYTAtMzY5MC00ZDk3LWJjZmUtYmQwMjY0OGNkNTZjIiwiYW5vbnltb3VzIjp0cnVlfX0?withReasons=true    []
2025-11-10 18:07:00.627    app     info:    [feature-flags] Client ef3c1f57... ready, fetching flags
2025-11-10 18:07:00.630    app     info:    [self-update] Auto-updating is now enabled
2025-11-10 18:07:00.630    app     info:    [quasar-manager] Quasar (EPG) feature flag is enabled
2025-11-10 18:07:00.632    app     info:    [feature-flags] Received 41 flags for client ef3c1f57...
2025-11-10 18:07:00.632    app     info:    [feature-flags] Client initialized with key ef3c1f57...
2025-11-10 18:07:00.642    app     info:    [quasar-manager] Quasar (EPG) feature flag is enabled
2025-11-10 18:07:00.644    app     info:    [self-update] Configuring update feed.
2025-11-10 18:07:00.644    app     info:    [self-update] Update feed set to: https://launcher.ccpgames.com/eve-online/release/win32/x64/
2025-11-10 18:07:00.644    app     info:    [self-update] Auto-updating is now enabled
2025-11-10 18:07:00.882    app     warn:    (electron) 'console-message' arguments are deprecated and will be removed. Please use Event<WebContentsConsoleMessageEventParams> object instead.    []
2025-11-10 18:07:00.896    app     info:    [quasar-elg-events] Queueing event    eve_launcher.electron.application.RendererLoaded
2025-11-10 18:07:00.896    app     info:    [quasar-elg-events] Event sent    type.evetech.net/eve_launcher.electron.application.RendererLoaded
2025-11-10 18:07:00.898    app     info:    [scheduler] Starting scheduler foreground
2025-11-10 18:07:00.910    app     info:    [newsfeed] Fetching news for eve-online in ru
2025-11-10 18:07:00.921    app     info:    [content-delivery-trace] Fetching CDN trace data from https://binaries.eveonline.com/cdn-cgi/trace
2025-11-10 18:07:00.942    app     info:    [creatives] Requesting creatives for eve-online
2025-11-10 18:07:00.945    app     info:    [authentication] Token for '31320672' on 'tranquility' is expired, refresh is required
2025-11-10 18:07:00.946    app     info:    [authentication] Refreshing token for '31320672' on 'tranquility'
2025-11-10 18:07:00.979    app     info:    [window-manager] Main window registered    { windowId: 2 }
2025-11-10 18:07:00.995     ui     info:    [i18next] Requesting missing translation ru readnought title title    ccp://launcher/renderer/main_window/index.js    2
2025-11-10 18:07:01.309    app     info:    [authentication] Token for '31320672' on 'tranquility' is expired, refresh is required
2025-11-10 18:07:01.310    app     info:    [authentication] Refreshing token for '31320672' on 'tranquility'
2025-11-10 18:07:01.311    app     info:    [authentication] Token for '31367691' on 'tranquility' is expired, refresh is required
2025-11-10 18:07:01.311    app     info:    [authentication] Refreshing token for '31367691' on 'tranquility'
2025-11-10 18:07:01.311    app     info:    [AuthenticationMiddleware] Refreshed 2 / 2 users for tranquility on eve-online
2025-11-10 18:07:01.318    app     info:    [server-manager] Starting refresh cycle for eve-online / tranquility
2025-11-10 18:07:01.343    app     info:    [newsfeed] Fetched 20 news items for eve-online in ru
2025-11-10 18:07:01.444    app     info:    [server-manager] Previous tranquility build: 3092632, current build: 3092632
2025-11-10 18:07:01.444    app     info:    [server-manager] tranquility build is unchanged.
2025-11-10 18:07:01.453    app     info:    [server-manager] Ready to play!
2025-11-10 18:07:01.459    app     info:    [server-manager] Finished refresh cycle for tranquility
2025-11-10 18:07:01.629    app     info:    [creatives] Received 2 creatives for eve-online
2025-11-10 18:07:01.664    app     warn:    [play-area-content] Invalid product found in play area content    { product: 'eve-frontier' }
2025-11-10 18:07:01.665    app     warn:    [play-area-content] Invalid product found in play area content    { product: 'eve-frontier' }
2025-11-10 18:07:01.665    app     warn:    [play-area-content] Invalid product found in play area content    { product: 'eve-frontier' }
2025-11-10 18:07:01.666    app     warn:    [play-area-content] Invalid product found in play area content    { product: 'eve-frontier' }
2025-11-10 18:07:01.667    app     warn:    [play-area-content] Invalid product found in play area content    { product: 'eve-frontier' }
2025-11-10 18:07:01.667    app     warn:    [play-area-content] Invalid product found in play area content    { product: 'eve-frontier' }
2025-11-10 18:07:01.667    app     warn:    [play-area-content] Invalid product found in play area content    { product: 'eve-frontier' }
2025-11-10 18:07:01.668    app     warn:    [play-area-content] Invalid product found in play area content    { product: 'eve-frontier' }
2025-11-10 18:07:01.685    app     info:    [jukebox] Fetched 2 jukebox playlists
2025-11-10 18:07:03.001    app     info:    [authentication] Token for '31367691' on 'tranquility' has been successfully refreshed
2025-11-10 18:07:03.003    app     info:    [quasar-elg-events] Queueing event    eve_launcher.electron.authentication.UserTokensRefreshed
2025-11-10 18:07:03.018    app     info:    [quasar-elg-events] Event sent    type.evetech.net/eve_launcher.electron.authentication.UserTokensRefreshed
2025-11-10 18:07:03.027    app     info:    [authentication] Token for '31320672' on 'tranquility' has been successfully refreshed
2025-11-10 18:07:03.029    app     info:    [quasar-elg-events] Queueing event    eve_launcher.electron.authentication.UserTokensRefreshed
2025-11-10 18:07:03.036    app     info:    [AuthenticationMiddleware] Successfully restored 2 / 2 users
2025-11-10 18:07:03.036    app     info:    [authentication] Token for '31320672' on 'tranquility' has been successfully refreshed
2025-11-10 18:07:03.038    app     info:    [quasar-elg-events] Queueing event    eve_launcher.electron.authentication.UserTokensRefreshed
2025-11-10 18:07:03.045    app     info:    [customer-information] Getting character information for '31320672' on 'tranquility'
2025-11-10 18:07:03.045    app     info:    [customer-information] Getting Omega status for '31320672' on 'tranquility' (eve-online)
2025-11-10 18:07:03.045    app     info:    [virtual-goods] Getting Plex status for '31320672' on 'tranquility' (eve-online)
2025-11-10 18:07:03.054    app     info:    [quasar-elg-events] Event sent    type.evetech.net/eve_launcher.electron.authentication.UserTokensRefreshed
2025-11-10 18:07:03.060    app     info:    [quasar-elg-events] Event sent    type.evetech.net/eve_launcher.electron.authentication.UserTokensRefreshed
2025-11-10 18:07:03.107    app     info:    [new-player-content] Resetting content as language not in response    { locale: 'tx' }
2025-11-10 18:07:03.498    app     info:    [virtual-goods] Fetched Plex status for '31320672' on 'tranquility' (eve-online) with balance: 0
2025-11-10 18:07:03.522    app     info:    [esi] Fetching character details for 2123259076
2025-11-10 18:07:04.294    app     info:    [esi] Fetched 1 character details for 31320672
2025-11-10 18:07:05.762     ui     info:    Initializing captcha    ccp://launcher/renderer/main_window/index.js    2
2025-11-10 18:07:05.921    app     info:    [self-update] Checking for application updates.
2025-11-10 18:07:06.346    app     info:    [time-sync] Failed to sync time with 1 servers
2025-11-10 18:07:06.347    app     info:    [time-sync] Compared time with 4 servers. 3 successful, 1 failed.
2025-11-10 18:07:06.347    app     info:    [time-sync] Not showing any warnings because there were errors fetching the time.
2025-11-10 18:07:06.855    app     info:    [self-update] No application updates were found.
2025-11-10 18:07:19.240    app     info:    [scheduler] Stopped scheduler foreground
2025-11-10 18:07:20.252    app     info:    [scheduler] Starting scheduler foreground
2025-11-10 18:07:20.727    app     info:    [scheduler] Stopped scheduler foreground
2025-11-10 18:07:29.503    app     warn:    The connection to LogLite was refused. A LogLite server may not be running, or be listening to connections.    []
2025-11-10 18:07:45.768    app     info:    [scheduler] Starting scheduler foreground
2025-11-10 18:07:50.629    app    error:    [authentication] Could not refresh token for '16492377' on 'tranquility' Tokens for '16492377' on 'tranquility' are invalid, refresh was skipped    h [InvalidTokenError]: Tokens for '16492377' on 'tranquility' are invalid, refresh was skipped
    at P (C:\Users\dmytr\AppData\Local\eve-online\app-1.12.2\resources\app.asar\.webpack\main\index.js:8:1888840)
    at C:\Users\dmytr\AppData\Local\eve-online\app-1.12.2\resources\app.asar\.webpack\main\index.js:8:2747349
    at C:\Users\dmytr\AppData\Local\eve-online\app-1.12.2\resources\app.asar\.webpack\main\index.js:8:2359677
    at C:\Users\dmytr\AppData\Local\eve-online\app-1.12.2\resources\app.asar\.webpack\main\index.js:8:2751090
2025-11-10 18:07:50.630    app    error:    [AuthenticationMiddleware] Could not update data on active user change Tokens for '16492377' on 'tranquility' are invalid, refresh was skipped    h [InvalidTokenError]: Tokens for '16492377' on 'tranquility' are invalid, refresh was skipped
    at P (C:\Users\dmytr\AppData\Local\eve-online\app-1.12.2\resources\app.asar\.webpack\main\index.js:8:1888840)
    at C:\Users\dmytr\AppData\Local\eve-online\app-1.12.2\resources\app.asar\.webpack\main\index.js:8:2747349
    at C:\Users\dmytr\AppData\Local\eve-online\app-1.12.2\resources\app.asar\.webpack\main\index.js:8:2359677
    at C:\Users\dmytr\AppData\Local\eve-online\app-1.12.2\resources\app.asar\.webpack\main\index.js:8:2751090
2025-11-10 18:07:52.364    app     info:    [authentication] Generated login URL with state 'KB2f591K2VKTxm6y1cB7eZPp_b0ATHRRsj6NEN-7rIs' for 'tranquility' using clientID 'eveLauncherTQ'
2025-11-10 18:07:52.379    app     info:    [login-window-middleware] Context is changing from 'ctx-eve-online' to 'ctx-login'
2025-11-10 18:07:52.381    app     info:    [login-window] Creating login window using URI 'https://login.eveonline.com/account/logoff?lang=en&ReturnUrl=%2Fv2%2Foauth%2Fauthorize%3Fresponse_type%3Dcode%26client_id%3DeveLauncherTQ%26scope%3DeveClientLogin%2Bcisservice.customerRead.v1%2Bcisservice.customerWrite.v1%2Bcisservice.userProfileBasic.v1%2Bvgs.transactionRead.v1%2Bvgs.marketAccess.v1%26redirect_uri%3Dhttps%253A%252F%252Flogin.eveonline.com%252Flauncher%253Fclient_id%253DeveLauncherTQ%26state%3DKB2f591K2VKTxm6y1cB7eZPp_b0ATHRRsj6NEN-7rIs%26code_challenge_method%3DS256%26code_challenge%3DEuGoIBPXDNwtnS8l7QMiaBQBeEI0gIjltUSDa2ULY70'
2025-11-10 18:07:58.124    app     info:    [scheduler] Stopped scheduler foreground
2025-11-10 18:08:00.791    app     info:    [scheduler] Starting scheduler foreground
2025-11-10 18:08:00.913    app    error:    [authentication] Could not refresh token for '16492377' on 'tranquility' Tokens for '16492377' on 'tranquility' are invalid, refresh was skipped    h [InvalidTokenError]: Tokens for '16492377' on 'tranquility' are invalid, refresh was skipped
    at P (C:\Users\dmytr\AppData\Local\eve-online\app-1.12.2\resources\app.asar\.webpack\main\index.js:8:1888840)
    at C:\Users\dmytr\AppData\Local\eve-online\app-1.12.2\resources\app.asar\.webpack\main\index.js:8:2747349
    at C:\Users\dmytr\AppData\Local\eve-online\app-1.12.2\resources\app.asar\.webpack\main\index.js:8:2359677
    at C:\Users\dmytr\AppData\Local\eve-online\app-1.12.2\resources\app.asar\.webpack\main\index.js:8:2751090
    at process.processTicksAndRejections (node:internal/process/task_queues:105:5)
2025-11-10 18:08:00.915    app    error:    [AuthenticationMiddleware] Could not update data on active user change Tokens for '16492377' on 'tranquility' are invalid, refresh was skipped    h [InvalidTokenError]: Tokens for '16492377' on 'tranquility' are invalid, refresh was skipped
    at P (C:\Users\dmytr\AppData\Local\eve-online\app-1.12.2\resources\app.asar\.webpack\main\index.js:8:1888840)
    at C:\Users\dmytr\AppData\Local\eve-online\app-1.12.2\resources\app.asar\.webpack\main\index.js:8:2747349
    at C:\Users\dmytr\AppData\Local\eve-online\app-1.12.2\resources\app.asar\.webpack\main\index.js:8:2359677
    at C:\Users\dmytr\AppData\Local\eve-online\app-1.12.2\resources\app.asar\.webpack\main\index.js:8:2751090
    at process.processTicksAndRejections (node:internal/process/task_queues:105:5)
2025-11-10 18:08:05.924    app     info:    [time-sync] Failed to sync time with 2 servers
2025-11-10 18:08:05.925    app     info:    [time-sync] Compared time with 4 servers. 2 successful, 2 failed.
2025-11-10 18:08:05.925    app     info:    [time-sync] Not showing any warnings because there were errors fetching the time.
2025-11-10 18:08:11.891    app     info:    [scheduler] Stopped scheduler foreground
2025-11-10 18:08:29.713    app     info:    [scheduler] Starting scheduler foreground
2025-11-10 18:08:31.851    app     info:    [login-window] Navigation to login completed, receiving code & state (KB2f591K2VKTxm6y1cB7eZPp_b0ATHRRsj6NEN-7rIs)
2025-11-10 18:08:32.149    app     info:    [quasar-elg-events] Queueing event    eve_launcher.electron.authentication.UserTokensReceived
2025-11-10 18:08:32.180    app     info:    [quasar-elg-events] Event sent    type.evetech.net/eve_launcher.electron.authentication.UserTokensReceived
2025-11-10 18:08:32.182    app     info:    [quasar-elg-events] Queueing event    eve_launcher.electron.authentication.UserAuthenticated
2025-11-10 18:08:32.189    app     info:    [quasar-elg-events] Event sent    type.evetech.net/eve_launcher.electron.authentication.UserAuthenticated
2025-11-10 18:08:32.196    app     info:    [quasar-elg-events] Queueing event    eve_launcher.electron.authentication.LoginWindowClosed
2025-11-10 18:08:32.196    app     info:    [login-window] Login window with state 'KB2f591K2VKTxm6y1cB7eZPp_b0ATHRRsj6NEN-7rIs' has been closed
2025-11-10 18:08:32.199    app     info:    [quasar-elg-events] Event sent    type.evetech.net/eve_launcher.electron.authentication.LoginWindowClosed
2025-11-10 18:08:34.091    app     info:    [client-queue] Queued client startup    {
  product: 'eve-online',
  tenant: 'tranquility',
  userId: 16492377,
  characterId: 1,
  profile: 'Default',
  branchId: undefined
}
2025-11-10 18:08:34.093    app     info:    [quasar-elg-events] Queueing event    eve_launcher.electron.eve_client.ClientQueued
2025-11-10 18:08:34.096    app     info:    [quasar-elg-events] Event sent    type.evetech.net/eve_launcher.electron.eve_client.ClientQueued
2025-11-10 18:08:34.096    app     info:    [client-queue] No clients running for 'tranquility' (eve-online), copying files before starting a client
2025-11-10 18:08:34.105    app     info:    [quasar-elg-events] Queueing event    eve_launcher.electron.eve_client.CopyingFilesStarted
2025-11-10 18:08:34.106    app     info:    [binary-copier] Copying 227 files (405 MB) to 'C:\Games\EVE\tq'
2025-11-10 18:08:34.108    app     info:    [quasar-elg-events] Event sent    type.evetech.net/eve_launcher.electron.eve_client.CopyingFilesStarted
2025-11-10 18:08:34.155    app     info:    [binary-copier] Removing old binaries
2025-11-10 18:08:34.262    app     info:    [binary-copier] Copying binaries from ResFiles
2025-11-10 18:08:34.276    app     warn:    [client-queue] A client for this user is scheduled to start soon
2025-11-10 18:08:35.179    app     info:    [binary-copier] Finished copying 227 files to 'C:\Games\EVE\tq' in 1.74 seconds
2025-11-10 18:08:35.181    app     info:    [quasar-elg-events] Queueing event    eve_launcher.electron.eve_client.CopyingFilesFinished
2025-11-10 18:08:35.181    app     info:    [quasar-elg-events] Event sent    type.evetech.net/eve_launcher.electron.eve_client.CopyingFilesFinished
2025-11-10 18:08:35.198    app     info:    [client-manager] Starting eve-online game client.    C:\Games\EVE\tq\bin64\exefile.exe    [
  '/noconsole',
  '/server:tranquility.servers.eveonline.com',
  '/ssoToken=***',
  '/refreshToken=***',
  '/settingsprofile=Default',
  '/language=ru',
  '/LauncherData=ZXZlLW9ubGluZTp0cmFucXVpbGl0eTo6MTY0OTIzNzc6',
  '/triplatform=dx11',
  '/deviceID=***',
  '/machineHash=***',
  '/journeyID=***',
  'exp=1762798716',
  'tokenExpires=2025-11-10 20:18:36.000'
]    16492377
2025-11-10 18:08:35.201    app     info:    [quasar-elg-events] Queueing event    eve_launcher.electron.eve_client.GameClientStartRequested
2025-11-10 18:08:35.206    app     info:    [quasar-elg-events] Event sent    type.evetech.net/eve_launcher.electron.eve_client.GameClientStartRequested
2025-11-10 18:08:35.269    app     info:    [quasar-elg-events] Queueing event    eve_launcher.electron.eve_client.GameClientStarted
2025-11-10 18:08:35.342    app     info:    [quasar-elg-events] Event sent    type.evetech.net/eve_launcher.electron.eve_client.GameClientStarted
2025-11-10 18:08:35.342    app     info:    [client-queue] Started client from group startup    {
  product: 'eve-online',
  tenant: 'tranquility',
  userId: 16492377,
  characterId: 1,
  profile: 'Default',
  branchId: undefined
}
2025-11-10 18:08:35.358    app     info:    [quasar-elg-events] Queueing event    eve_launcher.electron.eve_client.GameClientMonitored
2025-11-10 18:08:35.365    app     info:    [quasar-elg-events] Queueing event    eve_launcher.electron.eve_client.GameClientMonitored
2025-11-10 18:08:35.366    app     info:    [quasar-elg-events] Event sent    type.evetech.net/eve_launcher.electron.eve_client.GameClientMonitored
2025-11-10 18:08:35.370    app     info:    [quasar-elg-events] Event sent    type.evetech.net/eve_launcher.electron.eve_client.GameClientMonitored
2025-11-10 18:08:37.363    app     info:    [client-queue] Queue has stopped running, no more clients pending startup.
2025-11-10 18:08:39.069    app     info:    [client-queue] Stopping eve-online client for 16492377 on tranquility
2025-11-10 18:08:39.070    app     info:    [client-manager] Attempting to kill client with PID 11824
2025-11-10 18:08:39.090    app     info:    [client-manager] Client (11824) forcefully terminated with exit code: 62097.
2025-11-10 18:08:39.093    app     info:    [quasar-elg-events] Queueing event    eve_launcher.electron.eve_client.GameClientKilled
2025-11-10 18:08:39.094    app     info:    [client-manager] 'tranquility' for eve-online game client for '16492377' was killed by the launcher.
2025-11-10 18:08:39.096    app     info:    [quasar-elg-events] Queueing event    eve_launcher.electron.eve_client.GameClientExited
2025-11-10 18:08:39.099    app     info:    [quasar-elg-events] Event sent    type.evetech.net/eve_launcher.electron.eve_client.GameClientKilled
2025-11-10 18:08:39.115    app     info:    [server-manager] Starting refresh cycle for eve-online / tranquility
2025-11-10 18:08:39.126    app     info:    [quasar-elg-events] Event sent    type.evetech.net/eve_launcher.electron.eve_client.GameClientExited
2025-11-10 18:08:39.272    app     info:    [server-manager] Previous tranquility build: 3092632, current build: 3092632
2025-11-10 18:08:39.273    app     info:    [server-manager] tranquility build is unchanged.
2025-11-10 18:08:39.279    app     info:    [server-manager] Ready to play!
2025-11-10 18:08:39.285    app     info:    [server-manager] Finished refresh cycle for tranquility
2025-11-10 18:08:43.152    app     info:    [client-queue] Queued client startup    {
  product: 'eve-online',
  tenant: 'tranquility',
  userId: 16492377,
  characterId: 1,
  profile: 'Default',
  branchId: undefined
}
2025-11-10 18:08:43.154    app     info:    [quasar-elg-events] Queueing event    eve_launcher.electron.eve_client.ClientQueued
2025-11-10 18:08:43.154    app     info:    [quasar-elg-events] Event sent    type.evetech.net/eve_launcher.electron.eve_client.ClientQueued
2025-11-10 18:08:43.154    app     info:    [client-queue] No clients running for 'tranquility' (eve-online), copying files before starting a client
2025-11-10 18:08:43.161    app     info:    [quasar-elg-events] Queueing event    eve_launcher.electron.eve_client.CopyingFilesStarted
2025-11-10 18:08:43.162    app     info:    [binary-copier] Copying 227 files (405 MB) to 'C:\Games\EVE\tq'
2025-11-10 18:08:43.163    app     info:    [quasar-elg-events] Event sent    type.evetech.net/eve_launcher.electron.eve_client.CopyingFilesStarted
2025-11-10 18:08:43.207    app     info:    [binary-copier] Removing old binaries
2025-11-10 18:08:43.286    app     info:    [binary-copier] Copying binaries from ResFiles
2025-11-10 18:08:43.615    app     info:    [binary-copier] Finished copying 227 files to 'C:\Games\EVE\tq' in 0.455 seconds
2025-11-10 18:08:43.617    app     info:    [quasar-elg-events] Queueing event    eve_launcher.electron.eve_client.CopyingFilesFinished
2025-11-10 18:08:43.617    app     info:    [quasar-elg-events] Event sent    type.evetech.net/eve_launcher.electron.eve_client.CopyingFilesFinished
2025-11-10 18:08:43.630    app     info:    [client-manager] Starting eve-online game client.    C:\Games\EVE\tq\bin64\exefile.exe    [
  '/noconsole',
  '/server:tranquility.servers.eveonline.com',
  '/ssoToken=***',
  '/refreshToken=***',
  '/settingsprofile=Default',
  '/language=ru',
  '/LauncherData=ZXZlLW9ubGluZTp0cmFucXVpbGl0eTo6MTY0OTIzNzc6',
  '/triplatform=dx11',
  '/deviceID=***',
  '/machineHash=***',
  '/journeyID=***',
  'exp=1762798716',
  'tokenExpires=2025-11-10 20:18:36.000'
]    16492377
2025-11-10 18:08:43.632    app     info:    [quasar-elg-events] Queueing event    eve_launcher.electron.eve_client.GameClientStartRequested
2025-11-10 18:08:43.637    app     info:    [quasar-elg-events] Event sent    type.evetech.net/eve_launcher.electron.eve_client.GameClientStartRequested
2025-11-10 18:08:43.661    app     info:    [quasar-elg-events] Queueing event    eve_launcher.electron.eve_client.GameClientStarted
2025-11-10 18:08:43.675    app     info:    [quasar-elg-events] Event sent    type.evetech.net/eve_launcher.electron.eve_client.GameClientStarted
2025-11-10 18:08:43.675    app     info:    [client-queue] Started client from group startup    {
  product: 'eve-online',
  tenant: 'tranquility',
  userId: 16492377,
  characterId: 1,
  profile: 'Default',
  branchId: undefined
}
2025-11-10 18:08:43.685    app     info:    [quasar-elg-events] Queueing event    eve_launcher.electron.eve_client.GameClientMonitored
2025-11-10 18:08:43.691    app     info:    [quasar-elg-events] Queueing event    eve_launcher.electron.eve_client.GameClientMonitored
2025-11-10 18:08:43.692    app     info:    [quasar-elg-events] Event sent    type.evetech.net/eve_launcher.electron.eve_client.GameClientMonitored
2025-11-10 18:08:43.695    app     info:    [quasar-elg-events] Event sent    type.evetech.net/eve_launcher.electron.eve_client.GameClientMonitored
2025-11-10 18:08:44.460    app     info:    [scheduler] Stopped scheduler foreground
2025-11-10 18:08:45.685    app     info:    [client-queue] Queue has stopped running, no more clients pending startup.
2025-11-10 18:13:39.298    app     info:    [server-manager] Starting refresh cycle for eve-online / tranquility
2025-11-10 18:13:39.468    app     info:    [server-manager] Previous tranquility build: 3092632, current build: 3092632
2025-11-10 18:13:39.468    app     info:    [server-manager] tranquility build is unchanged.
2025-11-10 18:13:39.474    app     info:    [server-manager] Ready to play!
2025-11-10 18:13:39.481    app     info:    [server-manager] Finished refresh cycle for tranquility
2025-11-10 18:18:39.488    app     info:    [server-manager] Starting refresh cycle for eve-online / tranquility
2025-11-10 18:18:39.728    app     info:    [server-manager] Previous tranquility build: 3092632, current build: 3092632
2025-11-10 18:18:39.729    app     info:    [server-manager] tranquility build is unchanged.
2025-11-10 18:18:39.736    app     info:    [server-manager] Ready to play!
2025-11-10 18:18:39.741    app     info:    [server-manager] Finished refresh cycle for tranquility
2025-11-10 18:23:39.757    app     info:    [server-manager] Starting refresh cycle for eve-online / tranquility
2025-11-10 18:23:40.002    app     info:    [server-manager] Previous tranquility build: 3092632, current build: 3092632
2025-11-10 18:23:40.002    app     info:    [server-manager] tranquility build is unchanged.
2025-11-10 18:23:40.010    app     info:    [server-manager] Ready to play!
2025-11-10 18:23:40.016    app     info:    [server-manager] Finished refresh cycle for tranquility
2025-11-10 18:24:20.627    app     info:    [client-manager] 'tranquility' for eve-online game client for '16492377' exited with no errors.
2025-11-10 18:24:20.630    app     info:    [quasar-elg-events] Queueing event    eve_launcher.electron.eve_client.GameClientExited
2025-11-10 18:24:20.643    app     info:    [server-manager] Starting refresh cycle for eve-online / tranquility
2025-11-10 18:24:20.861    app     info:    [quasar-elg-events] Event sent    type.evetech.net/eve_launcher.electron.eve_client.GameClientExited
2025-11-10 18:24:20.863    app     info:    [server-manager] Previous tranquility build: 3092632, current build: 3092632
2025-11-10 18:24:20.864    app     info:    [server-manager] tranquility build is unchanged.
2025-11-10 18:24:20.868    app     info:    [server-manager] Ready to play!
2025-11-10 18:24:20.874    app     info:    [server-manager] Finished refresh cycle for tranquility
2025-11-10 18:24:22.228    app     info:    [scheduler] Starting scheduler foreground
2025-11-10 18:24:22.235    app     info:    [newsfeed] Fetching news for eve-online in ru
2025-11-10 18:24:22.251    app     info:    [authentication] Token for '16492377' on 'tranquility' is expired, refresh is required
2025-11-10 18:24:22.251    app     info:    [authentication] Refreshing token for '16492377' on 'tranquility'
2025-11-10 18:24:22.251    app     info:    [authentication] Token for '16492377' on 'tranquility' is expired, refresh is required
2025-11-10 18:24:22.252    app     info:    [authentication] Refreshing token for '16492377' on 'tranquility'
2025-11-10 18:24:22.462    app     info:    [newsfeed] Fetched 20 news items for eve-online in ru
2025-11-10 18:24:22.648    app     warn:    [play-area-content] Invalid product found in play area content    { product: 'eve-frontier' }
2025-11-10 18:24:22.649    app     warn:    [play-area-content] Invalid product found in play area content    { product: 'eve-frontier' }
2025-11-10 18:24:22.649    app     warn:    [play-area-content] Invalid product found in play area content    { product: 'eve-frontier' }
2025-11-10 18:24:22.650    app     warn:    [play-area-content] Invalid product found in play area content    { product: 'eve-frontier' }
2025-11-10 18:24:22.650    app     warn:    [play-area-content] Invalid product found in play area content    { product: 'eve-frontier' }
2025-11-10 18:24:22.651    app     warn:    [play-area-content] Invalid product found in play area content    { product: 'eve-frontier' }
2025-11-10 18:24:22.651    app     warn:    [play-area-content] Invalid product found in play area content    { product: 'eve-frontier' }
2025-11-10 18:24:22.651    app     warn:    [play-area-content] Invalid product found in play area content    { product: 'eve-frontier' }
2025-11-10 18:24:22.702    app     info:    [authentication] Token for '16492377' on 'tranquility' has been successfully refreshed
2025-11-10 18:24:22.703    app     info:    [quasar-elg-events] Queueing event    eve_launcher.electron.authentication.UserTokensRefreshed
2025-11-10 18:24:22.709    app     info:    [quasar-elg-events] Event sent    type.evetech.net/eve_launcher.electron.authentication.UserTokensRefreshed
2025-11-10 18:24:22.716    app     info:    [customer-information] Getting character information for '16492377' on 'tranquility'
2025-11-10 18:24:22.717    app     info:    [customer-information] Getting Omega status for '16492377' on 'tranquility' (eve-online)
2025-11-10 18:24:22.717    app     info:    [virtual-goods] Getting Plex status for '16492377' on 'tranquility' (eve-online)
2025-11-10 18:24:22.726    app     info:    [authentication] Token for '16492377' on 'tranquility' has been successfully refreshed
2025-11-10 18:24:22.727    app     info:    [quasar-elg-events] Queueing event    eve_launcher.electron.authentication.UserTokensRefreshed
2025-11-10 18:24:22.730    app     info:    [quasar-elg-events] Event sent    type.evetech.net/eve_launcher.electron.authentication.UserTokensRefreshed
2025-11-10 18:24:22.818    app     info:    [virtual-goods] Fetched Plex status for '16492377' on 'tranquility' (eve-online) with balance: 0
2025-11-10 18:24:22.912    app     info:    [esi] Fetching character details for 2113875139, 2121174871
2025-11-10 18:24:23.699    app     info:    [esi] Fetched 2 character details for 16492377
2025-11-10 18:24:25.020    app     info:    [authentication] Token for '31320672' on 'tranquility' is expired, refresh is required
2025-11-10 18:24:25.021    app     info:    [authentication] Refreshing token for '31320672' on 'tranquility'
2025-11-10 18:24:25.180    app     info:    [authentication] Token for '31320672' on 'tranquility' has been successfully refreshed
2025-11-10 18:24:25.182    app     info:    [quasar-elg-events] Queueing event    eve_launcher.electron.authentication.UserTokensRefreshed
2025-11-10 18:24:25.187    app     info:    [quasar-elg-events] Event sent    type.evetech.net/eve_launcher.electron.authentication.UserTokensRefreshed
2025-11-10 18:24:26.792    app     info:    [client-queue] Queued client startup    {
  product: 'eve-online',
  tenant: 'tranquility',
  userId: 31320672,
  characterId: 1,
  profile: 'Default',
  branchId: undefined
}
2025-11-10 18:24:26.793    app     info:    [quasar-elg-events] Queueing event    eve_launcher.electron.eve_client.ClientQueued
2025-11-10 18:24:26.794    app     info:    [quasar-elg-events] Event sent    type.evetech.net/eve_launcher.electron.eve_client.ClientQueued
2025-11-10 18:24:26.794    app     info:    [client-queue] No clients running for 'tranquility' (eve-online), copying files before starting a client
2025-11-10 18:24:26.799    app     info:    [quasar-elg-events] Queueing event    eve_launcher.electron.eve_client.CopyingFilesStarted
2025-11-10 18:24:26.799    app     info:    [binary-copier] Copying 227 files (405 MB) to 'C:\Games\EVE\tq'
2025-11-10 18:24:26.800    app     info:    [quasar-elg-events] Event sent    type.evetech.net/eve_launcher.electron.eve_client.CopyingFilesStarted
2025-11-10 18:24:26.844    app     info:    [binary-copier] Removing old binaries
2025-11-10 18:24:26.922    app     info:    [binary-copier] Copying binaries from ResFiles
2025-11-10 18:24:27.310    app     info:    [self-update] Checking for application updates.
2025-11-10 18:24:27.787    app     info:    [binary-copier] Finished copying 227 files to 'C:\Games\EVE\tq' in 0.989 seconds
2025-11-10 18:24:27.789    app     info:    [quasar-elg-events] Queueing event    eve_launcher.electron.eve_client.CopyingFilesFinished
2025-11-10 18:24:27.789    app     info:    [quasar-elg-events] Event sent    type.evetech.net/eve_launcher.electron.eve_client.CopyingFilesFinished
2025-11-10 18:24:27.798    app     info:    [client-manager] Starting eve-online game client.    C:\Games\EVE\tq\bin64\exefile.exe    [
  '/noconsole',
  '/server:tranquility.servers.eveonline.com',
  '/ssoToken=***',
  '/refreshToken=***',
  '/settingsprofile=Default',
  '/language=ru',
  '/LauncherData=ZXZlLW9ubGluZTp0cmFucXVpbGl0eTo6MzEzMjA2NzI6',
  '/triplatform=dx11',
  '/deviceID=***',
  '/machineHash=***',
  '/journeyID=***',
  'exp=1762799669',
  'tokenExpires=2025-11-10 20:34:29.000'
]    31320672
2025-11-10 18:24:27.800    app     info:    [quasar-elg-events] Queueing event    eve_launcher.electron.eve_client.GameClientStartRequested
2025-11-10 18:24:27.804    app     info:    [quasar-elg-events] Event sent    type.evetech.net/eve_launcher.electron.eve_client.GameClientStartRequested
2025-11-10 18:24:27.831    app     info:    [quasar-elg-events] Queueing event    eve_launcher.electron.eve_client.GameClientStarted
2025-11-10 18:24:27.849    app     info:    [quasar-elg-events] Event sent    type.evetech.net/eve_launcher.electron.eve_client.GameClientStarted
2025-11-10 18:24:27.850    app     info:    [client-queue] Started client from group startup    {
  product: 'eve-online',
  tenant: 'tranquility',
  userId: 31320672,
  characterId: 1,
  profile: 'Default',
  branchId: undefined
}
2025-11-10 18:24:27.861    app     info:    [quasar-elg-events] Queueing event    eve_launcher.electron.eve_client.GameClientMonitored
2025-11-10 18:24:27.866    app     info:    [quasar-elg-events] Queueing event    eve_launcher.electron.eve_client.GameClientMonitored
2025-11-10 18:24:27.867    app     info:    [quasar-elg-events] Event sent    type.evetech.net/eve_launcher.electron.eve_client.GameClientMonitored
2025-11-10 18:24:27.868    app     info:    [quasar-elg-events] Event sent    type.evetech.net/eve_launcher.electron.eve_client.GameClientMonitored
2025-11-10 18:24:28.281    app     info:    [self-update] No application updates were found.
2025-11-10 18:24:28.483    app     info:    [scheduler] Stopped scheduler foreground
2025-11-10 18:24:29.859    app     info:    [client-queue] Queue has stopped running, no more clients pending startup.
2025-11-10 18:24:50.801    app     info:    [scheduler] Starting scheduler foreground
2025-11-10 18:24:53.359    app     info:    [window-manager-minimize] Main window minimized to tray    { windowId: 2 }
2025-11-10 18:24:53.454    app     info:    [window-manager-minimize] Sent notification that the application is minimized to tray    { windowId: 2 }
2025-11-10 18:24:53.464    app     info:    [scheduler] Stopped scheduler foreground
2025-11-10 18:29:20.879    app     info:    [server-manager] Starting refresh cycle for eve-online / tranquility
2025-11-10 18:29:21.158    app     info:    [server-manager] Previous tranquility build: 3092632, current build: 3092632
2025-11-10 18:29:21.159    app     info:    [server-manager] tranquility build is unchanged.
2025-11-10 18:29:21.169    app     info:    [server-manager] Ready to play!
2025-11-10 18:29:21.178    app     info:    [server-manager] Finished refresh cycle for tranquility
2025-11-10 18:34:21.190    app     info:    [server-manager] Starting refresh cycle for eve-online / tranquility
2025-11-10 18:34:21.367    app     info:    [server-manager] Previous tranquility build: 3092632, current build: 3092632
2025-11-10 18:34:21.367    app     info:    [server-manager] tranquility build is unchanged.
2025-11-10 18:34:21.376    app     info:    [server-manager] Ready to play!
2025-11-10 18:34:21.381    app     info:    [server-manager] Finished refresh cycle for tranquility
2025-11-10 18:39:21.394    app     info:    [server-manager] Starting refresh cycle for eve-online / tranquility
2025-11-10 18:39:21.632    app     info:    [server-manager] Previous tranquility build: 3092632, current build: 3092632
2025-11-10 18:39:21.633    app     info:    [server-manager] tranquility build is unchanged.
2025-11-10 18:39:21.639    app     info:    [server-manager] Ready to play!
2025-11-10 18:39:21.648    app     info:    [server-manager] Finished refresh cycle for tranquility
2025-11-10 18:44:21.653    app     info:    [server-manager] Starting refresh cycle for eve-online / tranquility
2025-11-10 18:44:21.838    app     info:    [server-manager] Previous tranquility build: 3092632, current build: 3092632
2025-11-10 18:44:21.838    app     info:    [server-manager] tranquility build is unchanged.
2025-11-10 18:44:21.846    app     info:    [server-manager] Ready to play!
2025-11-10 18:44:21.856    app     info:    [server-manager] Finished refresh cycle for tranquility
2025-11-10 18:49:21.872    app     info:    [server-manager] Starting refresh cycle for eve-online / tranquility
2025-11-10 18:49:22.102    app     info:    [server-manager] Previous tranquility build: 3092632, current build: 3092632
2025-11-10 18:49:22.103    app     info:    [server-manager] tranquility build is unchanged.
2025-11-10 18:49:22.111    app     info:    [server-manager] Ready to play!
2025-11-10 18:49:22.116    app     info:    [server-manager] Finished refresh cycle for tranquility
2025-11-10 18:54:22.129    app     info:    [server-manager] Starting refresh cycle for eve-online / tranquility
2025-11-10 18:54:22.447    app     info:    [server-manager] Previous tranquility build: 3092632, current build: 3092632
2025-11-10 18:54:22.448    app     info:    [server-manager] tranquility build is unchanged.
2025-11-10 18:54:22.457    app     info:    [server-manager] Ready to play!
2025-11-10 18:54:22.466    app     info:    [server-manager] Finished refresh cycle for tranquility
2025-11-10 18:59:22.488    app     info:    [server-manager] Starting refresh cycle for eve-online / tranquility
2025-11-10 18:59:22.636    app     info:    [server-manager] Previous tranquility build: 3092632, current build: 3092632
2025-11-10 18:59:22.636    app     info:    [server-manager] tranquility build is unchanged.
2025-11-10 18:59:22.645    app     info:    [server-manager] Ready to play!
2025-11-10 18:59:22.652    app     info:    [server-manager] Finished refresh cycle for tranquility
2025-11-10 19:04:22.669    app     info:    [server-manager] Starting refresh cycle for eve-online / tranquility
2025-11-10 19:04:22.941    app     info:    [server-manager] Previous tranquility build: 3092632, current build: 3092632
2025-11-10 19:04:22.942    app     info:    [server-manager] tranquility build is unchanged.
2025-11-10 19:04:22.953    app     info:    [server-manager] Ready to play!
2025-11-10 19:04:22.963    app     info:    [server-manager] Finished refresh cycle for tranquility
2025-11-10 19:09:22.974    app     info:    [server-manager] Starting refresh cycle for eve-online / tranquility
2025-11-10 19:09:23.187    app     info:    [server-manager] Previous tranquility build: 3092632, current build: 3092632
2025-11-10 19:09:23.187    app     info:    [server-manager] tranquility build is unchanged.
2025-11-10 19:09:23.194    app     info:    [server-manager] Ready to play!
2025-11-10 19:09:23.203    app     info:    [server-manager] Finished refresh cycle for tranquility
2025-11-10 19:14:23.217    app     info:    [server-manager] Starting refresh cycle for eve-online / tranquility
2025-11-10 19:14:23.395    app     info:    [server-manager] Previous tranquility build: 3092632, current build: 3092632
2025-11-10 19:14:23.395    app     info:    [server-manager] tranquility build is unchanged.
2025-11-10 19:14:23.399    app     info:    [server-manager] Ready to play!
2025-11-10 19:14:23.402    app     info:    [server-manager] Finished refresh cycle for tranquility
2025-11-10 19:19:23.417    app     info:    [server-manager] Starting refresh cycle for eve-online / tranquility
2025-11-10 19:19:23.618    app     info:    [server-manager] Previous tranquility build: 3092632, current build: 3092632
2025-11-10 19:19:23.618    app     info:    [server-manager] tranquility build is unchanged.
2025-11-10 19:19:23.625    app     info:    [server-manager] Ready to play!
2025-11-10 19:19:23.632    app     info:    [server-manager] Finished refresh cycle for tranquility
2025-11-10 19:24:23.649    app     info:    [server-manager] Starting refresh cycle for eve-online / tranquility
2025-11-10 19:24:23.869    app     info:    [server-manager] Previous tranquility build: 3092632, current build: 3092632
2025-11-10 19:24:23.869    app     info:    [server-manager] tranquility build is unchanged.
2025-11-10 19:24:23.875    app     info:    [server-manager] Ready to play!
2025-11-10 19:24:23.880    app     info:    [server-manager] Finished refresh cycle for tranquility
2025-11-10 19:29:23.886    app     info:    [server-manager] Starting refresh cycle for eve-online / tranquility
2025-11-10 19:29:24.151    app     info:    [server-manager] Previous tranquility build: 3092632, current build: 3092632
2025-11-10 19:29:24.151    app     info:    [server-manager] tranquility build is unchanged.
2025-11-10 19:29:24.156    app     info:    [server-manager] Ready to play!
2025-11-10 19:29:24.163    app     info:    [server-manager] Finished refresh cycle for tranquility
2025-11-10 19:34:24.171    app     info:    [server-manager] Starting refresh cycle for eve-online / tranquility
2025-11-10 19:34:24.672    app     info:    [server-manager] Previous tranquility build: 3092632, current build: 3092632
2025-11-10 19:34:24.672    app     info:    [server-manager] tranquility build is unchanged.
2025-11-10 19:34:24.679    app     info:    [server-manager] Ready to play!
2025-11-10 19:34:24.687    app     info:    [server-manager] Finished refresh cycle for tranquility
2025-11-10 19:39:24.702    app     info:    [server-manager] Starting refresh cycle for eve-online / tranquility
2025-11-10 19:39:24.904    app     info:    [server-manager] Previous tranquility build: 3092632, current build: 3092632
2025-11-10 19:39:24.904    app     info:    [server-manager] tranquility build is unchanged.
2025-11-10 19:39:24.909    app     info:    [server-manager] Ready to play!
2025-11-10 19:39:24.913    app     info:    [server-manager] Finished refresh cycle for tranquility
2025-11-10 19:44:24.924    app     info:    [server-manager] Starting refresh cycle for eve-online / tranquility
2025-11-10 19:44:25.193    app     info:    [server-manager] Previous tranquility build: 3092632, current build: 3092632
2025-11-10 19:44:25.193    app     info:    [server-manager] tranquility build is unchanged.
2025-11-10 19:44:25.200    app     info:    [server-manager] Ready to play!
2025-11-10 19:44:25.209    app     info:    [server-manager] Finished refresh cycle for tranquility
2025-11-10 19:49:25.221    app     info:    [server-manager] Starting refresh cycle for eve-online / tranquility
2025-11-10 19:49:25.433    app     info:    [server-manager] Previous tranquility build: 3092632, current build: 3092632
2025-11-10 19:49:25.433    app     info:    [server-manager] tranquility build is unchanged.
2025-11-10 19:49:25.440    app     info:    [server-manager] Ready to play!
2025-11-10 19:49:25.443    app     info:    [server-manager] Finished refresh cycle for tranquility
2025-11-10 19:53:46.246    app     info:    [client-manager] 'tranquility' for eve-online game client for '31320672' exited with no errors.
2025-11-10 19:53:46.248    app     info:    [quasar-elg-events] Queueing event    eve_launcher.electron.eve_client.GameClientExited
2025-11-10 19:53:46.263    app     info:    [server-manager] Starting refresh cycle for eve-online / tranquility
2025-11-10 19:53:46.476    app     info:    [server-manager] Previous tranquility build: 3092632, current build: 3092632
2025-11-10 19:53:46.477    app     info:    [server-manager] tranquility build is unchanged.
2025-11-10 19:53:46.479    app     info:    [server-manager] Ready to play!
2025-11-10 19:53:46.483    app     info:    [server-manager] Finished refresh cycle for tranquility
2025-11-10 19:53:46.484    app     info:    [quasar-elg-events] Event sent    type.evetech.net/eve_launcher.electron.eve_client.GameClientExited
2025-11-10 19:53:49.825    app     info:    [tray] Quitting application from tray
2025-11-10 19:53:49.827    app     info:    Application quitting. Cleanup needed: true
2025-11-10 19:53:49.828    app     info:    [quasar-elg-events] Queueing shutdown event    eve_launcher.electron.application.LauncherShutdown
2025-11-10 19:53:49.830    app     info:    [quasar-elg-events] Event sent    type.evetech.net/eve_launcher.electron.application.LauncherShutdown
2025-11-10 19:53:49.830    app     info:    app.quit called, but we are still sending ELG events.
2025-11-10 19:53:50.089    app     info:    [quasar-elg-events] Shutdown event timeout passed
2025-11-10 19:53:50.090    app     info:    ELG stream closed, quitting
2025-11-10 19:53:50.096    app     info:    [window-manager] Stopped forwarding events to window manager, as the window closed    { windowId: 2 }
2025-11-10 19:53:50.097    app     info:    [window-manager-minimize] Main window is closing    { windowId: 2 }
2025-11-10 19:53:50.098    app     info:    [quasar-elg-events] gRPC connection aborted
2025-11-10 19:53:50.102    app     info:    ELG stream closed, quitting
2025-11-10 19:53:50.121    app     info:    [window-manager] Main window closed    { windowId: 2 }
2025-11-10 19:53:50.122    app     info:    Application closed    0
