2025-06-04 12:19:40.167    app     info:    [migrations] Running state migrations from 202403271440 to 202403271440
2025-06-04 12:19:40.333    app     info:    [self-update] Configuring update feed.
2025-06-04 12:19:40.333    app     info:    [self-update] Update feed set to: https://launcher.ccpgames.com/eve-online/release/win32/x64/
2025-06-04 12:19:40.351    app     info:    Startup arguments    []
2025-06-04 12:19:40.501    app     info:    [self-update] Auto-updating is now enabled
2025-06-04 12:19:40.503    app     info:    [migrations] Running state migrations from 202403271440 to 202403271440
2025-06-04 12:19:40.508    app    error:    (node:8316) [DEP0180] DeprecationWarning: fs.Stats constructor is deprecated.
(Use `eve-online --trace-deprecation ...` to show where the warning was created)    []
2025-06-04 12:19:40.509    app     info:    [third-party-authentications] Checking for Steam startup
2025-06-04 12:19:41.014    app     info:    [migrations] Running secured-state migrations from 202406060001 to 202406060001
2025-06-04 12:19:41.115    app     info:    [i18next] Changed language    ru
2025-06-04 12:19:41.148    app     info:    [steam-auth] Steam startup detected
2025-06-04 12:19:41.169    app     info:    [authentication] Generated login URL with state 'FsqbwhD5XAjzH7BegD0tlVbFaTuvzN76WDkece0a2Bw' for 'tranquility' using clientID 'eveLauncherTQ'
2025-06-04 12:19:41.169    app     info:    [third-party-authentications] Done checking third party startups
2025-06-04 12:19:41.232    app     info:    [cache-protocol] Found 0 entries to remove
2025-06-04 12:19:41.233    app     info:    [cache-protocol] Nothing to clean up.
2025-06-04 12:19:41.303    app     info:    [quasar-elg-events] Queueing event    eve_launcher.electron.application.LauncherStarted
2025-06-04 12:19:41.368    app     info:    [analytics] Application name:    EVE Online
2025-06-04 12:19:41.369    app     info:    [analytics] Application version:    1.10.1
2025-06-04 12:19:41.369    app     info:    [analytics] Domain    undefined
2025-06-04 12:19:41.372    app     info:    [analytics] Working directory    C:\Program Files (x86)\Steam\steamapps\common\Eve Online\app-1.10.1
2025-06-04 12:19:41.372    app     info:    [analytics] Username contains UTF8?    false
2025-06-04 12:19:42.404    app     info:    [quasar-elg-events] Queueing event    eve_launcher.electron.application.PdmLoaded
2025-06-04 12:19:42.421    app     info:    [quasar-elg-events] Queueing event    eve_launcher.electron.application.CoreDataLoaded
2025-06-04 12:19:42.425    app     info:    [analytics] Operating system    { type: 'Windows', name: 'Windows 10 Home', version: '10.0 (19045)' }
2025-06-04 12:19:42.425    app     info:    [analytics] Encryption available:    true
2025-06-04 12:19:42.425    app     info:    [analytics] Machine UUID    B7B2A471-C4FE-4353-880B-870CE29AC3D8
2025-06-04 12:19:42.425    app     info:    [analytics] PDM Version    2.1.4
2025-06-04 12:19:42.425    app     info:    [analytics] Release channel    release
2025-06-04 12:19:42.426    app     info:    [initializers] Shared cache directory set to    C:\Games\EVE
2025-06-04 12:19:42.431    app     info:    [initializers] Shared cache drive free space: 57.47 GiB / 237.84 GiB
2025-06-04 12:19:42.433    app     info:    [feature-flags] Initializing feature flag client
2025-06-04 12:19:42.471    app     info:    [migrations] Running file-system migrations from 202408021525 to 202408021525
2025-06-04 12:19:42.476    app     info:    [scheduler] Starting scheduler background
2025-06-04 12:19:42.499    app    error:    (node:8316) MaxListenersExceededWarning: Possible EventEmitter memory leak detected. 11 scheduler/triggered listeners added to [IpcMainImpl]. MaxListeners is 10. Use emitter.setMaxListeners() to increase limit    []
2025-06-04 12:19:42.501    app     info:    [shared-cache] Looking for eve-online profiles in 'c_games_eve_tq_tranquility'...
2025-06-04 12:19:42.522    app     info:    [shared-cache] No profiles found on disk
2025-06-04 12:19:42.542    app     info:    [analytics] Hardware rendering enabled:    true    { disabledViaCommandline: false, disabledViaSettings: true }
2025-06-04 12:19:42.579    app     info:    [first-run] Application has been run before: 2025-03-14T09:16:58.327Z
2025-06-04 12:19:42.723    app     info:    [quasar-elg-events] Event sent    type.evetech.net/eve_launcher.electron.application.LauncherStarted
2025-06-04 12:19:42.726    app     info:    [quasar-elg-events] Event sent    type.evetech.net/eve_launcher.electron.application.PdmLoaded
2025-06-04 12:19:42.727    app     info:    [quasar-elg-events] Event sent    type.evetech.net/eve_launcher.electron.application.CoreDataLoaded
2025-06-04 12:19:42.790    app     info:    info: [LaunchDarkly] LaunchDarkly client initialized    []
2025-06-04 12:19:42.791    app     info:    info: [LaunchDarkly] Opening stream connection to https://clientstream.launchdarkly.com/eval/64c3d12e27a4b11365012d39/eyJraW5kIjoibXVsdGkiLCJsYXVuY2hlciI6eyJrZXkiOiJlZjNjMWY1Ny03NWI2LTQzNzItODQzNy1kODQ5MTJjMjgyMWUiLCJpc0ZpcnN0UnVuIjpmYWxzZSwiZGF5c1NpbmNlRmlyc3RSdW4iOjgyLCJsYW5ndWFnZSI6InJ1IiwiYXBwbGljYXRpb24iOiJldmUtb25saW5lIiwidmVyc2lvbiI6IjEuMTAuMSIsInBsYXRmb3JtIjoid2luZG93cyIsImlzR2VGb3JjZU5vdyI6ZmFsc2UsIm9zVmVyc2lvbkRlcHJlY2F0ZWQiOmZhbHNlLCJ1c2VySWRzIjpbMjM2MjI5MDMsMzEzNjc2OTEsMjM2MjI5MDMsMzEzNjc2OTFdLCJwcm9kdWN0cyI6WyJldmUtb25saW5lIl0sIm9tZWdhQ291bnQiOjAsImFscGhhQ291bnQiOjUsImFjY291bnRDb3VudCI6NSwib2xkZXN0QWNjb3VudEFnZSI6MTU3NiwieW91bmdlc3RBY2NvdW50QWdlIjo3MH0sImpvdXJuZXkiOnsia2V5IjoiYjEyMjhlYTAtMzY5MC00ZDk3LWJjZmUtYmQwMjY0OGNkNTZjIiwiYW5vbnltb3VzIjp0cnVlfX0?withReasons=true    []
2025-06-04 12:19:42.794    app     info:    [feature-flags] Client ef3c1f57... ready, fetching flags
2025-06-04 12:19:42.796    app     info:    [self-update] Auto-updating is now enabled
2025-06-04 12:19:42.797    app     info:    [quasar-manager] Quasar (EPG) feature flag is enabled
2025-06-04 12:19:42.803    app     info:    [feature-flags] Received 40 flags for client ef3c1f57...
2025-06-04 12:19:42.803    app     info:    [feature-flags] Client initialized with key ef3c1f57...
2025-06-04 12:19:42.819    app     info:    [quasar-manager] Quasar (EPG) feature flag is enabled
2025-06-04 12:19:42.827    app     info:    [self-update] Configuring update feed.
2025-06-04 12:19:42.827    app     info:    [self-update] Update feed set to: https://launcher.ccpgames.com/eve-online/release/win32/x64/
2025-06-04 12:19:42.827    app     info:    [self-update] Auto-updating is now enabled
2025-06-04 12:19:43.180    app     warn:    (electron) 'console-message' arguments are deprecated and will be removed. Please use Event<WebContentsConsoleMessageEventParams> object instead.    []
2025-06-04 12:19:43.206    app     info:    [quasar-elg-events] Queueing event    eve_launcher.electron.application.RendererLoaded
2025-06-04 12:19:43.207    app     info:    [quasar-elg-events] Event sent    type.evetech.net/eve_launcher.electron.application.RendererLoaded
2025-06-04 12:19:43.208    app     info:    [scheduler] Starting scheduler foreground
2025-06-04 12:19:43.234    app     info:    [newsfeed] Fetching news for eve-online in ru
2025-06-04 12:19:43.262    app     info:    [content-delivery-trace] Fetching CDN trace data from https://binaries.eveonline.com/cdn-cgi/trace
2025-06-04 12:19:43.293    app     info:    [creatives] Requesting creatives for eve-online
2025-06-04 12:19:43.297    app     info:    [customer-information] Getting character information for '31367691' on 'tranquility'
2025-06-04 12:19:43.298    app     info:    [customer-information] Getting Omega status for '31367691' on 'tranquility' (eve-online)
2025-06-04 12:19:43.328    app     info:    [window-manager] Main window registered    { windowId: 2 }
2025-06-04 12:19:43.348    app     info:    [login-window] Creating login window using URI 'https://login.eveonline.com/account/logoff?lang=en&ReturnUrl=%2Fv2%2Foauth%2Fauthorize%3Fresponse_type%3Dcode%26client_id%3DeveLauncherTQ%26scope%3DeveClientLogin%2Bcisservice.customerRead.v1%2Bcisservice.customerWrite.v1%2Bcisservice.userProfileBasic.v1%2Bvgs.transactionRead.v1%2Bvgs.marketAccess.v1%26redirect_uri%3Dhttps%253A%252F%252Flogin.eveonline.com%252Flauncher%253Fclient_id%253DeveLauncherTQ%26state%3DFsqbwhD5XAjzH7BegD0tlVbFaTuvzN76WDkece0a2Bw%26code_challenge_method%3DS256%26code_challenge%3DUt6lTo2tAaWmuW59L1AlD893cKqKKVrY9q9AOYbarYU%26steam_ticket%3D14000000705c476910636a491bd7f11a010010014d344068180000000100000002000000b78b880d9368ac15e5942a0007000000b200000032000000040000001bd7f11a0100100134210000cc82a42edd06000a000000000c3140688ce05b6801002f22020000000000cc00b2a9c485eaed298a68b68cb4fdcd5d920993bb259c655ee343fb2c256ebdbfb6a93aaeba88f9235f249fc229e3bf5c3230ddbce77bfe22d226bc3b40cbd3a28d293e1ee0514e2bd0bfafc959be51c554e56a9f896b0b75f085844f1c11872911ce3bd7785d3fd1a35b3c8a1988d8f79d3429392c34b5755b67223f9a430e'
2025-06-04 12:19:43.396     ui     info:    [i18next] Requesting missing translation ru readnought title title    ccp://launcher/renderer/main_window/index.js    2
2025-06-04 12:19:43.603    app     info:    [new-player-content] Resetting content as language not in response    { locale: 'tx' }
2025-06-04 12:19:43.875    app     info:    [newsfeed] Fetched 20 news items for eve-online in ru
2025-06-04 12:19:43.924    app     info:    [customer-information] Agreements have been updated
2025-06-04 12:19:44.143    app     info:    [authentication] Token for '23622903' on 'tranquility' is expired, refresh is required
2025-06-04 12:19:44.143    app     info:    [authentication] Refreshing token for '23622903' on 'tranquility'
2025-06-04 12:19:44.144    app     info:    [authentication] Token for '26239201' on 'tranquility' is expired, refresh is required
2025-06-04 12:19:44.144    app     info:    [authentication] Refreshing token for '26239201' on 'tranquility'
2025-06-04 12:19:44.145    app     info:    [authentication] Token for '29795975' on 'tranquility' is expired, refresh is required
2025-06-04 12:19:44.145    app     info:    [authentication] Refreshing token for '29795975' on 'tranquility'
2025-06-04 12:19:44.145    app     info:    [authentication] Token for '31320672' on 'tranquility' is expired, refresh is required
2025-06-04 12:19:44.146    app     info:    [authentication] Refreshing token for '31320672' on 'tranquility'
2025-06-04 12:19:44.146    app     info:    [AuthenticationMiddleware] Refreshed 5 / 5 users for tranquility on eve-online
2025-06-04 12:19:44.157    app     info:    [server-manager] Starting refresh cycle for eve-online / Tranquility
2025-06-04 12:19:44.250    app     info:    [creatives] Received 4 creatives for eve-online
2025-06-04 12:19:44.322    app     info:    [server-manager] Previous Tranquility build: 2866918, current build: 2929428
2025-06-04 12:19:44.328    app     info:    [quasar-elg-events] Queueing event    eve_launcher.electron.eve_client.GameClientUpdateStarted
2025-06-04 12:19:44.328    app     info:    [server-manager] Starting download of build 2929428 for Tranquility.
2025-06-04 12:19:44.344    app     info:    [quasar-elg-events] Event sent    type.evetech.net/eve_launcher.electron.eve_client.GameClientUpdateStarted
2025-06-04 12:19:44.658    app     warn:    [play-area-content] Invalid product found in play area content    { product: 'eve-frontier' }
2025-06-04 12:19:44.658    app     warn:    [play-area-content] Invalid product found in play area content    { product: 'eve-frontier' }
2025-06-04 12:19:44.659    app     warn:    [play-area-content] Invalid product found in play area content    { product: 'eve-frontier' }
2025-06-04 12:19:44.659    app     warn:    [play-area-content] Invalid product found in play area content    { product: 'eve-frontier' }
2025-06-04 12:19:44.660    app     warn:    [play-area-content] Invalid product found in play area content    { product: 'eve-frontier' }
2025-06-04 12:19:44.660    app     warn:    [play-area-content] Invalid product found in play area content    { product: 'eve-frontier' }
2025-06-04 12:19:44.661    app     warn:    [play-area-content] Invalid product found in play area content    { product: 'eve-frontier' }
2025-06-04 12:19:44.661    app     warn:    [play-area-content] Invalid product found in play area content    { product: 'eve-frontier' }
2025-06-04 12:19:44.671    app     info:    [jukebox] Fetched 2 jukebox playlists
2025-06-04 12:19:44.826    app     info:    [authentication] Token for '31320672' on 'tranquility' has been successfully refreshed
2025-06-04 12:19:44.835    app     info:    [quasar-elg-events] Queueing event    eve_launcher.electron.authentication.UserTokensRefreshed
2025-06-04 12:19:44.851    app     info:    [quasar-elg-events] Event sent    type.evetech.net/eve_launcher.electron.authentication.UserTokensRefreshed
2025-06-04 12:19:44.853    app     info:    [authentication] Token for '23622903' on 'tranquility' has been successfully refreshed
2025-06-04 12:19:44.860    app     info:    [quasar-elg-events] Queueing event    eve_launcher.electron.authentication.UserTokensRefreshed
2025-06-04 12:19:44.874    app     info:    [authentication] Token for '29795975' on 'tranquility' has been successfully refreshed
2025-06-04 12:19:44.880    app     info:    [quasar-elg-events] Queueing event    eve_launcher.electron.authentication.UserTokensRefreshed
2025-06-04 12:19:44.902    app     info:    [quasar-elg-events] Event sent    type.evetech.net/eve_launcher.electron.authentication.UserTokensRefreshed
2025-06-04 12:19:44.908    app     info:    [manifest] Excluded 226 files from the manifest, leaving 0 entries
2025-06-04 12:19:44.908    app     info:    [server-manager] Downloading 0 binary files (0 B)
2025-06-04 12:19:44.910    app     warn:    [download-from-manifest] The manifest contained no entries to download    { cdn: 1 }
2025-06-04 12:19:44.920    app     info:    [download-from-manifest] Downloaded 0 files (0.00 B) in 0.1 seconds
2025-06-04 12:19:44.921    app     info:    [download-from-manifest] Average download speed: 0.00 B/s
2025-06-04 12:19:44.923    app     info:    [quasar-elg-events] Event sent    type.evetech.net/eve_launcher.electron.authentication.UserTokensRefreshed
2025-06-04 12:19:44.969    app     info:    [quasar-elg-events] Queueing event    eve_launcher.electron.eve_client.CopyingFilesStarted
2025-06-04 12:19:44.970    app     info:    [binary-copier] Copying 226 files (378 MB) to 'C:\Games\EVE\tq'
2025-06-04 12:19:44.972    app     info:    [quasar-elg-events] Event sent    type.evetech.net/eve_launcher.electron.eve_client.CopyingFilesStarted
2025-06-04 12:19:45.037    app     info:    [binary-copier] Removing old binaries
2025-06-04 12:19:45.119    app     info:    [binary-copier] Copying binaries from ResFiles
2025-06-04 12:19:45.469    app     info:    [binary-copier] Finished copying 226 files to 'C:\Games\EVE\tq' in 0.522 seconds
2025-06-04 12:19:45.478    app     info:    [quasar-elg-events] Queueing event    eve_launcher.electron.eve_client.CopyingFilesFinished
2025-06-04 12:19:45.478    app     info:    [quasar-elg-events] Event sent    type.evetech.net/eve_launcher.electron.eve_client.CopyingFilesFinished
2025-06-04 12:19:45.689     ui     info:    Initializing captcha    ccp://launcher/renderer/main_window/index.js    2
2025-06-04 12:19:45.918    app     info:    [server-manager] Copying executables 226/226
2025-06-04 12:19:46.110    app     info:    [server-manager] Downloading prefetch chunks in 496 files (5.19 GB)
2025-06-04 12:19:46.112    app     info:    [download-from-manifest] Preparing to download 496 files    { cdn: 2, concurrent: 10 }
2025-06-04 12:19:46.961    app     info:    [server-manager] Downloaded 185.47 kiB/4.83 GiB at 170.87 kiB/s
2025-06-04 12:19:47.959    app     info:    [server-manager] Downloaded 1.03 MiB/4.83 GiB at 691.52 kiB/s
2025-06-04 12:19:48.241    app     info:    [self-update] Checking for application updates.
2025-06-04 12:19:49.015    app     info:    [server-manager] Downloaded 1.93 MiB/4.83 GiB at 371.38 kiB/s
2025-06-04 12:19:50.108    app     info:    [server-manager] Downloaded 2.97 MiB/4.83 GiB at 1.07 MiB/s
2025-06-04 12:19:51.119    app     info:    [server-manager] Downloaded 3.73 MiB/4.83 GiB at 723.22 kiB/s
2025-06-04 12:19:52.155    app     info:    [server-manager] Downloaded 4.48 MiB/4.83 GiB at 665.41 kiB/s
2025-06-04 12:19:53.203    app     info:    [server-manager] Downloaded 5.23 MiB/4.83 GiB at 717.14 kiB/s
2025-06-04 12:19:54.231    app     info:    [server-manager] Downloaded 6.27 MiB/4.83 GiB at 950.60 kiB/s
2025-06-04 12:19:55.221    app     info:    [self-update] No application updates were found.
2025-06-04 12:19:55.273    app     info:    [server-manager] Downloaded 6.82 MiB/4.83 GiB at 1.19 MiB/s
2025-06-04 12:19:56.274    app     info:    [server-manager] Downloaded 7.29 MiB/4.83 GiB at 138.36 kiB/s
2025-06-04 12:19:57.299    app     info:    [server-manager] Downloaded 8.13 MiB/4.83 GiB at 711.98 kiB/s
2025-06-04 12:19:58.367    app     info:    [server-manager] Downloaded 9.15 MiB/4.83 GiB at 1.21 MiB/s
2025-06-04 12:19:59.486    app     info:    [server-manager] Downloaded 10.17 MiB/4.83 GiB at 948.57 kiB/s
2025-06-04 12:20:00.515    app     info:    [server-manager] Downloaded 11.00 MiB/4.83 GiB at 319.36 kiB/s
2025-06-04 12:20:01.540    app     info:    [server-manager] Downloaded 11.77 MiB/4.83 GiB at 875.00 kiB/s
2025-06-04 12:20:02.578    app     info:    [server-manager] Downloaded 12.83 MiB/4.83 GiB at 893.53 kiB/s
2025-06-04 12:20:03.691    app     info:    [server-manager] Downloaded 12.88 MiB/4.83 GiB at 60.26 kiB/s
2025-06-04 12:20:04.174    app     info:    [scheduler] Stopped scheduler foreground
2025-06-04 12:20:04.176    app     info:    [ipc-requests] Handling requests in the background
2025-06-04 12:20:04.690    app     info:    [server-manager] Downloaded 13.59 MiB/4.83 GiB at 311.89 kiB/s
2025-06-04 12:20:05.177    app     info:    [ipc-requests] No longer handling requests in the background
2025-06-04 12:20:05.735    app     info:    [server-manager] Downloaded 14.19 MiB/4.83 GiB at 1.02 MiB/s
2025-06-04 12:20:06.739    app     info:    [server-manager] Downloaded 14.69 MiB/4.83 GiB at 540.84 kiB/s
2025-06-04 12:20:07.791    app     info:    [server-manager] Downloaded 15.54 MiB/4.83 GiB at 1.18 MiB/s
2025-06-04 12:20:08.803    app     info:    [server-manager] Downloaded 16.35 MiB/4.83 GiB at 690.43 kiB/s
2025-06-04 12:20:09.860    app     info:    [server-manager] Downloaded 16.87 MiB/4.83 GiB at 601.55 kiB/s
2025-06-04 12:20:10.894    app     info:    [server-manager] Downloaded 17.79 MiB/4.83 GiB at 1.04 MiB/s
2025-06-04 12:20:11.730    app     warn:    The connection to LogLite was refused. A LogLite server may not be running, or be listening to connections.    []
2025-06-04 12:20:11.902    app     info:    [server-manager] Downloaded 18.71 MiB/4.83 GiB at 1.01 MiB/s
2025-06-04 12:20:13.110    app     info:    [server-manager] Downloaded 19.24 MiB/4.83 GiB at 457.54 kiB/s
2025-06-04 12:20:14.116    app     info:    [server-manager] Downloaded 20.09 MiB/4.83 GiB at 838.12 kiB/s
2025-06-04 12:20:15.148    app     info:    [server-manager] Downloaded 21.02 MiB/4.83 GiB at 974.75 kiB/s
2025-06-04 12:20:16.177    app     info:    [server-manager] Downloaded 21.93 MiB/4.83 GiB at 954.61 kiB/s
2025-06-04 12:20:17.208    app     info:    [server-manager] Downloaded 22.84 MiB/4.83 GiB at 480.00 kiB/s
2025-06-04 12:20:18.215    app     info:    [server-manager] Downloaded 23.74 MiB/4.83 GiB at 870.68 kiB/s
2025-06-04 12:20:19.231    app     info:    [server-manager] Downloaded 24.66 MiB/4.83 GiB at 448.00 kiB/s
2025-06-04 12:20:20.241    app     info:    [server-manager] Downloaded 25.54 MiB/4.83 GiB at 952.72 kiB/s
2025-06-04 12:20:21.248    app     info:    [server-manager] Downloaded 26.47 MiB/4.83 GiB at 896.98 kiB/s
2025-06-04 12:20:21.799    app    error:    [AuthenticationMiddleware] Failed to restore agreements CIS responded with an invalid status code: 520 - <none>    b [InvalidCustomerInformationResponseError]: CIS responded with an invalid status code: 520 - <none>
    at _ (C:\Program Files (x86)\Steam\steamapps\common\Eve Online\app-1.10.1\resources\app.asar\.webpack\main\index.js:8:1810181)
    at process.processTicksAndRejections (node:internal/process/task_queues:105:5) {
  body: 'error code: 520'
}
2025-06-04 12:20:22.263    app     info:    [server-manager] Downloaded 27.37 MiB/4.83 GiB at 1.32 MiB/s
2025-06-04 12:20:22.428    app     info:    [scheduler] Starting scheduler foreground
2025-06-04 12:20:23.265    app     info:    [server-manager] Downloaded 28.27 MiB/4.83 GiB at 943.24 kiB/s
2025-06-04 12:20:24.295    app     info:    [server-manager] Downloaded 29.11 MiB/4.83 GiB at 859.49 kiB/s
2025-06-04 12:20:24.885    app    error:    [authentication] Could not refresh token for '26239201' on 'tranquility' SSO responded with an invalid status code: 520 - <none>    Q [InvalidSingleSignOnResponseError]: SSO responded with an invalid status code: 520 - <none>
    at F (C:\Program Files (x86)\Steam\steamapps\common\Eve Online\app-1.10.1\resources\app.asar\.webpack\main\index.js:8:1743080)
    at process.processTicksAndRejections (node:internal/process/task_queues:105:5)
    at async Promise.allSettled (index 1) {
  body: 'error code: 520'
}
2025-06-04 12:20:24.886    app     info:    [AuthenticationMiddleware] Successfully restored 3 / 4 users
2025-06-04 12:20:24.927    app    error:    [login-window] Could not navigate to login form, the website responded with: 520 -     https://login.eveonline.com/account/logoff?lang=en&ReturnUrl=%2Fv2%2Foauth%2Fauthorize%3Fresponse_type%3Dcode%26client_id%3DeveLauncherTQ%26scope%3DeveClientLogin%2Bcisservice.customerRead.v1%2Bcisservice.customerWrite.v1%2Bcisservice.userProfileBasic.v1%2Bvgs.transactionRead.v1%2Bvgs.marketAccess.v1%26redirect_uri%3Dhttps%253A%252F%252Flogin.eveonline.com%252Flauncher%253Fclient_id%253DeveLauncherTQ%26state%3DFsqbwhD5XAjzH7BegD0tlVbFaTuvzN76WDkece0a2Bw%26code_challenge_method%3DS256%26code_challenge%3DUt6lTo2tAaWmuW59L1AlD893cKqKKVrY9q9AOYbarYU%26steam_ticket%3D14000000705c476910636a491bd7f11a010010014d344068180000000100000002000000b78b880d9368ac15e5942a0007000000b200000032000000040000001bd7f11a0100100134210000cc82a42edd06000a000000000c3140688ce05b6801002f22020000000000cc00b2a9c485eaed298a68b68cb4fdcd5d920993bb259c655ee343fb2c256ebdbfb6a93aaeba88f9235f249fc229e3bf5c3230ddbce77bfe22d226bc3b40cbd3a28d293e1ee0514e2bd0bfafc959be51c554e56a9f896b0b75f085844f1c11872911ce3bd7785d3fd1a35b3c8a1988d8f79d3429392c34b5755b67223f9a430e
2025-06-04 12:20:25.456    app     info:    [server-manager] Downloaded 29.64 MiB/4.83 GiB at 396.37 kiB/s
2025-06-04 12:20:26.286    app     info:    [tray] Quitting application from tray
2025-06-04 12:20:26.291    app     info:    Application quitting. Cleanup needed: true
2025-06-04 12:20:26.300    app     info:    [quasar-elg-events] Queueing shutdown event    eve_launcher.electron.application.LauncherShutdown
2025-06-04 12:20:26.329    app     info:    app.quit called, but we are still sending ELG events.
2025-06-04 12:20:26.332    app     info:    [quasar-elg-events] Event sent    type.evetech.net/eve_launcher.electron.application.LauncherShutdown
2025-06-04 12:20:26.469    app     info:    [server-manager] Downloaded 30.34 MiB/4.83 GiB at 693.73 kiB/s
2025-06-04 12:20:26.582    app     info:    [quasar-elg-events] Shutdown event timeout passed
2025-06-04 12:20:26.583    app     info:    ELG stream closed, quitting
2025-06-04 12:20:26.586    app     info:    [window-manager] Stopped forwarding events to window manager, as the window closed    { windowId: 2 }
2025-06-04 12:20:26.587    app     info:    [window-manager-minimize] Main window is closing    { windowId: 2 }
2025-06-04 12:20:26.587    app     info:    [login-window] Main window closed, closing login window
2025-06-04 12:20:26.610    app     info:    [quasar-elg-events] gRPC connection aborted
2025-06-04 12:20:26.630    app     info:    ELG stream closed, quitting
2025-06-04 12:20:26.638    app     info:    [quasar-elg-events] Queueing event    eve_launcher.electron.authentication.LoginWindowClosed
2025-06-04 12:20:26.638    app     info:    [login-window] Login window with state 'FsqbwhD5XAjzH7BegD0tlVbFaTuvzN76WDkece0a2Bw' has been closed
2025-06-04 12:20:26.638    app    error:    [login-window] Could not load the login page: 'https://login.eveonline.com/account/logoff?lang=en&ReturnUrl=%2Fv2%2Foauth%2Fauthorize%3Fresponse_type%3Dcode%26client_id%3DeveLauncherTQ%26scope%3DeveClientLogin%2Bcisservice.customerRead.v1%2Bcisservice.customerWrite.v1%2Bcisservice.userProfileBasic.v1%2Bvgs.transactionRead.v1%2Bvgs.marketAccess.v1%26redirect_uri%3Dhttps%253A%252F%252Flogin.eveonline.com%252Flauncher%253Fclient_id%253DeveLauncherTQ%26state%3DFsqbwhD5XAjzH7BegD0tlVbFaTuvzN76WDkece0a2Bw%26code_challenge_method%3DS256%26code_challenge%3DUt6lTo2tAaWmuW59L1AlD893cKqKKVrY9q9AOYbarYU%26steam_ticket%3D14000000705c476910636a491bd7f11a010010014d344068180000000100000002000000b78b880d9368ac15e5942a0007000000b200000032000000040000001bd7f11a0100100134210000cc82a42edd06000a000000000c3140688ce05b6801002f22020000000000cc00b2a9c485eaed298a68b68cb4fdcd5d920993bb259c655ee343fb2c256ebdbfb6a93aaeba88f9235f249fc229e3bf5c3230ddbce77bfe22d226bc3b40cbd3a28d293e1ee0514e2bd0bfafc959be51c554e56a9f896b0b75f085844f1c11872911ce3bd7785d3fd1a35b3c8a1988d8f79d3429392c34b5755b67223f9a430e' ERR_FAILED (-2) loading 'https://login.eveonline.com/account/logoff?lang=en&ReturnUrl=%2Fv2%2Foauth%2Fauthorize%3Fresponse_type%3Dcode%26client_id%3DeveLauncherTQ%26scope%3DeveClientLogin%2Bcisservice.customerRead.v1%2Bcisservice.customerWrite.v1%2Bcisservice.userProfileBasic.v1%2Bvgs.transactionRead.v1%2Bvgs.marketAccess.v1%26redirect_uri%3Dhttps%253A%252F%252Flogin.eveonline.com%252Flauncher%253Fclient_id%253DeveLauncherTQ%26state%3DFsqbwhD5XAjzH7BegD0tlVbFaTuvzN76WDkece0a2Bw%26code_challenge_method%3DS256%26code_challenge%3DUt6lTo2tAaWmuW59L1AlD893cKqKKVrY9q9AOYbarYU%26steam_ticket%3D14000000705c476910636a491bd7f11a010010014d344068180000000100000002000000b78b880d9368ac15e5942a0007000000b200000032000000040000001bd7f11a0100100134210000cc82a42edd06000a000000000c3140688ce05b6801002f22020000000000cc00b2a9c485eaed298a68b68cb4fdcd5d920993bb259c655ee343fb2c256ebdbfb6a93aaeba88f9235f249fc229e3bf5c3230ddbce77bfe22d226bc3b40cbd3a28d293e1ee0514e2bd0bfafc959be51c554e56a9f896b0b75f085844f1c11872911ce3bd7785d3fd1a35b3c8a1988d8f79d3429392c34b5755b67223f9a430e'    Error: ERR_FAILED (-2) loading 'https://login.eveonline.com/account/logoff?lang=en&ReturnUrl=%2Fv2%2Foauth%2Fauthorize%3Fresponse_type%3Dcode%26client_id%3DeveLauncherTQ%26scope%3DeveClientLogin%2Bcisservice.customerRead.v1%2Bcisservice.customerWrite.v1%2Bcisservice.userProfileBasic.v1%2Bvgs.transactionRead.v1%2Bvgs.marketAccess.v1%26redirect_uri%3Dhttps%253A%252F%252Flogin.eveonline.com%252Flauncher%253Fclient_id%253DeveLauncherTQ%26state%3DFsqbwhD5XAjzH7BegD0tlVbFaTuvzN76WDkece0a2Bw%26code_challenge_method%3DS256%26code_challenge%3DUt6lTo2tAaWmuW59L1AlD893cKqKKVrY9q9AOYbarYU%26steam_ticket%3D14000000705c476910636a491bd7f11a010010014d344068180000000100000002000000b78b880d9368ac15e5942a0007000000b200000032000000040000001bd7f11a0100100134210000cc82a42edd06000a000000000c3140688ce05b6801002f22020000000000cc00b2a9c485eaed298a68b68cb4fdcd5d920993bb259c655ee343fb2c256ebdbfb6a93aaeba88f9235f249fc229e3bf5c3230ddbce77bfe22d226bc3b40cbd3a28d293e1ee0514e2bd0bfafc959be51c554e56a9f896b0b75f085844f1c11872911ce3bd7785d3fd1a35b3c8a1988d8f79d3429392c34b5755b67223f9a430e'
    at rejectAndCleanup (node:electron/js2c/browser_init:2:79523)
    at finishListener (node:electron/js2c/browser_init:2:79685)
    at WebContents.stopLoadingListener (node:electron/js2c/browser_init:2:80072)
    at WebContents.emit (node:events:530:35)
    at e.emit (C:\Program Files (x86)\Steam\steamapps\common\Eve Online\app-1.10.1\resources\app.asar\.webpack\main\index.js:8:2737360) {
  errno: -2,
  code: 'ERR_FAILED',
  url: 'https://login.eveonline.com/account/logoff?lang=en&ReturnUrl=%2Fv2%2Foauth%2Fauthorize%3Fresponse_type%3Dcode%26client_id%3DeveLauncherTQ%26scope%3DeveClientLogin%2Bcisservice.customerRead.v1%2Bcisservice.customerWrite.v1%2Bcisservice.userProfileBasic.v1%2Bvgs.transactionRead.v1%2Bvgs.marketAccess.v1%26redirect_uri%3Dhttps%253A%252F%252Flogin.eveonline.com%252Flauncher%253Fclient_id%253DeveLauncherTQ%26state%3DFsqbwhD5XAjzH7BegD0tlVbFaTuvzN76WDkece0a2Bw%26code_challenge_method%3DS256%26code_challenge%3DUt6lTo2tAaWmuW59L1AlD893cKqKKVrY9q9AOYbarYU%26steam_ticket%3D14000000705c476910636a491bd7f11a010010014d344068180000000100000002000000b78b880d9368ac15e5942a0007000000b200000032000000040000001bd7f11a0100100134210000cc82a42edd06000a000000000c3140688ce05b6801002f22020000000000cc00b2a9c485eaed298a68b68cb4fdcd5d920993bb259c655ee343fb2c256ebdbfb6a93aaeba88f9235f249fc229e3bf5c3230ddbce77bfe22d226bc3b40cbd3a28d293e1ee0514e2bd0bfafc959be51c554e56a9f896b0b75f085844f1c11872911ce3bd7785d3fd1a35b3c8a1988d8f79d3429392c34b5755b67223f9a430e'
}
2025-06-04 12:20:27.239    app     info:    [scheduler] Stopped scheduler foreground
2025-06-04 12:20:27.239    app     info:    [ipc-requests] Handling requests in the background
2025-06-04 12:20:27.335    app     info:    [window-manager] Main window closed    { windowId: 2 }
2025-06-04 12:20:27.336    app     info:    Application closed    0
