2025-05-25 13:51:43.645    app     info:    [migrations] Running state migrations from 202403271440 to 202403271440
2025-05-25 13:51:43.798    app     info:    [self-update] Configuring update feed.
2025-05-25 13:51:43.798    app     info:    [self-update] Update feed set to: https://launcher.ccpgames.com/eve-online/release/win32/x64/
2025-05-25 13:51:43.935    app     info:    Startup arguments    []
2025-05-25 13:51:44.069    app     info:    [self-update] Auto-updating is now enabled
2025-05-25 13:51:44.072    app     info:    [migrations] Running state migrations from 202403271440 to 202403271440
2025-05-25 13:51:44.089    app    error:    (node:3992) [DEP0180] DeprecationWarning: fs.Stats constructor is deprecated.
(Use `eve-online --trace-deprecation ...` to show where the warning was created)    []
2025-05-25 13:51:44.090    app     info:    [third-party-authentications] Checking for Steam startup
2025-05-25 13:51:44.932    app     info:    [migrations] Running secured-state migrations from 202406060001 to 202406060001
2025-05-25 13:51:45.049    app     info:    [i18next] Changed language    ru
2025-05-25 13:51:45.066    app     info:    [steam-auth] Steam startup detected
2025-05-25 13:51:45.085    app     info:    [authentication] Generated login URL with state 'xd-zJum98Rm1HSBEIvE4OWz7KKxynbvgp2g5vLKsTQQ' for 'tranquility' using clientID 'eveLauncherTQ'
2025-05-25 13:51:45.086    app     info:    [third-party-authentications] Done checking third party startups
2025-05-25 13:51:45.328    app     info:    [cache-protocol] Found 0 entries to remove
2025-05-25 13:51:45.329    app     info:    [cache-protocol] Nothing to clean up.
2025-05-25 13:51:45.499    app     info:    [customer-information] Agreements have been updated
2025-05-25 13:51:45.603    app     info:    [quasar-elg-events] Queueing event    eve_launcher.electron.application.LauncherStarted
2025-05-25 13:51:45.672    app     info:    [analytics] Application name:    EVE Online
2025-05-25 13:51:45.672    app     info:    [analytics] Application version:    1.10.0
2025-05-25 13:51:45.672    app     info:    [analytics] Domain    undefined
2025-05-25 13:51:45.675    app     info:    [analytics] Working directory    C:\Program Files (x86)\Steam\steamapps\common\Eve Online\app-1.10.0
2025-05-25 13:51:45.675    app     info:    [analytics] Username contains UTF8?    false
2025-05-25 13:51:46.735    app     info:    [quasar-elg-events] Queueing event    eve_launcher.electron.application.PdmLoaded
2025-05-25 13:51:46.751    app     info:    [quasar-elg-events] Queueing event    eve_launcher.electron.application.CoreDataLoaded
2025-05-25 13:51:46.754    app     info:    [analytics] Operating system    { type: 'Windows', name: 'Windows 10 Home', version: '10.0 (19045)' }
2025-05-25 13:51:46.754    app     info:    [analytics] Encryption available:    true
2025-05-25 13:51:46.754    app     info:    [analytics] Machine UUID    B7B2A471-C4FE-4353-880B-870CE29AC3D8
2025-05-25 13:51:46.755    app     info:    [analytics] PDM Version    2.1.4
2025-05-25 13:51:46.755    app     info:    [analytics] Release channel    release
2025-05-25 13:51:46.755    app     info:    [initializers] Shared cache directory set to    C:\Games\EVE
2025-05-25 13:51:46.762    app     info:    [initializers] Shared cache drive free space: 43.92 GiB / 237.84 GiB
2025-05-25 13:51:46.764    app     info:    [shared-cache] Looking for profiles in 'c_games_eve_tq_tranquility'...
2025-05-25 13:51:46.764    app     info:    [shared-cache] Looking for profiles in 'c_games_eve_sisi_singularity'...
2025-05-25 13:51:46.764    app     info:    [shared-cache] Looking for profiles in 'c_games_eve_thunderdome_thunderdome'...
2025-05-25 13:51:46.764    app     info:    [feature-flags] Initializing feature flag client
2025-05-25 13:51:46.798    app     info:    [migrations] Running file-system migrations from 202408021525 to 202408021525
2025-05-25 13:51:46.802    app     info:    [scheduler] Starting scheduler background
2025-05-25 13:51:46.824    app    error:    (node:3992) MaxListenersExceededWarning: Possible EventEmitter memory leak detected. 11 scheduler/triggered listeners added to [IpcMainImpl]. MaxListeners is 10. Use emitter.setMaxListeners() to increase limit    []
2025-05-25 13:51:46.831    app     info:    [shared-cache] No profiles found on disk
2025-05-25 13:51:46.868    app     info:    [analytics] Hardware rendering enabled:    true    { disabledViaCommandline: false, disabledViaSettings: true }
2025-05-25 13:51:46.899    app     info:    [first-run] Application has been run before: 2025-03-14T09:16:58.327Z
2025-05-25 13:51:47.011    app     info:    [quasar-elg-events] Event sent    type.evetech.net/eve_launcher.electron.application.LauncherStarted
2025-05-25 13:51:47.013    app     info:    [quasar-elg-events] Event sent    type.evetech.net/eve_launcher.electron.application.PdmLoaded
2025-05-25 13:51:47.021    app     info:    [quasar-elg-events] Event sent    type.evetech.net/eve_launcher.electron.application.CoreDataLoaded
2025-05-25 13:51:47.119    app     info:    info: [LaunchDarkly] LaunchDarkly client initialized    []
2025-05-25 13:51:47.120    app     info:    info: [LaunchDarkly] Opening stream connection to https://clientstream.launchdarkly.com/eval/64c3d12e27a4b11365012d39/eyJraW5kIjoibXVsdGkiLCJsYXVuY2hlciI6eyJrZXkiOiJlZjNjMWY1Ny03NWI2LTQzNzItODQzNy1kODQ5MTJjMjgyMWUiLCJpc0ZpcnN0UnVuIjpmYWxzZSwiZGF5c1NpbmNlRmlyc3RSdW4iOjcyLCJsYW5ndWFnZSI6InJ1IiwiYXBwbGljYXRpb24iOiJldmUtb25saW5lIiwidmVyc2lvbiI6IjEuMTAuMCIsInBsYXRmb3JtIjoid2luZG93cyIsImlzR2VGb3JjZU5vdyI6ZmFsc2UsIm9zVmVyc2lvbkRlcHJlY2F0ZWQiOmZhbHNlLCJ1c2VySWRzIjpbMjM2MjI5MDMsMjYyMzkyMDEsMjM2MjI5MDMsMzEzMjA2NzJdLCJwcm9kdWN0cyI6WyJldmUtb25saW5lIl0sIm9tZWdhQ291bnQiOjAsImFscGhhQ291bnQiOjQsImFjY291bnRDb3VudCI6NCwib2xkZXN0QWNjb3VudEFnZSI6MTU2NiwieW91bmdlc3RBY2NvdW50QWdlIjo3MX0sImpvdXJuZXkiOnsia2V5IjoiYjEyMjhlYTAtMzY5MC00ZDk3LWJjZmUtYmQwMjY0OGNkNTZjIiwiYW5vbnltb3VzIjp0cnVlfX0?withReasons=true    []
2025-05-25 13:51:47.123    app     info:    [feature-flags] Client ef3c1f57... ready, fetching flags
2025-05-25 13:51:47.125    app     info:    [self-update] Auto-updating is now enabled
2025-05-25 13:51:47.126    app     info:    [quasar-manager] Quasar (EPG) feature flag is enabled
2025-05-25 13:51:47.130    app     info:    [feature-flags] Received 39 flags for client ef3c1f57...
2025-05-25 13:51:47.130    app     info:    [feature-flags] Client initialized with key ef3c1f57...
2025-05-25 13:51:47.134    app     info:    [quasar-manager] Quasar (EPG) feature flag is enabled
2025-05-25 13:51:47.138    app     info:    [self-update] Configuring update feed.
2025-05-25 13:51:47.138    app     info:    [self-update] Update feed set to: https://launcher.ccpgames.com/eve-online/release/win32/x64/
2025-05-25 13:51:47.138    app     info:    [self-update] Auto-updating is now enabled
2025-05-25 13:51:47.443    app     warn:    (electron) 'console-message' arguments are deprecated and will be removed. Please use Event<WebContentsConsoleMessageEventParams> object instead.    []
2025-05-25 13:51:47.470    app     info:    [quasar-elg-events] Queueing event    eve_launcher.electron.application.RendererLoaded
2025-05-25 13:51:47.471    app     info:    [quasar-elg-events] Event sent    type.evetech.net/eve_launcher.electron.application.RendererLoaded
2025-05-25 13:51:47.474    app     info:    [scheduler] Starting scheduler foreground
2025-05-25 13:51:47.497    app     info:    [newsfeed] Fetching news for eve-online in ru
2025-05-25 13:51:47.521    app     info:    [content-delivery-trace] Fetching CDN trace data from https://binaries.eveonline.com/cdn-cgi/trace
2025-05-25 13:51:47.552    app     info:    [creatives] Requesting creatives for eve-online
2025-05-25 13:51:47.556    app     info:    [authentication] Token for '26239201' on 'tranquility' is expired, refresh is required
2025-05-25 13:51:47.556    app     info:    [authentication] Refreshing token for '26239201' on 'tranquility'
2025-05-25 13:51:47.576    app     info:    [window-manager] Main window registered    { windowId: 2 }
2025-05-25 13:51:47.594    app     info:    [login-window] Creating login window using URI 'https://login.eveonline.com/account/logoff?lang=en&ReturnUrl=%2Fv2%2Foauth%2Fauthorize%3Fresponse_type%3Dcode%26client_id%3DeveLauncherTQ%26scope%3DeveClientLogin%2Bcisservice.customerRead.v1%2Bcisservice.customerWrite.v1%2Bcisservice.userProfileBasic.v1%2Bvgs.transactionRead.v1%2Bvgs.marketAccess.v1%26redirect_uri%3Dhttps%253A%252F%252Flogin.eveonline.com%252Flauncher%253Fclient_id%253DeveLauncherTQ%26state%3Dxd-zJum98Rm1HSBEIvE4OWz7KKxynbvgp2g5vLKsTQQ%26code_challenge_method%3DS256%26code_challenge%3DqcnjO7BIdYnFN122-xiOjwIanoq7clv57N4eHkapvFY%26steam_ticket%3D14000000b3ceae39a57fae04d6701a370100100162203368180000000100000002000000df4d715c4d8698e9a399010001000000b20000003200000004000000d6701a370100100134210000cc82a42edd06000a0000000078193368f8c84e6801002f22020000000000878b9c2e0727361150587d6f9ac78cee25b158b63098dca21ef971fde0a824c310ac35bbc1fad51080f34cd9279bc42bc093867ddf54a0f30c325b3c2d71685b669061685b09a7e4d3887a250a4f0aa75b6305fbefde5ac7afd6c82165c7f44d61459d46563788f5032c0c901f0e49a65ff2641c97fe9b4868ab575f9dfbf3bc'
2025-05-25 13:51:47.640     ui     info:    [i18next] Requesting missing translation ru readnought title title    ccp://launcher/renderer/main_window/index.js    2
2025-05-25 13:51:47.711    app     info:    [jukebox] Fetched 2 jukebox playlists
2025-05-25 13:51:47.744    app     info:    [newsfeed] Fetched 20 news items for eve-online in ru
2025-05-25 13:51:47.813    app     warn:    [play-area-content] Invalid product found in play area content    { product: 'eve-frontier' }
2025-05-25 13:51:47.814    app     warn:    [play-area-content] Invalid product found in play area content    { product: 'eve-frontier' }
2025-05-25 13:51:47.815    app     warn:    [play-area-content] Invalid product found in play area content    { product: 'eve-frontier' }
2025-05-25 13:51:47.815    app     warn:    [play-area-content] Invalid product found in play area content    { product: 'eve-frontier' }
2025-05-25 13:51:47.816    app     warn:    [play-area-content] Invalid product found in play area content    { product: 'eve-frontier' }
2025-05-25 13:51:47.816    app     warn:    [play-area-content] Invalid product found in play area content    { product: 'eve-frontier' }
2025-05-25 13:51:47.816    app     warn:    [play-area-content] Invalid product found in play area content    { product: 'eve-frontier' }
2025-05-25 13:51:47.817    app     warn:    [play-area-content] Invalid product found in play area content    { product: 'eve-frontier' }
2025-05-25 13:51:48.125    app     info:    [new-player-content] Resetting content as language not in response    { locale: 'tx' }
2025-05-25 13:51:48.287    app     info:    [authentication] Token for '26239201' on 'tranquility' has been successfully refreshed
2025-05-25 13:51:48.294    app     info:    [quasar-elg-events] Queueing event    eve_launcher.electron.authentication.UserTokensRefreshed
2025-05-25 13:51:48.311    app     info:    [quasar-elg-events] Event sent    type.evetech.net/eve_launcher.electron.authentication.UserTokensRefreshed
2025-05-25 13:51:48.577    app     info:    [authentication] Token for '23622903' on 'tranquility' is expired, refresh is required
2025-05-25 13:51:48.577    app     info:    [authentication] Refreshing token for '23622903' on 'tranquility'
2025-05-25 13:51:48.578    app     info:    [authentication] Token for '29795975' on 'tranquility' is expired, refresh is required
2025-05-25 13:51:48.578    app     info:    [authentication] Refreshing token for '29795975' on 'tranquility'
2025-05-25 13:51:48.579    app     info:    [authentication] Token for '31320672' on 'tranquility' is expired, refresh is required
2025-05-25 13:51:48.579    app     info:    [authentication] Refreshing token for '31320672' on 'tranquility'
2025-05-25 13:51:48.579    app     info:    [AuthenticationMiddleware] Refreshed 4 / 4 users for tranquility on eve-online
2025-05-25 13:51:48.590    app     info:    [server-manager] Starting refresh cycle for eve-online / Tranquility
2025-05-25 13:51:48.733    app     info:    [server-manager] Previous Tranquility build: 2866918, current build: 2911964
2025-05-25 13:51:48.740    app     info:    [quasar-elg-events] Queueing event    eve_launcher.electron.eve_client.GameClientUpdateStarted
2025-05-25 13:51:48.741    app     info:    [server-manager] Starting download of build 2911964 for Tranquility.
2025-05-25 13:51:48.753    app     info:    [quasar-elg-events] Event sent    type.evetech.net/eve_launcher.electron.eve_client.GameClientUpdateStarted
2025-05-25 13:51:48.786    app     info:    [authentication] Token for '23622903' on 'tranquility' has been successfully refreshed
2025-05-25 13:51:48.793    app     info:    [quasar-elg-events] Queueing event    eve_launcher.electron.authentication.UserTokensRefreshed
2025-05-25 13:51:48.802    app     info:    [quasar-elg-events] Event sent    type.evetech.net/eve_launcher.electron.authentication.UserTokensRefreshed
2025-05-25 13:51:48.839    app     info:    [authentication] Token for '31320672' on 'tranquility' has been successfully refreshed
2025-05-25 13:51:48.846    app     info:    [quasar-elg-events] Queueing event    eve_launcher.electron.authentication.UserTokensRefreshed
2025-05-25 13:51:48.855    app     info:    [quasar-elg-events] Event sent    type.evetech.net/eve_launcher.electron.authentication.UserTokensRefreshed
2025-05-25 13:51:48.890    app     info:    [manifest] Excluded 226 files from the manifest, leaving 0 entries
2025-05-25 13:51:48.890    app     info:    [server-manager] Downloading 0 binary files (0 B)
2025-05-25 13:51:48.893    app     warn:    [download-from-manifest] The manifest contained no entries to download    { cdn: 1 }
2025-05-25 13:51:48.902    app     info:    [download-from-manifest] Downloaded 0 files (0.00 B) in 0.1 seconds
2025-05-25 13:51:48.902    app     info:    [download-from-manifest] Average download speed: 0.00 B/s
2025-05-25 13:51:48.904    app     info:    [authentication] Token for '29795975' on 'tranquility' has been successfully refreshed
2025-05-25 13:51:48.909    app     info:    [quasar-elg-events] Queueing event    eve_launcher.electron.authentication.UserTokensRefreshed
2025-05-25 13:51:48.918    app     info:    [quasar-elg-events] Event sent    type.evetech.net/eve_launcher.electron.authentication.UserTokensRefreshed
2025-05-25 13:51:48.920    app     info:    [AuthenticationMiddleware] Successfully restored 4 / 4 users
2025-05-25 13:51:48.935    app     info:    [quasar-elg-events] Queueing event    eve_launcher.electron.eve_client.CopyingFilesStarted
2025-05-25 13:51:48.935    app     info:    [binary-copier] Copying 226 files (377 MB) to 'C:\Games\EVE\tq'
2025-05-25 13:51:48.937    app     info:    [quasar-elg-events] Event sent    type.evetech.net/eve_launcher.electron.eve_client.CopyingFilesStarted
2025-05-25 13:51:48.987    app     info:    [binary-copier] Removing old binaries
2025-05-25 13:51:49.014    app     info:    [creatives] Received 3 creatives for eve-online
2025-05-25 13:51:49.044    app     info:    [binary-copier] Copying binaries from ResFiles
2025-05-25 13:51:49.381    app     info:    [login-window] Navigation to login completed, receiving code & state (xd-zJum98Rm1HSBEIvE4OWz7KKxynbvgp2g5vLKsTQQ)
2025-05-25 13:51:49.574    app     info:    [quasar-elg-events] Queueing event    eve_launcher.electron.authentication.UserTokensReceived
2025-05-25 13:51:49.583    app     info:    [quasar-elg-events] Event sent    type.evetech.net/eve_launcher.electron.authentication.UserTokensReceived
2025-05-25 13:51:49.599    app     info:    [quasar-elg-events] Queueing event    eve_launcher.electron.authentication.UserAuthenticated
2025-05-25 13:51:49.640    app     info:    [quasar-elg-events] Event sent    type.evetech.net/eve_launcher.electron.authentication.UserAuthenticated
2025-05-25 13:51:49.648    app     info:    [quasar-elg-events] Queueing event    eve_launcher.electron.authentication.LoginWindowClosed
2025-05-25 13:51:49.648    app     info:    [login-window] Login window with state 'xd-zJum98Rm1HSBEIvE4OWz7KKxynbvgp2g5vLKsTQQ' has been closed
2025-05-25 13:51:49.649    app    error:    [login-window] Could not load the login page: 'https://login.eveonline.com/account/logoff?lang=en&ReturnUrl=%2Fv2%2Foauth%2Fauthorize%3Fresponse_type%3Dcode%26client_id%3DeveLauncherTQ%26scope%3DeveClientLogin%2Bcisservice.customerRead.v1%2Bcisservice.customerWrite.v1%2Bcisservice.userProfileBasic.v1%2Bvgs.transactionRead.v1%2Bvgs.marketAccess.v1%26redirect_uri%3Dhttps%253A%252F%252Flogin.eveonline.com%252Flauncher%253Fclient_id%253DeveLauncherTQ%26state%3Dxd-zJum98Rm1HSBEIvE4OWz7KKxynbvgp2g5vLKsTQQ%26code_challenge_method%3DS256%26code_challenge%3DqcnjO7BIdYnFN122-xiOjwIanoq7clv57N4eHkapvFY%26steam_ticket%3D14000000b3ceae39a57fae04d6701a370100100162203368180000000100000002000000df4d715c4d8698e9a399010001000000b20000003200000004000000d6701a370100100134210000cc82a42edd06000a0000000078193368f8c84e6801002f22020000000000878b9c2e0727361150587d6f9ac78cee25b158b63098dca21ef971fde0a824c310ac35bbc1fad51080f34cd9279bc42bc093867ddf54a0f30c325b3c2d71685b669061685b09a7e4d3887a250a4f0aa75b6305fbefde5ac7afd6c82165c7f44d61459d46563788f5032c0c901f0e49a65ff2641c97fe9b4868ab575f9dfbf3bc' ERR_FAILED (-2) loading 'https://login.eveonline.com/account/logoff?lang=en&ReturnUrl=%2Fv2%2Foauth%2Fauthorize%3Fresponse_type%3Dcode%26client_id%3DeveLauncherTQ%26scope%3DeveClientLogin%2Bcisservice.customerRead.v1%2Bcisservice.customerWrite.v1%2Bcisservice.userProfileBasic.v1%2Bvgs.transactionRead.v1%2Bvgs.marketAccess.v1%26redirect_uri%3Dhttps%253A%252F%252Flogin.eveonline.com%252Flauncher%253Fclient_id%253DeveLauncherTQ%26state%3Dxd-zJum98Rm1HSBEIvE4OWz7KKxynbvgp2g5vLKsTQQ%26code_challenge_method%3DS256%26code_challenge%3DqcnjO7BIdYnFN122-xiOjwIanoq7clv57N4eHkapvFY%26steam_ticket%3D14000000b3ceae39a57fae04d6701a370100100162203368180000000100000002000000df4d715c4d8698e9a399010001000000b20000003200000004000000d6701a370100100134210000cc82a42edd06000a0000000078193368f8c84e6801002f22020000000000878b9c2e0727361150587d6f9ac78cee25b158b63098dca21ef971fde0a824c310ac35bbc1fad51080f34cd9279bc42bc093867ddf54a0f30c325b3c2d71685b669061685b09a7e4d3887a250a4f0aa75b6305fbefde5ac7afd6c82165c7f44d61459d46563788f5032c0c901f0e49a65ff2641c97fe9b4868ab575f9dfbf3bc'    Error: ERR_FAILED (-2) loading 'https://login.eveonline.com/account/logoff?lang=en&ReturnUrl=%2Fv2%2Foauth%2Fauthorize%3Fresponse_type%3Dcode%26client_id%3DeveLauncherTQ%26scope%3DeveClientLogin%2Bcisservice.customerRead.v1%2Bcisservice.customerWrite.v1%2Bcisservice.userProfileBasic.v1%2Bvgs.transactionRead.v1%2Bvgs.marketAccess.v1%26redirect_uri%3Dhttps%253A%252F%252Flogin.eveonline.com%252Flauncher%253Fclient_id%253DeveLauncherTQ%26state%3Dxd-zJum98Rm1HSBEIvE4OWz7KKxynbvgp2g5vLKsTQQ%26code_challenge_method%3DS256%26code_challenge%3DqcnjO7BIdYnFN122-xiOjwIanoq7clv57N4eHkapvFY%26steam_ticket%3D14000000b3ceae39a57fae04d6701a370100100162203368180000000100000002000000df4d715c4d8698e9a399010001000000b20000003200000004000000d6701a370100100134210000cc82a42edd06000a0000000078193368f8c84e6801002f22020000000000878b9c2e0727361150587d6f9ac78cee25b158b63098dca21ef971fde0a824c310ac35bbc1fad51080f34cd9279bc42bc093867ddf54a0f30c325b3c2d71685b669061685b09a7e4d3887a250a4f0aa75b6305fbefde5ac7afd6c82165c7f44d61459d46563788f5032c0c901f0e49a65ff2641c97fe9b4868ab575f9dfbf3bc'
    at rejectAndCleanup (node:electron/js2c/browser_init:2:79523)
    at finishListener (node:electron/js2c/browser_init:2:79685)
    at WebContents.stopLoadingListener (node:electron/js2c/browser_init:2:80072)
    at WebContents.emit (node:events:530:35)
    at e.emit (C:\Program Files (x86)\Steam\steamapps\common\Eve Online\app-1.10.0\resources\app.asar\.webpack\main\index.js:8:3235798) {
  errno: -2,
  code: 'ERR_FAILED',
  url: 'https://login.eveonline.com/account/logoff?lang=en&ReturnUrl=%2Fv2%2Foauth%2Fauthorize%3Fresponse_type%3Dcode%26client_id%3DeveLauncherTQ%26scope%3DeveClientLogin%2Bcisservice.customerRead.v1%2Bcisservice.customerWrite.v1%2Bcisservice.userProfileBasic.v1%2Bvgs.transactionRead.v1%2Bvgs.marketAccess.v1%26redirect_uri%3Dhttps%253A%252F%252Flogin.eveonline.com%252Flauncher%253Fclient_id%253DeveLauncherTQ%26state%3Dxd-zJum98Rm1HSBEIvE4OWz7KKxynbvgp2g5vLKsTQQ%26code_challenge_method%3DS256%26code_challenge%3DqcnjO7BIdYnFN122-xiOjwIanoq7clv57N4eHkapvFY%26steam_ticket%3D14000000b3ceae39a57fae04d6701a370100100162203368180000000100000002000000df4d715c4d8698e9a399010001000000b20000003200000004000000d6701a370100100134210000cc82a42edd06000a0000000078193368f8c84e6801002f22020000000000878b9c2e0727361150587d6f9ac78cee25b158b63098dca21ef971fde0a824c310ac35bbc1fad51080f34cd9279bc42bc093867ddf54a0f30c325b3c2d71685b669061685b09a7e4d3887a250a4f0aa75b6305fbefde5ac7afd6c82165c7f44d61459d46563788f5032c0c901f0e49a65ff2641c97fe9b4868ab575f9dfbf3bc'
}
2025-05-25 13:51:49.655    app     info:    [quasar-elg-events] Event sent    type.evetech.net/eve_launcher.electron.authentication.LoginWindowClosed
2025-05-25 13:51:49.910    app     info:    [server-manager] Copying executables 91/226
2025-05-25 13:51:50.483    app     info:    [binary-copier] Finished copying 226 files to 'C:\Games\EVE\tq' in 1.556 seconds
2025-05-25 13:51:50.489    app     info:    [quasar-elg-events] Queueing event    eve_launcher.electron.eve_client.CopyingFilesFinished
2025-05-25 13:51:50.489    app     info:    [quasar-elg-events] Event sent    type.evetech.net/eve_launcher.electron.eve_client.CopyingFilesFinished
2025-05-25 13:51:50.757     ui     info:    Initializing captcha    ccp://launcher/renderer/main_window/index.js    2
2025-05-25 13:51:50.922    app     info:    [server-manager] Copying executables 226/226
2025-05-25 13:51:51.219    app     info:    [server-manager] Downloading prefetch chunks in 484 files (5.07 GB)
2025-05-25 13:51:51.220    app     info:    [download-from-manifest] Preparing to download 484 files    { cdn: 2, concurrent: 10 }
2025-05-25 13:51:52.066    app     info:    [server-manager] Downloaded 423.81 kiB/4.72 GiB at 374.71 kiB/s
2025-05-25 13:51:52.503    app     info:    [self-update] Checking for application updates.
2025-05-25 13:51:53.066    app     info:    [server-manager] Downloaded 982.52 kiB/4.72 GiB at 681.69 kiB/s
2025-05-25 13:51:54.148    app     info:    [server-manager] Downloaded 2.04 MiB/4.72 GiB at 1.32 MiB/s
2025-05-25 13:51:55.163    app     info:    [server-manager] Downloaded 2.96 MiB/4.72 GiB at 899.75 kiB/s
2025-05-25 13:51:56.192    app     info:    [server-manager] Downloaded 3.83 MiB/4.72 GiB at 518.97 kiB/s
2025-05-25 13:51:56.788    app     info:    [self-update] No application updates were found.
2025-05-25 13:51:57.198    app     info:    [server-manager] Downloaded 4.76 MiB/4.72 GiB at 960.99 kiB/s
2025-05-25 13:51:58.232    app     info:    [server-manager] Downloaded 5.74 MiB/4.72 GiB at 946.75 kiB/s
2025-05-25 13:51:59.254    app     info:    [server-manager] Downloaded 6.64 MiB/4.72 GiB at 867.61 kiB/s
2025-05-25 13:52:00.285    app     info:    [server-manager] Downloaded 7.57 MiB/4.72 GiB at 833.05 kiB/s
2025-05-25 13:52:01.299    app     info:    [server-manager] Downloaded 8.50 MiB/4.72 GiB at 1.34 MiB/s
2025-05-25 13:52:02.316    app     info:    [server-manager] Downloaded 9.42 MiB/4.72 GiB at 1,000.25 kiB/s
2025-05-25 13:52:03.349    app     info:    [server-manager] Downloaded 10.28 MiB/4.72 GiB at 440.50 kiB/s
2025-05-25 13:52:04.349    app     info:    [server-manager] Downloaded 11.16 MiB/4.72 GiB at 938.12 kiB/s
2025-05-25 13:52:05.380    app     info:    [server-manager] Downloaded 12.10 MiB/4.72 GiB at 1.30 MiB/s
2025-05-25 13:52:06.383    app     info:    [server-manager] Downloaded 13.02 MiB/4.72 GiB at 529.13 kiB/s
2025-05-25 13:52:07.393    app     info:    [server-manager] Downloaded 13.98 MiB/4.72 GiB at 930.60 kiB/s
2025-05-25 13:52:08.411    app     info:    [server-manager] Downloaded 14.89 MiB/4.72 GiB at 1.38 MiB/s
2025-05-25 13:52:09.418    app     info:    [server-manager] Downloaded 15.79 MiB/4.72 GiB at 886.80 kiB/s
2025-05-25 13:52:10.443    app     info:    [server-manager] Downloaded 16.68 MiB/4.72 GiB at 879.37 kiB/s
2025-05-25 13:52:11.445    app     info:    [server-manager] Downloaded 17.65 MiB/4.72 GiB at 1.40 MiB/s
2025-05-25 13:52:12.453    app     info:    [server-manager] Downloaded 18.57 MiB/4.72 GiB at 1.34 MiB/s
2025-05-25 13:52:13.074    app     info:    [authentication] Generated login URL with state 'w2ITxEOxIJfaB5ZLMgwx3aTstgGN6eA6IGaaQBlMTUY' for 'tranquility' using clientID 'eveLauncherTQ'
2025-05-25 13:52:13.088    app     info:    [login-window] Creating login window using URI 'https://login.eveonline.com/account/logoff?lang=en&ReturnUrl=%2Fv2%2Foauth%2Fauthorize%3Fresponse_type%3Dcode%26client_id%3DeveLauncherTQ%26scope%3DeveClientLogin%2Bcisservice.customerRead.v1%2Bcisservice.customerWrite.v1%2Bcisservice.userProfileBasic.v1%2Bvgs.transactionRead.v1%2Bvgs.marketAccess.v1%26redirect_uri%3Dhttps%253A%252F%252Flogin.eveonline.com%252Flauncher%253Fclient_id%253DeveLauncherTQ%26state%3Dw2ITxEOxIJfaB5ZLMgwx3aTstgGN6eA6IGaaQBlMTUY%26code_challenge_method%3DS256%26code_challenge%3DUNDqXYMp6KJcIe7wZW1z7Gr1pCI8vGXRKdGoIzZvi-E'
2025-05-25 13:52:13.479    app     info:    [server-manager] Downloaded 19.50 MiB/4.72 GiB at 966.33 kiB/s
2025-05-25 13:52:14.505    app     info:    [server-manager] Downloaded 20.41 MiB/4.72 GiB at 943.24 kiB/s
2025-05-25 13:52:14.965    app     warn:    The connection to LogLite was refused. A LogLite server may not be running, or be listening to connections.    []
2025-05-25 13:52:15.518    app     info:    [server-manager] Downloaded 21.32 MiB/4.72 GiB at 902.30 kiB/s
2025-05-25 13:52:16.535    app     info:    [server-manager] Downloaded 22.25 MiB/4.72 GiB at 832.93 kiB/s
2025-05-25 13:52:17.549    app     info:    [server-manager] Downloaded 23.19 MiB/4.72 GiB at 947.49 kiB/s
2025-05-25 13:52:18.576    app     info:    [server-manager] Downloaded 24.11 MiB/4.72 GiB at 460.25 kiB/s
2025-05-25 13:52:19.597    app     info:    [server-manager] Downloaded 25.01 MiB/4.72 GiB at 1.34 MiB/s
2025-05-25 13:52:20.613    app     info:    [server-manager] Downloaded 25.89 MiB/4.72 GiB at 928.36 kiB/s
2025-05-25 13:52:21.629    app     info:    [server-manager] Downloaded 26.81 MiB/4.72 GiB at 965.54 kiB/s
2025-05-25 13:52:22.635    app     info:    [server-manager] Downloaded 27.74 MiB/4.72 GiB at 957.38 kiB/s
2025-05-25 13:52:23.645    app     info:    [server-manager] Downloaded 27.99 MiB/4.72 GiB at 469.68 kiB/s
2025-05-25 13:52:24.661    app     info:    [server-manager] Downloaded 28.69 MiB/4.72 GiB at 939.99 kiB/s
2025-05-25 13:52:25.007    app     info:    [ipc-requests] Opening external link: https://login.eveonline.com/account/external
2025-05-25 13:52:25.681    app     info:    [server-manager] Downloaded 29.56 MiB/4.72 GiB at 383.23 kiB/s
2025-05-25 13:52:25.737    app     info:    [scheduler] Stopped scheduler foreground
2025-05-25 13:52:25.738    app     info:    [ipc-requests] Handling requests in the background
2025-05-25 13:52:26.708    app     info:    [server-manager] Downloaded 30.39 MiB/4.72 GiB at 529.18 kiB/s
2025-05-25 13:52:26.746    app     info:    [ipc-requests] No longer handling requests in the background
2025-05-25 13:52:27.756    app     info:    [server-manager] Downloaded 31.41 MiB/4.72 GiB at 1.17 MiB/s
2025-05-25 13:52:28.790    app     info:    [server-manager] Downloaded 32.38 MiB/4.72 GiB at 992.48 kiB/s
2025-05-25 13:52:29.799    app     info:    [server-manager] Downloaded 33.27 MiB/4.72 GiB at 506.93 kiB/s
2025-05-25 13:52:30.818    app     info:    [server-manager] Downloaded 34.12 MiB/4.72 GiB at 467.63 kiB/s
2025-05-25 13:52:31.829    app     info:    [server-manager] Downloaded 35.09 MiB/4.72 GiB at 827.04 kiB/s
2025-05-25 13:52:32.848    app     info:    [server-manager] Downloaded 35.94 MiB/4.72 GiB at 892.42 kiB/s
2025-05-25 13:52:33.854    app     info:    [server-manager] Downloaded 36.80 MiB/4.72 GiB at 479.04 kiB/s
2025-05-25 13:52:34.778    app     info:    [scheduler] Starting scheduler foreground
2025-05-25 13:52:34.881    app     info:    [server-manager] Downloaded 37.78 MiB/4.72 GiB at 1.50 MiB/s
2025-05-25 13:52:35.888    app     info:    [server-manager] Downloaded 38.71 MiB/4.72 GiB at 897.86 kiB/s
2025-05-25 13:52:36.914    app     info:    [server-manager] Downloaded 39.46 MiB/4.72 GiB at 811.78 kiB/s
2025-05-25 13:52:37.926    app     info:    [server-manager] Downloaded 40.37 MiB/4.72 GiB at 914.03 kiB/s
2025-05-25 13:52:38.946    app     info:    [server-manager] Downloaded 41.35 MiB/4.72 GiB at 469.67 kiB/s
2025-05-25 13:52:39.974    app     info:    [server-manager] Downloaded 42.25 MiB/4.72 GiB at 1.38 MiB/s
2025-05-25 13:52:40.978    app     info:    [server-manager] Downloaded 43.18 MiB/4.72 GiB at 480.00 kiB/s
2025-05-25 13:52:42.004    app     info:    [server-manager] Downloaded 44.09 MiB/4.72 GiB at 1.33 MiB/s
2025-05-25 13:52:42.189    app     info:    [ipc-requests] Opening external link: https://login.eveonline.com/account/external
2025-05-25 13:52:42.468    app     info:    [scheduler] Stopped scheduler foreground
2025-05-25 13:52:42.469    app     info:    [ipc-requests] Handling requests in the background
2025-05-25 13:52:43.014    app     info:    [server-manager] Downloaded 45.02 MiB/4.72 GiB at 943.24 kiB/s
2025-05-25 13:52:43.471    app     info:    [ipc-requests] No longer handling requests in the background
2025-05-25 13:52:44.027    app     info:    [server-manager] Downloaded 45.94 MiB/4.72 GiB at 920.63 kiB/s
2025-05-25 13:52:45.056    app     info:    [server-manager] Downloaded 46.89 MiB/4.72 GiB at 1.01 MiB/s
2025-05-25 13:52:46.124    app     info:    [server-manager] Downloaded 47.88 MiB/4.72 GiB at 967.32 kiB/s
2025-05-25 13:52:47.162    app     info:    [server-manager] Downloaded 48.83 MiB/4.72 GiB at 1,006.13 kiB/s
2025-05-25 13:52:48.173    app     info:    [server-manager] Downloaded 49.77 MiB/4.72 GiB at 935.25 kiB/s
2025-05-25 13:52:49.203    app     info:    [server-manager] Downloaded 50.21 MiB/4.72 GiB at 1.31 MiB/s
2025-05-25 13:52:50.299    app     info:    [server-manager] Downloaded 50.88 MiB/4.72 GiB at 356.75 kiB/s
2025-05-25 13:52:51.333    app     info:    [server-manager] Downloaded 51.68 MiB/4.72 GiB at 883.51 kiB/s
2025-05-25 13:52:52.354    app     info:    [server-manager] Downloaded 52.30 MiB/4.72 GiB at 423.80 kiB/s
2025-05-25 13:52:53.386    app     info:    [server-manager] Downloaded 53.25 MiB/4.72 GiB at 748.14 kiB/s
2025-05-25 13:52:54.448    app     info:    [server-manager] Downloaded 54.15 MiB/4.72 GiB at 968.69 kiB/s
2025-05-25 13:52:55.460    app     info:    [server-manager] Downloaded 55.03 MiB/4.72 GiB at 926.15 kiB/s
2025-05-25 13:52:56.521    app     info:    [server-manager] Downloaded 56.03 MiB/4.72 GiB at 1.04 MiB/s
2025-05-25 13:52:57.536    app     info:    [server-manager] Downloaded 56.92 MiB/4.72 GiB at 780.25 kiB/s
2025-05-25 13:52:58.542    app     info:    [server-manager] Downloaded 57.85 MiB/4.72 GiB at 994.25 kiB/s
2025-05-25 13:52:59.567    app     info:    [server-manager] Downloaded 58.76 MiB/4.72 GiB at 912.28 kiB/s
2025-05-25 13:53:00.600    app     info:    [server-manager] Downloaded 59.70 MiB/4.72 GiB at 849.43 kiB/s
2025-05-25 13:53:01.604    app     info:    [server-manager] Downloaded 60.64 MiB/4.72 GiB at 433.13 kiB/s
2025-05-25 13:53:02.630    app     info:    [server-manager] Downloaded 61.55 MiB/4.72 GiB at 928.00 kiB/s
2025-05-25 13:53:03.630    app     info:    [server-manager] Downloaded 62.45 MiB/4.72 GiB at 945.13 kiB/s
2025-05-25 13:53:04.636    app     info:    [server-manager] Downloaded 63.39 MiB/4.72 GiB at 1,017.31 kiB/s
2025-05-25 13:53:04.665    app     info:    [save-as] Retrying download of https://resources.eveonline.com/bundles/2911964/resfileindex_prefetch_2911964.txt.bundle.4 (attempt 1) Error occurred while saving file to disk 'C:\Games\EVE\ResFiles\bundles\2911964\.resfileindex_prefetch_2911964.txt.bundle.4.tmp'
Request timed out    k [SaveAsError]: Error occurred while saving file to disk 'C:\Games\EVE\ResFiles\bundles\2911964\.resfileindex_prefetch_2911964.txt.bundle.4.tmp'
Request timed out
    at k.from (C:\Program Files (x86)\Steam\steamapps\common\Eve Online\app-1.10.0\resources\app.asar\.webpack\main\index.js:8:2357899)
    at v.<anonymous> (C:\Program Files (x86)\Steam\steamapps\common\Eve Online\app-1.10.0\resources\app.asar\.webpack\main\index.js:8:2011614)
    at v.emit (node:events:518:28)
    at v.emitError (C:\Program Files (x86)\Steam\steamapps\common\Eve Online\app-1.10.0\resources\app.asar\.webpack\main\index.js:8:3166710)
    at ClientRequest.<anonymous> (C:\Program Files (x86)\Steam\steamapps\common\Eve Online\app-1.10.0\resources\app.asar\.webpack\main\index.js:8:3165663)
    at ClientRequest.emit (node:events:530:35)
    at emitErrorEvent (node:_http_client:104:11)
    at TLSSocket.socketErrorListener (node:_http_client:518:5)
    at TLSSocket.emit (node:events:518:28)
    at emitErrorNT (node:internal/streams/destroy:170:8) {
  cause: p [RequestTimeoutError]: Request timed out
      at ClientRequest.<anonymous> (C:\Program Files (x86)\Steam\steamapps\common\Eve Online\app-1.10.0\resources\app.asar\.webpack\main\index.js:8:3165803)
      at ClientRequest.emit (node:events:530:35)
      at TLSSocket.emitRequestTimeout (node:_http_client:863:9)
      at Object.onceWrapper (node:events:632:28)
      at TLSSocket.emit (node:events:530:35)
      at Socket._onTimeout (node:net:609:8)
      at listOnTimeout (node:internal/timers:594:17)
      at process.processTimers (node:internal/timers:529:7)
}
2025-05-25 13:53:05.657    app     info:    [server-manager] Downloaded 63.69 MiB/4.72 GiB at 779.52 kiB/s
2025-05-25 13:53:06.667    app     info:    [server-manager] Downloaded 64.60 MiB/4.72 GiB at 607.89 kiB/s
2025-05-25 13:53:07.723    app     info:    [server-manager] Downloaded 65.40 MiB/4.72 GiB at 600.91 kiB/s
2025-05-25 13:53:08.336    app     info:    [save-as] Retrying download of https://resources.eveonline.com/bundles/2911964/resfileindex_prefetch_2911964.txt.bundle.8 (attempt 1) Error occurred while saving file to disk 'C:\Games\EVE\ResFiles\bundles\2911964\.resfileindex_prefetch_2911964.txt.bundle.8.tmp'
Request timed out    k [SaveAsError]: Error occurred while saving file to disk 'C:\Games\EVE\ResFiles\bundles\2911964\.resfileindex_prefetch_2911964.txt.bundle.8.tmp'
Request timed out
    at k.from (C:\Program Files (x86)\Steam\steamapps\common\Eve Online\app-1.10.0\resources\app.asar\.webpack\main\index.js:8:2357899)
    at v.<anonymous> (C:\Program Files (x86)\Steam\steamapps\common\Eve Online\app-1.10.0\resources\app.asar\.webpack\main\index.js:8:2011614)
    at v.emit (node:events:518:28)
    at v.emitError (C:\Program Files (x86)\Steam\steamapps\common\Eve Online\app-1.10.0\resources\app.asar\.webpack\main\index.js:8:3166710)
    at ClientRequest.<anonymous> (C:\Program Files (x86)\Steam\steamapps\common\Eve Online\app-1.10.0\resources\app.asar\.webpack\main\index.js:8:3165663)
    at ClientRequest.emit (node:events:530:35)
    at emitErrorEvent (node:_http_client:104:11)
    at TLSSocket.socketErrorListener (node:_http_client:518:5)
    at TLSSocket.emit (node:events:518:28)
    at emitErrorNT (node:internal/streams/destroy:170:8) {
  cause: p [RequestTimeoutError]: Request timed out
      at ClientRequest.<anonymous> (C:\Program Files (x86)\Steam\steamapps\common\Eve Online\app-1.10.0\resources\app.asar\.webpack\main\index.js:8:3165803)
      at ClientRequest.emit (node:events:530:35)
      at TLSSocket.emitRequestTimeout (node:_http_client:863:9)
      at Object.onceWrapper (node:events:632:28)
      at TLSSocket.emit (node:events:530:35)
      at Socket._onTimeout (node:net:609:8)
      at listOnTimeout (node:internal/timers:594:17)
      at process.processTimers (node:internal/timers:529:7)
}
2025-05-25 13:53:08.754    app     info:    [server-manager] Downloaded 65.66 MiB/4.72 GiB at 1.26 MiB/s
2025-05-25 13:53:09.762    app     info:    [server-manager] Downloaded 66.56 MiB/4.72 GiB at 1.10 MiB/s
2025-05-25 13:53:10.767    app     info:    [server-manager] Downloaded 67.41 MiB/4.72 GiB at 821.62 kiB/s
2025-05-25 13:53:11.798    app     info:    [server-manager] Downloaded 68.38 MiB/4.72 GiB at 902.72 kiB/s
2025-05-25 13:53:12.849    app     info:    [server-manager] Downloaded 69.33 MiB/4.72 GiB at 964.22 kiB/s
2025-05-25 13:53:13.866    app     info:    [server-manager] Downloaded 70.24 MiB/4.72 GiB at 1,002.22 kiB/s
2025-05-25 13:53:14.910    app     info:    [server-manager] Downloaded 71.23 MiB/4.72 GiB at 981.30 kiB/s
2025-05-25 13:53:15.926    app     info:    [server-manager] Downloaded 72.08 MiB/4.72 GiB at 848.60 kiB/s
2025-05-25 13:53:16.981    app     info:    [server-manager] Downloaded 73.02 MiB/4.72 GiB at 1.34 MiB/s
2025-05-25 13:53:17.992    app     info:    [server-manager] Downloaded 73.89 MiB/4.72 GiB at 836.48 kiB/s
2025-05-25 13:53:19.018    app     info:    [server-manager] Downloaded 74.83 MiB/4.72 GiB at 904.36 kiB/s
2025-05-25 13:53:20.091    app     info:    [server-manager] Downloaded 75.81 MiB/4.72 GiB at 921.82 kiB/s
2025-05-25 13:53:21.099    app     info:    [server-manager] Downloaded 76.69 MiB/4.72 GiB at 913.80 kiB/s
2025-05-25 13:53:22.100    app     info:    [server-manager] Downloaded 77.58 MiB/4.72 GiB at 933.47 kiB/s
2025-05-25 13:53:23.101    app     info:    [server-manager] Downloaded 78.55 MiB/4.72 GiB at 472.50 kiB/s
2025-05-25 13:53:24.135    app     info:    [server-manager] Downloaded 79.48 MiB/4.72 GiB at 921.82 kiB/s
2025-05-25 13:53:25.148    app     info:    [server-manager] Downloaded 80.30 MiB/4.72 GiB at 955.46 kiB/s
2025-05-25 13:53:26.176    app     info:    [server-manager] Downloaded 81.15 MiB/4.72 GiB at 926.54 kiB/s
2025-05-25 13:53:27.211    app     info:    [server-manager] Downloaded 82.03 MiB/4.72 GiB at 873.32 kiB/s
2025-05-25 13:53:27.298    app     info:    [scheduler] Starting scheduler foreground
2025-05-25 13:53:27.559    app     info:    [scheduler] Stopped scheduler foreground
2025-05-25 13:53:27.562    app     info:    [ipc-requests] Handling requests in the background
2025-05-25 13:53:28.223    app     info:    [server-manager] Downloaded 82.90 MiB/4.72 GiB at 1.29 MiB/s
2025-05-25 13:53:28.521    app     info:    [scheduler] Starting scheduler foreground
2025-05-25 13:53:28.563    app     info:    [ipc-requests] No longer handling requests in the background
2025-05-25 13:53:29.231    app     info:    [server-manager] Downloaded 83.77 MiB/4.72 GiB at 1.31 MiB/s
2025-05-25 13:53:30.243    app     info:    [server-manager] Downloaded 84.68 MiB/4.72 GiB at 539.68 kiB/s
2025-05-25 13:53:30.665    app     info:    [ipc-requests] Opening external link: https://login.eveonline.com/account/external
2025-05-25 13:53:30.939    app     info:    [scheduler] Stopped scheduler foreground
2025-05-25 13:53:30.940    app     info:    [ipc-requests] Handling requests in the background
2025-05-25 13:53:31.287    app     info:    [server-manager] Downloaded 85.61 MiB/4.72 GiB at 943.98 kiB/s
2025-05-25 13:53:31.946    app     info:    [ipc-requests] No longer handling requests in the background
2025-05-25 13:53:32.298    app     info:    [server-manager] Downloaded 86.55 MiB/4.72 GiB at 465.13 kiB/s
2025-05-25 13:53:33.330    app     info:    [server-manager] Downloaded 87.46 MiB/4.72 GiB at 1.35 MiB/s
2025-05-25 13:53:34.345    app     info:    [server-manager] Downloaded 88.40 MiB/4.72 GiB at 964.30 kiB/s
2025-05-25 13:53:35.357    app     info:    [server-manager] Downloaded 89.37 MiB/4.72 GiB at 437.00 kiB/s
2025-05-25 13:53:36.411    app     info:    [server-manager] Downloaded 90.28 MiB/4.72 GiB at 1.32 MiB/s
2025-05-25 13:53:37.420    app     info:    [server-manager] Downloaded 91.17 MiB/4.72 GiB at 1.34 MiB/s
2025-05-25 13:53:38.442    app     info:    [server-manager] Downloaded 92.09 MiB/4.72 GiB at 937.87 kiB/s
2025-05-25 13:53:38.507    app     info:    [save-as] Retrying download of https://resources.eveonline.com/bundles/2911964/resfileindex_prefetch_2911964.txt.bundle.10 (attempt 1) Error occurred while saving file to disk 'C:\Games\EVE\ResFiles\bundles\2911964\.resfileindex_prefetch_2911964.txt.bundle.10.tmp'
Request timed out    k [SaveAsError]: Error occurred while saving file to disk 'C:\Games\EVE\ResFiles\bundles\2911964\.resfileindex_prefetch_2911964.txt.bundle.10.tmp'
Request timed out
    at k.from (C:\Program Files (x86)\Steam\steamapps\common\Eve Online\app-1.10.0\resources\app.asar\.webpack\main\index.js:8:2357899)
    at v.<anonymous> (C:\Program Files (x86)\Steam\steamapps\common\Eve Online\app-1.10.0\resources\app.asar\.webpack\main\index.js:8:2011614)
    at v.emit (node:events:518:28)
    at v.emitError (C:\Program Files (x86)\Steam\steamapps\common\Eve Online\app-1.10.0\resources\app.asar\.webpack\main\index.js:8:3166710)
    at ClientRequest.<anonymous> (C:\Program Files (x86)\Steam\steamapps\common\Eve Online\app-1.10.0\resources\app.asar\.webpack\main\index.js:8:3165663)
    at ClientRequest.emit (node:events:530:35)
    at emitErrorEvent (node:_http_client:104:11)
    at TLSSocket.socketErrorListener (node:_http_client:518:5)
    at TLSSocket.emit (node:events:518:28)
    at emitErrorNT (node:internal/streams/destroy:170:8) {
  cause: p [RequestTimeoutError]: Request timed out
      at ClientRequest.<anonymous> (C:\Program Files (x86)\Steam\steamapps\common\Eve Online\app-1.10.0\resources\app.asar\.webpack\main\index.js:8:3165803)
      at ClientRequest.emit (node:events:530:35)
      at TLSSocket.emitRequestTimeout (node:_http_client:863:9)
      at Object.onceWrapper (node:events:632:28)
      at TLSSocket.emit (node:events:530:35)
      at Socket._onTimeout (node:net:609:8)
      at listOnTimeout (node:internal/timers:594:17)
      at process.processTimers (node:internal/timers:529:7)
}
2025-05-25 13:53:39.451    app     info:    [server-manager] Downloaded 89.00 MiB/4.72 GiB at 6.55 MiB/s
2025-05-25 13:53:39.527    app     warn:    [quasar-23622903] Quasar connection encountered an internal error with unknown code [internal]    a [ConnectError]: [internal]
    at ee (C:\Program Files (x86)\Steam\steamapps\common\Eve Online\app-1.10.0\resources\app.asar\.webpack\main\index.js:8:3181501)
    at C:\Program Files (x86)\Steam\steamapps\common\Eve Online\app-1.10.0\resources\app.asar\.webpack\main\index.js:8:3181974
    at te (C:\Program Files (x86)\Steam\steamapps\common\Eve Online\app-1.10.0\resources\app.asar\.webpack\main\index.js:8:3182022)
    at next (C:\Program Files (x86)\Steam\steamapps\common\Eve Online\app-1.10.0\resources\app.asar\.webpack\main\index.js:8:3190015)
    at process.processTicksAndRejections (node:internal/process/task_queues:105:5) {
  rawMessage: '',
  code: 13,
  metadata: Headers {
    'content-type': 'application/grpc+proto',
    'grpc-status': '13',
    'grpc-message': ''
  },
  details: [],
  cause: undefined
}
2025-05-25 13:53:39.528    app     warn:    [quasar-26239201] Quasar connection encountered an internal error with unknown code [internal]    a [ConnectError]: [internal]
    at ee (C:\Program Files (x86)\Steam\steamapps\common\Eve Online\app-1.10.0\resources\app.asar\.webpack\main\index.js:8:3181501)
    at C:\Program Files (x86)\Steam\steamapps\common\Eve Online\app-1.10.0\resources\app.asar\.webpack\main\index.js:8:3181974
    at te (C:\Program Files (x86)\Steam\steamapps\common\Eve Online\app-1.10.0\resources\app.asar\.webpack\main\index.js:8:3182022)
    at next (C:\Program Files (x86)\Steam\steamapps\common\Eve Online\app-1.10.0\resources\app.asar\.webpack\main\index.js:8:3190015)
    at process.processTicksAndRejections (node:internal/process/task_queues:105:5) {
  rawMessage: '',
  code: 13,
  metadata: Headers {
    'content-type': 'application/grpc+proto',
    'grpc-status': '13',
    'grpc-message': ''
  },
  details: [],
  cause: undefined
}
2025-05-25 13:53:39.530    app     warn:    [quasar-29795975] Quasar connection encountered an internal error with unknown code [internal]    a [ConnectError]: [internal]
    at ee (C:\Program Files (x86)\Steam\steamapps\common\Eve Online\app-1.10.0\resources\app.asar\.webpack\main\index.js:8:3181501)
    at C:\Program Files (x86)\Steam\steamapps\common\Eve Online\app-1.10.0\resources\app.asar\.webpack\main\index.js:8:3181974
    at te (C:\Program Files (x86)\Steam\steamapps\common\Eve Online\app-1.10.0\resources\app.asar\.webpack\main\index.js:8:3182022)
    at next (C:\Program Files (x86)\Steam\steamapps\common\Eve Online\app-1.10.0\resources\app.asar\.webpack\main\index.js:8:3190015)
    at process.processTicksAndRejections (node:internal/process/task_queues:105:5) {
  rawMessage: '',
  code: 13,
  metadata: Headers {
    'content-type': 'application/grpc+proto',
    'grpc-status': '13',
    'grpc-message': ''
  },
  details: [],
  cause: undefined
}
2025-05-25 13:53:39.530    app     warn:    [quasar-31320672] Quasar connection encountered an internal error with unknown code [internal]    a [ConnectError]: [internal]
    at ee (C:\Program Files (x86)\Steam\steamapps\common\Eve Online\app-1.10.0\resources\app.asar\.webpack\main\index.js:8:3181501)
    at C:\Program Files (x86)\Steam\steamapps\common\Eve Online\app-1.10.0\resources\app.asar\.webpack\main\index.js:8:3181974
    at te (C:\Program Files (x86)\Steam\steamapps\common\Eve Online\app-1.10.0\resources\app.asar\.webpack\main\index.js:8:3182022)
    at next (C:\Program Files (x86)\Steam\steamapps\common\Eve Online\app-1.10.0\resources\app.asar\.webpack\main\index.js:8:3190015)
    at process.processTicksAndRejections (node:internal/process/task_queues:105:5) {
  rawMessage: '',
  code: 13,
  metadata: Headers {
    'content-type': 'application/grpc+proto',
    'grpc-status': '13',
    'grpc-message': ''
  },
  details: [],
  cause: undefined
}
2025-05-25 13:53:40.481    app     info:    [server-manager] Downloaded 89.65 MiB/4.72 GiB at 268.45 kiB/s
2025-05-25 13:53:41.520    app     info:    [server-manager] Downloaded 90.47 MiB/4.72 GiB at 481.65 kiB/s
2025-05-25 13:53:42.551    app     info:    [server-manager] Downloaded 91.34 MiB/4.72 GiB at 1.11 MiB/s
2025-05-25 13:53:43.575    app     info:    [server-manager] Downloaded 92.29 MiB/4.72 GiB at 986.89 kiB/s
2025-05-25 13:53:44.605    app     info:    [server-manager] Downloaded 93.20 MiB/4.72 GiB at 914.69 kiB/s
2025-05-25 13:53:45.634    app     info:    [server-manager] Downloaded 94.07 MiB/4.72 GiB at 1,022.15 kiB/s
2025-05-25 13:53:46.665    app     info:    [server-manager] Downloaded 94.96 MiB/4.72 GiB at 896.00 kiB/s
2025-05-25 13:53:47.672    app     info:    [server-manager] Downloaded 95.88 MiB/4.72 GiB at 470.22 kiB/s
2025-05-25 13:53:48.697    app     info:    [server-manager] Downloaded 96.83 MiB/4.72 GiB at 1.36 MiB/s
2025-05-25 13:53:49.715    app     info:    [server-manager] Downloaded 97.77 MiB/4.72 GiB at 881.39 kiB/s
2025-05-25 13:53:50.747    app     info:    [server-manager] Downloaded 98.72 MiB/4.72 GiB at 862.16 kiB/s
2025-05-25 13:53:51.787    app     info:    [server-manager] Downloaded 99.59 MiB/4.72 GiB at 898.93 kiB/s
2025-05-25 13:53:52.844    app     info:    [server-manager] Downloaded 100.57 MiB/4.72 GiB at 884.14 kiB/s
2025-05-25 13:53:53.893    app     info:    [server-manager] Downloaded 101.51 MiB/4.72 GiB at 447.11 kiB/s
2025-05-25 13:53:54.925    app     info:    [server-manager] Downloaded 101.57 MiB/4.72 GiB at 94.67 kiB/s
2025-05-25 13:53:56.131    app     info:    [server-manager] Downloaded 102.22 MiB/4.72 GiB at 828.82 kiB/s
2025-05-25 13:53:57.135    app     info:    [server-manager] Downloaded 103.12 MiB/4.72 GiB at 457.50 kiB/s
2025-05-25 13:53:58.146    app     info:    [server-manager] Downloaded 104.00 MiB/4.72 GiB at 924.30 kiB/s
2025-05-25 13:53:59.171    app     info:    [server-manager] Downloaded 104.91 MiB/4.72 GiB at 882.29 kiB/s
2025-05-25 13:54:00.226    app     info:    [server-manager] Downloaded 105.77 MiB/4.72 GiB at 960.78 kiB/s
2025-05-25 13:54:00.971    app     info:    [save-as] Retrying download of https://resources.eveonline.com/bundles/2911964/resfileindex_prefetch_2911964.txt.bundle.9 (attempt 1) Error occurred while saving file to disk 'C:\Games\EVE\ResFiles\bundles\2911964\.resfileindex_prefetch_2911964.txt.bundle.9.tmp'
Request timed out    k [SaveAsError]: Error occurred while saving file to disk 'C:\Games\EVE\ResFiles\bundles\2911964\.resfileindex_prefetch_2911964.txt.bundle.9.tmp'
Request timed out
    at k.from (C:\Program Files (x86)\Steam\steamapps\common\Eve Online\app-1.10.0\resources\app.asar\.webpack\main\index.js:8:2357899)
    at v.<anonymous> (C:\Program Files (x86)\Steam\steamapps\common\Eve Online\app-1.10.0\resources\app.asar\.webpack\main\index.js:8:2011614)
    at v.emit (node:events:518:28)
    at v.emitError (C:\Program Files (x86)\Steam\steamapps\common\Eve Online\app-1.10.0\resources\app.asar\.webpack\main\index.js:8:3166710)
    at ClientRequest.<anonymous> (C:\Program Files (x86)\Steam\steamapps\common\Eve Online\app-1.10.0\resources\app.asar\.webpack\main\index.js:8:3165663)
    at ClientRequest.emit (node:events:530:35)
    at emitErrorEvent (node:_http_client:104:11)
    at TLSSocket.socketErrorListener (node:_http_client:518:5)
    at TLSSocket.emit (node:events:518:28)
    at emitErrorNT (node:internal/streams/destroy:170:8) {
  cause: p [RequestTimeoutError]: Request timed out
      at ClientRequest.<anonymous> (C:\Program Files (x86)\Steam\steamapps\common\Eve Online\app-1.10.0\resources\app.asar\.webpack\main\index.js:8:3165803)
      at ClientRequest.emit (node:events:530:35)
      at TLSSocket.emitRequestTimeout (node:_http_client:863:9)
      at Object.onceWrapper (node:events:632:28)
      at TLSSocket.emit (node:events:530:35)
      at Socket._onTimeout (node:net:609:8)
      at listOnTimeout (node:internal/timers:594:17)
      at process.processTimers (node:internal/timers:529:7)
}
2025-05-25 13:54:01.258    app     info:    [server-manager] Downloaded 105.21 MiB/4.72 GiB at 1.41 MiB/s
2025-05-25 13:54:02.258    app     info:    [server-manager] Downloaded 106.16 MiB/4.72 GiB at 384.00 kiB/s
2025-05-25 13:54:03.287    app     info:    [server-manager] Downloaded 107.11 MiB/4.72 GiB at 946.63 kiB/s
2025-05-25 13:54:04.354    app     info:    [server-manager] Downloaded 108.07 MiB/4.72 GiB at 951.88 kiB/s
2025-05-25 13:54:05.388    app     info:    [server-manager] Downloaded 109.02 MiB/4.72 GiB at 889.99 kiB/s
2025-05-25 13:54:06.399    app     info:    [server-manager] Downloaded 109.86 MiB/4.72 GiB at 936.50 kiB/s
2025-05-25 13:54:07.420    app     info:    [server-manager] Downloaded 110.77 MiB/4.72 GiB at 1,017.51 kiB/s
2025-05-25 13:54:08.454    app     info:    [server-manager] Downloaded 111.76 MiB/4.72 GiB at 1.47 MiB/s
2025-05-25 13:54:09.474    app     info:    [server-manager] Downloaded 112.69 MiB/4.72 GiB at 960.00 kiB/s
2025-05-25 13:54:10.509    app     info:    [server-manager] Downloaded 113.66 MiB/4.72 GiB at 895.52 kiB/s
2025-05-25 13:54:11.568    app     info:    [server-manager] Downloaded 114.59 MiB/4.72 GiB at 1.18 MiB/s
2025-05-25 13:54:12.575    app     info:    [server-manager] Downloaded 115.52 MiB/4.72 GiB at 894.21 kiB/s
2025-05-25 13:54:13.602    app     info:    [server-manager] Downloaded 116.37 MiB/4.72 GiB at 817.72 kiB/s
2025-05-25 13:54:14.630    app     info:    [server-manager] Downloaded 117.24 MiB/4.72 GiB at 776.53 kiB/s
2025-05-25 13:54:15.636    app     info:    [server-manager] Downloaded 118.20 MiB/4.72 GiB at 1.06 MiB/s
2025-05-25 13:54:16.686    app     info:    [server-manager] Downloaded 119.07 MiB/4.72 GiB at 757.52 kiB/s
2025-05-25 13:54:17.693    app     info:    [server-manager] Downloaded 120.02 MiB/4.72 GiB at 1,023.88 kiB/s
2025-05-25 13:54:18.703    app     info:    [server-manager] Downloaded 120.87 MiB/4.72 GiB at 821.25 kiB/s
2025-05-25 13:54:19.725    app     info:    [server-manager] Downloaded 121.80 MiB/4.72 GiB at 1.02 MiB/s
2025-05-25 13:54:20.756    app     info:    [server-manager] Downloaded 122.62 MiB/4.72 GiB at 998.76 kiB/s
2025-05-25 13:54:21.439    app     info:    [save-as] Retrying download of https://resources.eveonline.com/bundles/2911964/resfileindex_prefetch_2911964.txt.bundle.7 (attempt 1) Error occurred while saving file to disk 'C:\Games\EVE\ResFiles\bundles\2911964\.resfileindex_prefetch_2911964.txt.bundle.7.tmp'
Request timed out    k [SaveAsError]: Error occurred while saving file to disk 'C:\Games\EVE\ResFiles\bundles\2911964\.resfileindex_prefetch_2911964.txt.bundle.7.tmp'
Request timed out
    at k.from (C:\Program Files (x86)\Steam\steamapps\common\Eve Online\app-1.10.0\resources\app.asar\.webpack\main\index.js:8:2357899)
    at v.<anonymous> (C:\Program Files (x86)\Steam\steamapps\common\Eve Online\app-1.10.0\resources\app.asar\.webpack\main\index.js:8:2011614)
    at v.emit (node:events:518:28)
    at v.emitError (C:\Program Files (x86)\Steam\steamapps\common\Eve Online\app-1.10.0\resources\app.asar\.webpack\main\index.js:8:3166710)
    at ClientRequest.<anonymous> (C:\Program Files (x86)\Steam\steamapps\common\Eve Online\app-1.10.0\resources\app.asar\.webpack\main\index.js:8:3165663)
    at ClientRequest.emit (node:events:530:35)
    at emitErrorEvent (node:_http_client:104:11)
    at TLSSocket.socketErrorListener (node:_http_client:518:5)
    at TLSSocket.emit (node:events:518:28)
    at emitErrorNT (node:internal/streams/destroy:170:8) {
  cause: p [RequestTimeoutError]: Request timed out
      at ClientRequest.<anonymous> (C:\Program Files (x86)\Steam\steamapps\common\Eve Online\app-1.10.0\resources\app.asar\.webpack\main\index.js:8:3165803)
      at ClientRequest.emit (node:events:530:35)
      at TLSSocket.emitRequestTimeout (node:_http_client:863:9)
      at Object.onceWrapper (node:events:632:28)
      at TLSSocket.emit (node:events:530:35)
      at Socket._onTimeout (node:net:609:8)
      at listOnTimeout (node:internal/timers:594:17)
      at process.processTimers (node:internal/timers:529:7)
}
2025-05-25 13:54:21.739    app     info:    [save-as] Retrying download of https://resources.eveonline.com/bundles/2911964/resfileindex_prefetch_2911964.txt.bundle.2 (attempt 1) Error occurred while saving file to disk 'C:\Games\EVE\ResFiles\bundles\2911964\.resfileindex_prefetch_2911964.txt.bundle.2.tmp'
Request timed out    k [SaveAsError]: Error occurred while saving file to disk 'C:\Games\EVE\ResFiles\bundles\2911964\.resfileindex_prefetch_2911964.txt.bundle.2.tmp'
Request timed out
    at k.from (C:\Program Files (x86)\Steam\steamapps\common\Eve Online\app-1.10.0\resources\app.asar\.webpack\main\index.js:8:2357899)
    at v.<anonymous> (C:\Program Files (x86)\Steam\steamapps\common\Eve Online\app-1.10.0\resources\app.asar\.webpack\main\index.js:8:2011614)
    at v.emit (node:events:518:28)
    at v.emitError (C:\Program Files (x86)\Steam\steamapps\common\Eve Online\app-1.10.0\resources\app.asar\.webpack\main\index.js:8:3166710)
    at ClientRequest.<anonymous> (C:\Program Files (x86)\Steam\steamapps\common\Eve Online\app-1.10.0\resources\app.asar\.webpack\main\index.js:8:3165663)
    at ClientRequest.emit (node:events:530:35)
    at emitErrorEvent (node:_http_client:104:11)
    at TLSSocket.socketErrorListener (node:_http_client:518:5)
    at TLSSocket.emit (node:events:518:28)
    at emitErrorNT (node:internal/streams/destroy:170:8) {
  cause: p [RequestTimeoutError]: Request timed out
      at ClientRequest.<anonymous> (C:\Program Files (x86)\Steam\steamapps\common\Eve Online\app-1.10.0\resources\app.asar\.webpack\main\index.js:8:3165803)
      at ClientRequest.emit (node:events:530:35)
      at TLSSocket.emitRequestTimeout (node:_http_client:863:9)
      at Object.onceWrapper (node:events:632:28)
      at TLSSocket.emit (node:events:530:35)
      at Socket._onTimeout (node:net:609:8)
      at listOnTimeout (node:internal/timers:594:17)
      at process.processTimers (node:internal/timers:529:7)
}
2025-05-25 13:54:21.820    app     info:    [server-manager] Downloaded 119.08 MiB/4.72 GiB at 688.33 kiB/s
2025-05-25 13:54:22.855    app     info:    [server-manager] Downloaded 116.60 MiB/4.72 GiB at 5.50 MiB/s
2025-05-25 13:54:23.902    app     info:    [server-manager] Downloaded 117.58 MiB/4.72 GiB at 990.62 kiB/s
2025-05-25 13:54:24.913    app     info:    [server-manager] Downloaded 118.49 MiB/4.72 GiB at 860.94 kiB/s
2025-05-25 13:54:25.980    app     info:    [server-manager] Downloaded 119.46 MiB/4.72 GiB at 883.95 kiB/s
2025-05-25 13:54:27.020    app     info:    [server-manager] Downloaded 120.20 MiB/4.72 GiB at 695.99 kiB/s
2025-05-25 13:54:28.051    app     info:    [server-manager] Downloaded 120.97 MiB/4.72 GiB at 1.05 MiB/s
2025-05-25 13:54:29.071    app     info:    [server-manager] Downloaded 121.94 MiB/4.72 GiB at 410.26 kiB/s
2025-05-25 13:54:30.078    app     info:    [server-manager] Downloaded 122.81 MiB/4.72 GiB at 446.22 kiB/s
2025-05-25 13:54:31.094    app     info:    [server-manager] Downloaded 123.66 MiB/4.72 GiB at 412.70 kiB/s
2025-05-25 13:54:32.102    app     info:    [server-manager] Downloaded 124.61 MiB/4.72 GiB at 988.05 kiB/s
2025-05-25 13:54:33.163    app     info:    [server-manager] Downloaded 125.51 MiB/4.72 GiB at 1.37 MiB/s
2025-05-25 13:54:34.172    app     info:    [server-manager] Downloaded 126.37 MiB/4.72 GiB at 924.30 kiB/s
2025-05-25 13:54:35.208    app     info:    [server-manager] Downloaded 127.28 MiB/4.72 GiB at 915.65 kiB/s
2025-05-25 13:54:36.236    app     info:    [server-manager] Downloaded 128.20 MiB/4.72 GiB at 888.89 kiB/s
2025-05-25 13:54:37.257    app     info:    [server-manager] Downloaded 129.15 MiB/4.72 GiB at 995.49 kiB/s
2025-05-25 13:54:38.284    app     info:    [server-manager] Downloaded 130.04 MiB/4.72 GiB at 872.68 kiB/s
2025-05-25 13:54:39.326    app     info:    [server-manager] Downloaded 130.97 MiB/4.72 GiB at 506.93 kiB/s
2025-05-25 13:54:40.358    app     info:    [server-manager] Downloaded 131.91 MiB/4.72 GiB at 950.19 kiB/s
2025-05-25 13:54:41.381    app     info:    [server-manager] Downloaded 132.79 MiB/4.72 GiB at 1.37 MiB/s
2025-05-25 13:54:42.395    app     info:    [server-manager] Downloaded 133.76 MiB/4.72 GiB at 969.93 kiB/s
2025-05-25 13:54:43.416    app     info:    [server-manager] Downloaded 134.67 MiB/4.72 GiB at 1.31 MiB/s
2025-05-25 13:54:44.445    app     info:    [server-manager] Downloaded 135.65 MiB/4.72 GiB at 929.49 kiB/s
2025-05-25 13:54:45.466    app     info:    [server-manager] Downloaded 136.48 MiB/4.72 GiB at 844.13 kiB/s
2025-05-25 13:54:46.476    app     info:    [server-manager] Downloaded 137.41 MiB/4.72 GiB at 877.40 kiB/s
2025-05-25 13:54:47.484    app     info:    [server-manager] Downloaded 138.33 MiB/4.72 GiB at 961.93 kiB/s
2025-05-25 13:54:48.506    app     info:    [server-manager] Downloaded 139.18 MiB/4.72 GiB at 734.53 kiB/s
2025-05-25 13:54:49.539    app     info:    [server-manager] Downloaded 140.17 MiB/4.72 GiB at 1,005.60 kiB/s
2025-05-25 13:54:50.551    app     info:    [server-manager] Downloaded 141.11 MiB/4.72 GiB at 898.75 kiB/s
2025-05-25 13:54:51.600    app     info:    [server-manager] Downloaded 141.99 MiB/4.72 GiB at 1.32 MiB/s
2025-05-25 13:54:52.620    app     info:    [server-manager] Downloaded 142.88 MiB/4.72 GiB at 441.81 kiB/s
2025-05-25 13:54:53.632    app     info:    [server-manager] Downloaded 143.83 MiB/4.72 GiB at 1.38 MiB/s
2025-05-25 13:54:54.662    app     info:    [server-manager] Downloaded 144.76 MiB/4.72 GiB at 952.35 kiB/s
2025-05-25 13:54:55.667    app     info:    [server-manager] Downloaded 145.69 MiB/4.72 GiB at 943.24 kiB/s
2025-05-25 13:54:56.694    app     info:    [server-manager] Downloaded 146.60 MiB/4.72 GiB at 915.01 kiB/s
2025-05-25 13:54:57.736    app     info:    [server-manager] Downloaded 147.40 MiB/4.72 GiB at 916.03 kiB/s
2025-05-25 13:54:58.757    app     info:    [server-manager] Downloaded 148.26 MiB/4.72 GiB at 1.29 MiB/s
2025-05-25 13:54:59.768    app     info:    [server-manager] Downloaded 149.04 MiB/4.72 GiB at 848.02 kiB/s
2025-05-25 13:55:00.849    app     info:    [server-manager] Downloaded 149.59 MiB/4.72 GiB at 292.52 kiB/s
2025-05-25 13:55:01.859    app     info:    [server-manager] Downloaded 150.45 MiB/4.72 GiB at 927.27 kiB/s
2025-05-25 13:55:02.232    app     info:    [scheduler] Starting scheduler foreground
2025-05-25 13:55:02.882    app     info:    [server-manager] Downloaded 151.44 MiB/4.72 GiB at 1.01 MiB/s
2025-05-25 13:55:03.907    app     info:    [server-manager] Downloaded 152.27 MiB/4.72 GiB at 814.90 kiB/s
2025-05-25 13:55:04.949    app     info:    [server-manager] Downloaded 153.19 MiB/4.72 GiB at 766.72 kiB/s
2025-05-25 13:55:05.831    app     info:    [scheduler] Stopped scheduler foreground
2025-05-25 13:55:05.833    app     info:    [ipc-requests] Handling requests in the background
2025-05-25 13:55:05.978    app     info:    [server-manager] Downloaded 154.13 MiB/4.72 GiB at 902.35 kiB/s
2025-05-25 13:55:06.844    app     info:    [ipc-requests] No longer handling requests in the background
2025-05-25 13:55:07.011    app     info:    [server-manager] Downloaded 155.10 MiB/4.72 GiB at 1.40 MiB/s
2025-05-25 13:55:08.016    app     info:    [server-manager] Downloaded 155.72 MiB/4.72 GiB at 410.26 kiB/s
2025-05-25 13:55:09.038    app     info:    [server-manager] Downloaded 156.57 MiB/4.72 GiB at 320.00 kiB/s
2025-05-25 13:55:10.072    app     info:    [server-manager] Downloaded 157.35 MiB/4.72 GiB at 347.83 kiB/s
2025-05-25 13:55:11.094    app     info:    [server-manager] Downloaded 158.21 MiB/4.72 GiB at 900.56 kiB/s
2025-05-25 13:55:12.110    app     info:    [server-manager] Downloaded 159.21 MiB/4.72 GiB at 1.09 MiB/s
2025-05-25 13:55:13.155    app     info:    [server-manager] Downloaded 160.10 MiB/4.72 GiB at 944.26 kiB/s
2025-05-25 13:55:14.169    app     info:    [server-manager] Downloaded 161.04 MiB/4.72 GiB at 966.45 kiB/s
2025-05-25 13:55:15.215    app     info:    [server-manager] Downloaded 161.94 MiB/4.72 GiB at 841.81 kiB/s
2025-05-25 13:55:16.276    app     info:    [server-manager] Downloaded 162.89 MiB/4.72 GiB at 934.76 kiB/s
2025-05-25 13:55:17.311    app     info:    [server-manager] Downloaded 163.74 MiB/4.72 GiB at 737.48 kiB/s
2025-05-25 13:55:18.333    app     info:    [server-manager] Downloaded 164.55 MiB/4.72 GiB at 763.42 kiB/s
2025-05-25 13:55:19.384    app     info:    [server-manager] Downloaded 165.48 MiB/4.72 GiB at 913.44 kiB/s
2025-05-25 13:55:20.418    app     info:    [server-manager] Downloaded 166.35 MiB/4.72 GiB at 800.65 kiB/s
2025-05-25 13:55:21.496    app     info:    [server-manager] Downloaded 167.23 MiB/4.72 GiB at 783.43 kiB/s
2025-05-25 13:55:22.507    app     info:    [server-manager] Downloaded 168.11 MiB/4.72 GiB at 956.57 kiB/s
2025-05-25 13:55:23.553    app     info:    [server-manager] Downloaded 169.07 MiB/4.72 GiB at 921.05 kiB/s
2025-05-25 13:55:24.569    app     info:    [server-manager] Downloaded 170.04 MiB/4.72 GiB at 1.44 MiB/s
2025-05-25 13:55:25.579    app     info:    [server-manager] Downloaded 170.95 MiB/4.72 GiB at 1.37 MiB/s
2025-05-25 13:55:26.601    app     info:    [server-manager] Downloaded 171.78 MiB/4.72 GiB at 1.30 MiB/s
2025-05-25 13:55:27.602    app     info:    [server-manager] Downloaded 172.67 MiB/4.72 GiB at 817.13 kiB/s
2025-05-25 13:55:28.607    app     info:    [server-manager] Downloaded 173.64 MiB/4.72 GiB at 1,016.50 kiB/s
2025-05-25 13:55:29.622    app     info:    [server-manager] Downloaded 174.57 MiB/4.72 GiB at 930.87 kiB/s
2025-05-25 13:55:30.663    app     info:    [server-manager] Downloaded 175.51 MiB/4.72 GiB at 956.81 kiB/s
2025-05-25 13:55:31.669    app     info:    [server-manager] Downloaded 176.43 MiB/4.72 GiB at 474.31 kiB/s
2025-05-25 13:55:32.695    app     info:    [server-manager] Downloaded 177.31 MiB/4.72 GiB at 480.00 kiB/s
2025-05-25 13:55:33.698    app     info:    [server-manager] Downloaded 178.24 MiB/4.72 GiB at 472.50 kiB/s
2025-05-25 13:55:34.741    app     info:    [server-manager] Downloaded 179.18 MiB/4.72 GiB at 949.25 kiB/s
2025-05-25 13:55:35.762    app     info:    [server-manager] Downloaded 180.11 MiB/4.72 GiB at 933.92 kiB/s
2025-05-25 13:55:36.788    app     info:    [server-manager] Downloaded 181.04 MiB/4.72 GiB at 1.34 MiB/s
2025-05-25 13:55:37.788    app     info:    [server-manager] Downloaded 181.96 MiB/4.72 GiB at 933.92 kiB/s
2025-05-25 13:55:38.806    app     info:    [server-manager] Downloaded 182.85 MiB/4.72 GiB at 460.25 kiB/s
2025-05-25 13:55:39.864    app     info:    [server-manager] Downloaded 183.78 MiB/4.72 GiB at 765.37 kiB/s
2025-05-25 13:55:40.886    app     info:    [server-manager] Downloaded 184.69 MiB/4.72 GiB at 945.13 kiB/s
2025-05-25 13:55:41.895    app     info:    [server-manager] Downloaded 185.00 MiB/4.72 GiB at 220.91 kiB/s
2025-05-25 13:55:43.006    app     info:    [server-manager] Downloaded 185.91 MiB/4.72 GiB at 913.63 kiB/s
2025-05-25 13:55:44.020    app     info:    [server-manager] Downloaded 186.84 MiB/4.72 GiB at 858.85 kiB/s
2025-05-25 13:55:45.057    app     info:    [server-manager] Downloaded 187.72 MiB/4.72 GiB at 918.44 kiB/s
2025-05-25 13:55:46.071    app     info:    [server-manager] Downloaded 188.68 MiB/4.72 GiB at 948.62 kiB/s
2025-05-25 13:55:47.078    app     info:    [server-manager] Downloaded 189.56 MiB/4.72 GiB at 814.09 kiB/s
2025-05-25 13:55:47.469    app     info:    [save-as] Retrying download of https://resources.eveonline.com/bundles/2911964/resfileindex_prefetch_2911964.txt.bundle.7 (attempt 2) Error occurred while saving file to disk 'C:\Games\EVE\ResFiles\bundles\2911964\.resfileindex_prefetch_2911964.txt.bundle.7.tmp'
Request timed out    k [SaveAsError]: Error occurred while saving file to disk 'C:\Games\EVE\ResFiles\bundles\2911964\.resfileindex_prefetch_2911964.txt.bundle.7.tmp'
Request timed out
    at k.from (C:\Program Files (x86)\Steam\steamapps\common\Eve Online\app-1.10.0\resources\app.asar\.webpack\main\index.js:8:2357899)
    at v.<anonymous> (C:\Program Files (x86)\Steam\steamapps\common\Eve Online\app-1.10.0\resources\app.asar\.webpack\main\index.js:8:2011614)
    at v.emit (node:events:518:28)
    at v.emitError (C:\Program Files (x86)\Steam\steamapps\common\Eve Online\app-1.10.0\resources\app.asar\.webpack\main\index.js:8:3166710)
    at ClientRequest.<anonymous> (C:\Program Files (x86)\Steam\steamapps\common\Eve Online\app-1.10.0\resources\app.asar\.webpack\main\index.js:8:3165663)
    at ClientRequest.emit (node:events:530:35)
    at emitErrorEvent (node:_http_client:104:11)
    at TLSSocket.socketErrorListener (node:_http_client:518:5)
    at TLSSocket.emit (node:events:518:28)
    at emitErrorNT (node:internal/streams/destroy:170:8) {
  cause: p [RequestTimeoutError]: Request timed out
      at ClientRequest.<anonymous> (C:\Program Files (x86)\Steam\steamapps\common\Eve Online\app-1.10.0\resources\app.asar\.webpack\main\index.js:8:3165803)
      at ClientRequest.emit (node:events:530:35)
      at TLSSocket.emitRequestTimeout (node:_http_client:863:9)
      at Object.onceWrapper (node:events:632:28)
      at TLSSocket.emit (node:events:530:35)
      at Socket._onTimeout (node:net:609:8)
      at listOnTimeout (node:internal/timers:594:17)
      at process.processTimers (node:internal/timers:529:7)
}
2025-05-25 13:55:48.139    app     info:    [server-manager] Downloaded 187.63 MiB/4.72 GiB at 3.78 MiB/s
2025-05-25 13:55:49.149    app     info:    [server-manager] Downloaded 188.70 MiB/4.72 GiB at 547.49 kiB/s
2025-05-25 13:55:50.218    app     info:    [server-manager] Downloaded 189.65 MiB/4.72 GiB at 870.54 kiB/s
2025-05-25 13:55:51.237    app     info:    [server-manager] Downloaded 190.57 MiB/4.72 GiB at 529.13 kiB/s
2025-05-25 13:55:52.288    app     info:    [server-manager] Downloaded 191.42 MiB/4.72 GiB at 1.21 MiB/s
2025-05-25 13:55:53.293    app     info:    [server-manager] Downloaded 192.28 MiB/4.72 GiB at 1.00 MiB/s
2025-05-25 13:55:54.347    app     info:    [server-manager] Downloaded 193.15 MiB/4.72 GiB at 875.47 kiB/s
2025-05-25 13:55:55.389    app     info:    [server-manager] Downloaded 194.05 MiB/4.72 GiB at 952.38 kiB/s
2025-05-25 13:55:56.404    app     info:    [server-manager] Downloaded 195.03 MiB/4.72 GiB at 523.77 kiB/s
2025-05-25 13:55:57.419    app     info:    [server-manager] Downloaded 195.92 MiB/4.72 GiB at 320.00 kiB/s
2025-05-25 13:55:58.508    app     info:    [server-manager] Downloaded 196.92 MiB/4.72 GiB at 1.32 MiB/s
2025-05-25 13:55:59.508    app     info:    [server-manager] Downloaded 197.80 MiB/4.72 GiB at 414.34 kiB/s
2025-05-25 13:56:00.541    app     info:    [server-manager] Downloaded 198.72 MiB/4.72 GiB at 1.36 MiB/s
2025-05-25 13:56:01.549    app     info:    [server-manager] Downloaded 199.65 MiB/4.72 GiB at 1.36 MiB/s
2025-05-25 13:56:02.570    app     info:    [server-manager] Downloaded 200.52 MiB/4.72 GiB at 888.51 kiB/s
2025-05-25 13:56:03.609    app     info:    [server-manager] Downloaded 201.51 MiB/4.72 GiB at 955.61 kiB/s
2025-05-25 13:56:04.633    app     info:    [server-manager] Downloaded 202.48 MiB/4.72 GiB at 855.09 kiB/s
2025-05-25 13:56:05.696    app     info:    [server-manager] Downloaded 203.35 MiB/4.72 GiB at 787.63 kiB/s
2025-05-25 13:56:06.703    app     info:    [server-manager] Downloaded 204.25 MiB/4.72 GiB at 576.00 kiB/s
2025-05-25 13:56:07.726    app     info:    [server-manager] Downloaded 205.13 MiB/4.72 GiB at 835.59 kiB/s
2025-05-25 13:56:08.726    app     info:    [server-manager] Downloaded 206.08 MiB/4.72 GiB at 1,007.11 kiB/s
2025-05-25 13:56:09.736    app     info:    [server-manager] Downloaded 207.00 MiB/4.72 GiB at 895.87 kiB/s
2025-05-25 13:56:10.773    app     info:    [server-manager] Downloaded 207.90 MiB/4.72 GiB at 817.29 kiB/s
2025-05-25 13:56:11.788    app     info:    [server-manager] Downloaded 208.79 MiB/4.72 GiB at 892.43 kiB/s
2025-05-25 13:56:12.806    app     info:    [server-manager] Downloaded 209.66 MiB/4.72 GiB at 964.98 kiB/s
2025-05-25 13:56:13.818    app     info:    [server-manager] Downloaded 210.65 MiB/4.72 GiB at 465.12 kiB/s
2025-05-25 13:56:14.851    app     info:    [server-manager] Downloaded 211.51 MiB/4.72 GiB at 352.00 kiB/s
2025-05-25 13:56:15.862    app     info:    [server-manager] Downloaded 212.41 MiB/4.72 GiB at 580.36 kiB/s
2025-05-25 13:56:16.881    app     info:    [server-manager] Downloaded 213.33 MiB/4.72 GiB at 896.00 kiB/s
2025-05-25 13:56:17.887    app     info:    [server-manager] Downloaded 214.18 MiB/4.72 GiB at 802.58 kiB/s
2025-05-25 13:56:18.944    app     info:    [server-manager] Downloaded 215.09 MiB/4.72 GiB at 1.37 MiB/s
2025-05-25 13:56:19.945    app     info:    [server-manager] Downloaded 216.05 MiB/4.72 GiB at 909.58 kiB/s
2025-05-25 13:56:20.949    app     info:    [server-manager] Downloaded 216.97 MiB/4.72 GiB at 439.62 kiB/s
2025-05-25 13:56:21.983    app     info:    [server-manager] Downloaded 217.87 MiB/4.72 GiB at 1.37 MiB/s
2025-05-25 13:56:22.999    app     info:    [server-manager] Downloaded 218.80 MiB/4.72 GiB at 946.62 kiB/s
2025-05-25 13:56:24.017    app     info:    [server-manager] Downloaded 218.96 MiB/4.72 GiB at 188.98 kiB/s
2025-05-25 13:56:25.117    app     info:    [server-manager] Downloaded 219.64 MiB/4.72 GiB at 406.53 kiB/s
2025-05-25 13:56:26.139    app     info:    [server-manager] Downloaded 220.54 MiB/4.72 GiB at 380.95 kiB/s
2025-05-25 13:56:27.164    app     info:    [server-manager] Downloaded 221.47 MiB/4.72 GiB at 912.28 kiB/s
2025-05-25 13:56:28.196    app     info:    [server-manager] Downloaded 222.35 MiB/4.72 GiB at 900.77 kiB/s
2025-05-25 13:56:29.227    app     info:    [server-manager] Downloaded 223.24 MiB/4.72 GiB at 948.37 kiB/s
2025-05-25 13:56:30.237    app     info:    [server-manager] Downloaded 224.19 MiB/4.72 GiB at 1.02 MiB/s
2025-05-25 13:56:31.313    app     info:    [server-manager] Downloaded 225.14 MiB/4.72 GiB at 992.70 kiB/s
2025-05-25 13:56:32.321    app     info:    [server-manager] Downloaded 225.96 MiB/4.72 GiB at 375.75 kiB/s
2025-05-25 13:56:33.359    app     info:    [server-manager] Downloaded 226.86 MiB/4.72 GiB at 1.39 MiB/s
2025-05-25 13:56:34.366    app     info:    [server-manager] Downloaded 227.79 MiB/4.72 GiB at 963.84 kiB/s
2025-05-25 13:56:35.602    app     info:    [server-manager] Downloaded 228.70 MiB/4.72 GiB at 639.75 kiB/s
2025-05-25 13:56:36.615    app     info:    [server-manager] Downloaded 229.61 MiB/4.72 GiB at 896.98 kiB/s
2025-05-25 13:56:37.654    app     info:    [server-manager] Downloaded 230.56 MiB/4.72 GiB at 942.97 kiB/s
2025-05-25 13:56:38.662    app     info:    [server-manager] Downloaded 231.49 MiB/4.72 GiB at 1,009.61 kiB/s
2025-05-25 13:56:39.696    app     info:    [server-manager] Downloaded 232.42 MiB/4.72 GiB at 1.41 MiB/s
2025-05-25 13:56:40.701    app     info:    [server-manager] Downloaded 233.36 MiB/4.72 GiB at 496.13 kiB/s
2025-05-25 13:56:41.725    app     info:    [server-manager] Downloaded 234.22 MiB/4.72 GiB at 913.13 kiB/s
2025-05-25 13:56:42.738    app     info:    [server-manager] Downloaded 235.18 MiB/4.72 GiB at 528.07 kiB/s
2025-05-25 13:56:43.747    app     info:    [server-manager] Downloaded 236.06 MiB/4.72 GiB at 865.76 kiB/s
2025-05-25 13:56:44.758    app     info:    [server-manager] Downloaded 237.02 MiB/4.72 GiB at 1,000.24 kiB/s
2025-05-25 13:56:45.787    app     info:    [server-manager] Downloaded 237.84 MiB/4.72 GiB at 831.76 kiB/s
2025-05-25 13:56:46.822    app     info:    [server-manager] Downloaded 238.78 MiB/4.72 GiB at 1.36 MiB/s
2025-05-25 13:56:47.839    app     info:    [server-manager] Downloaded 239.75 MiB/4.72 GiB at 932.04 kiB/s
2025-05-25 13:56:48.851    app     info:    [server-manager] Downloaded 240.66 MiB/4.72 GiB at 915.63 kiB/s
2025-05-25 13:56:49.852    app     info:    [server-manager] Downloaded 241.55 MiB/4.72 GiB at 460.25 kiB/s
2025-05-25 13:56:50.860    app     info:    [server-manager] Downloaded 242.48 MiB/4.72 GiB at 978.80 kiB/s
2025-05-25 13:56:51.882    app     info:    [server-manager] Downloaded 243.38 MiB/4.72 GiB at 955.46 kiB/s
2025-05-25 13:56:52.883    app     info:    [server-manager] Downloaded 244.29 MiB/4.72 GiB at 433.13 kiB/s
2025-05-25 13:56:53.897    app     info:    [server-manager] Downloaded 245.20 MiB/4.72 GiB at 1.37 MiB/s
2025-05-25 13:56:54.909    app     info:    [server-manager] Downloaded 245.46 MiB/4.72 GiB at 341.75 kiB/s
2025-05-25 13:56:55.958    app     info:    [server-manager] Downloaded 246.34 MiB/4.72 GiB at 1.27 MiB/s
2025-05-25 13:56:56.983    app     info:    [server-manager] Downloaded 247.12 MiB/4.72 GiB at 1.08 MiB/s
2025-05-25 13:56:58.003    app     info:    [server-manager] Downloaded 247.72 MiB/4.72 GiB at 617.76 kiB/s
2025-05-25 13:56:59.052    app     info:    [server-manager] Downloaded 248.51 MiB/4.72 GiB at 719.79 kiB/s
2025-05-25 13:57:00.074    app     info:    [server-manager] Downloaded 249.31 MiB/4.72 GiB at 780.63 kiB/s
2025-05-25 13:57:01.101    app     info:    [server-manager] Downloaded 250.13 MiB/4.72 GiB at 1.29 MiB/s
2025-05-25 13:57:02.113    app     info:    [server-manager] Downloaded 250.98 MiB/4.72 GiB at 894.21 kiB/s
2025-05-25 13:57:03.164    app     info:    [server-manager] Downloaded 251.84 MiB/4.72 GiB at 851.15 kiB/s
2025-05-25 13:57:04.196    app     info:    [server-manager] Downloaded 252.78 MiB/4.72 GiB at 1,000.48 kiB/s
2025-05-25 13:57:05.244    app     info:    [server-manager] Downloaded 253.62 MiB/4.72 GiB at 803.57 kiB/s
2025-05-25 13:57:06.297    app     info:    [server-manager] Downloaded 254.49 MiB/4.72 GiB at 487.38 kiB/s
2025-05-25 13:57:07.321    app     info:    [server-manager] Downloaded 255.39 MiB/4.72 GiB at 908.91 kiB/s
2025-05-25 13:57:08.382    app     info:    [server-manager] Downloaded 256.29 MiB/4.72 GiB at 926.64 kiB/s
2025-05-25 13:57:09.445    app     info:    [server-manager] Downloaded 257.23 MiB/4.72 GiB at 878.74 kiB/s
2025-05-25 13:57:10.457    app     info:    [server-manager] Downloaded 258.11 MiB/4.72 GiB at 902.30 kiB/s
2025-05-25 13:57:11.479    app     info:    [server-manager] Downloaded 259.02 MiB/4.72 GiB at 813.10 kiB/s
2025-05-25 13:57:12.505    app     info:    [server-manager] Downloaded 259.95 MiB/4.72 GiB at 1.31 MiB/s
2025-05-25 13:57:13.513    app     info:    [server-manager] Downloaded 260.92 MiB/4.72 GiB at 483.82 kiB/s
2025-05-25 13:57:14.552    app     info:    [server-manager] Downloaded 261.81 MiB/4.72 GiB at 920.38 kiB/s
2025-05-25 13:57:15.570    app     info:    [server-manager] Downloaded 262.72 MiB/4.72 GiB at 1.36 MiB/s
2025-05-25 13:57:16.581    app     info:    [server-manager] Downloaded 263.62 MiB/4.72 GiB at 498.63 kiB/s
2025-05-25 13:57:17.602    app     info:    [server-manager] Downloaded 264.50 MiB/4.72 GiB at 880.09 kiB/s
2025-05-25 13:57:18.616    app     info:    [server-manager] Downloaded 265.36 MiB/4.72 GiB at 850.39 kiB/s
2025-05-25 13:57:19.633    app     info:    [server-manager] Downloaded 266.26 MiB/4.72 GiB at 898.42 kiB/s
2025-05-25 13:57:20.726    app     info:    [server-manager] Downloaded 267.17 MiB/4.72 GiB at 948.99 kiB/s
2025-05-25 13:57:21.735    app     info:    [server-manager] Downloaded 268.12 MiB/4.72 GiB at 1.03 MiB/s
2025-05-25 13:57:22.749    app     info:    [server-manager] Downloaded 268.99 MiB/4.72 GiB at 903.82 kiB/s
2025-05-25 13:57:23.787    app     info:    [server-manager] Downloaded 269.99 MiB/4.72 GiB at 925.26 kiB/s
2025-05-25 13:57:24.801    app     info:    [server-manager] Downloaded 270.90 MiB/4.72 GiB at 901.80 kiB/s
2025-05-25 13:57:25.859    app     info:    [server-manager] Downloaded 271.91 MiB/4.72 GiB at 927.54 kiB/s
2025-05-25 13:57:26.917    app     info:    [server-manager] Downloaded 272.77 MiB/4.72 GiB at 1.22 MiB/s
2025-05-25 13:57:27.921    app     info:    [server-manager] Downloaded 273.70 MiB/4.72 GiB at 441.81 kiB/s
2025-05-25 13:57:28.939    app     info:    [server-manager] Downloaded 274.57 MiB/4.72 GiB at 875.00 kiB/s
2025-05-25 13:57:29.962    app     info:    [server-manager] Downloaded 275.52 MiB/4.72 GiB at 1.01 MiB/s
2025-05-25 13:57:30.991    app     info:    [server-manager] Downloaded 276.48 MiB/4.72 GiB at 977.21 kiB/s
2025-05-25 13:57:32.034    app     info:    [server-manager] Downloaded 277.39 MiB/4.72 GiB at 932.04 kiB/s
2025-05-25 13:57:33.050    app     info:    [server-manager] Downloaded 278.33 MiB/4.72 GiB at 926.15 kiB/s
2025-05-25 13:57:34.066    app     info:    [server-manager] Downloaded 279.19 MiB/4.72 GiB at 479.04 kiB/s
2025-05-25 13:57:34.646    app     info:    [save-as] Retrying download of https://resources.eveonline.com/bundles/2911964/resfileindex_prefetch_2911964.txt.bundle.8 (attempt 2) Error occurred while saving file to disk 'C:\Games\EVE\ResFiles\bundles\2911964\.resfileindex_prefetch_2911964.txt.bundle.8.tmp'
Request timed out    k [SaveAsError]: Error occurred while saving file to disk 'C:\Games\EVE\ResFiles\bundles\2911964\.resfileindex_prefetch_2911964.txt.bundle.8.tmp'
Request timed out
    at k.from (C:\Program Files (x86)\Steam\steamapps\common\Eve Online\app-1.10.0\resources\app.asar\.webpack\main\index.js:8:2357899)
    at v.<anonymous> (C:\Program Files (x86)\Steam\steamapps\common\Eve Online\app-1.10.0\resources\app.asar\.webpack\main\index.js:8:2011614)
    at v.emit (node:events:518:28)
    at v.emitError (C:\Program Files (x86)\Steam\steamapps\common\Eve Online\app-1.10.0\resources\app.asar\.webpack\main\index.js:8:3166710)
    at ClientRequest.<anonymous> (C:\Program Files (x86)\Steam\steamapps\common\Eve Online\app-1.10.0\resources\app.asar\.webpack\main\index.js:8:3165663)
    at ClientRequest.emit (node:events:530:35)
    at emitErrorEvent (node:_http_client:104:11)
    at TLSSocket.socketErrorListener (node:_http_client:518:5)
    at TLSSocket.emit (node:events:518:28)
    at emitErrorNT (node:internal/streams/destroy:170:8) {
  cause: p [RequestTimeoutError]: Request timed out
      at ClientRequest.<anonymous> (C:\Program Files (x86)\Steam\steamapps\common\Eve Online\app-1.10.0\resources\app.asar\.webpack\main\index.js:8:3165803)
      at ClientRequest.emit (node:events:530:35)
      at TLSSocket.emitRequestTimeout (node:_http_client:863:9)
      at Object.onceWrapper (node:events:632:28)
      at TLSSocket.emit (node:events:530:35)
      at Socket._onTimeout (node:net:609:8)
      at listOnTimeout (node:internal/timers:594:17)
      at process.processTimers (node:internal/timers:529:7)
}
2025-05-25 13:57:35.079    app     info:    [server-manager] Downloaded 277.73 MiB/4.72 GiB at 1.03 MiB/s
2025-05-25 13:57:36.134    app     info:    [server-manager] Downloaded 278.68 MiB/4.72 GiB at 914.65 kiB/s
2025-05-25 13:57:37.134    app     info:    [server-manager] Downloaded 279.54 MiB/4.72 GiB at 549.65 kiB/s
2025-05-25 13:57:38.176    app     info:    [server-manager] Downloaded 280.48 MiB/4.72 GiB at 1.36 MiB/s
2025-05-25 13:57:39.192    app     info:    [server-manager] Downloaded 281.38 MiB/4.72 GiB at 948.04 kiB/s
2025-05-25 13:57:40.232    app     info:    [server-manager] Downloaded 282.35 MiB/4.72 GiB at 980.34 kiB/s
2025-05-25 13:57:41.241    app     info:    [server-manager] Downloaded 283.25 MiB/4.72 GiB at 888.89 kiB/s
2025-05-25 13:57:42.308    app     info:    [server-manager] Downloaded 284.19 MiB/4.72 GiB at 883.98 kiB/s
2025-05-25 13:57:43.325    app     info:    [server-manager] Downloaded 285.16 MiB/4.72 GiB at 952.38 kiB/s
2025-05-25 13:57:44.406    app     info:    [server-manager] Downloaded 286.05 MiB/4.72 GiB at 382.47 kiB/s
2025-05-25 13:57:45.424    app     info:    [server-manager] Downloaded 287.03 MiB/4.72 GiB at 1.03 MiB/s
2025-05-25 13:57:46.447    app     info:    [server-manager] Downloaded 287.94 MiB/4.72 GiB at 783.86 kiB/s
2025-05-25 13:57:47.453    app     info:    [server-manager] Downloaded 288.87 MiB/4.72 GiB at 878.25 kiB/s
2025-05-25 13:57:48.494    app     info:    [server-manager] Downloaded 289.81 MiB/4.72 GiB at 952.02 kiB/s
2025-05-25 13:57:49.506    app     info:    [server-manager] Downloaded 290.70 MiB/4.72 GiB at 349.21 kiB/s
2025-05-25 13:57:50.540    app     info:    [server-manager] Downloaded 291.54 MiB/4.72 GiB at 846.33 kiB/s
2025-05-25 13:57:51.583    app     info:    [server-manager] Downloaded 292.62 MiB/4.72 GiB at 1.10 MiB/s
2025-05-25 13:57:52.609    app     info:    [server-manager] Downloaded 293.53 MiB/4.72 GiB at 911.59 kiB/s
2025-05-25 13:57:53.664    app     info:    [server-manager] Downloaded 294.46 MiB/4.72 GiB at 1.35 MiB/s
2025-05-25 13:57:54.672    app     info:    [server-manager] Downloaded 295.29 MiB/4.72 GiB at 408.63 kiB/s
2025-05-25 13:57:55.712    app     info:    [server-manager] Downloaded 296.31 MiB/4.72 GiB at 1.15 MiB/s
2025-05-25 13:57:56.743    app     info:    [server-manager] Downloaded 297.21 MiB/4.72 GiB at 804.26 kiB/s
2025-05-25 13:57:57.793    app     info:    [server-manager] Downloaded 298.11 MiB/4.72 GiB at 923.56 kiB/s
2025-05-25 13:57:58.822    app     info:    [server-manager] Downloaded 299.09 MiB/4.72 GiB at 968.91 kiB/s
2025-05-25 13:57:59.856    app     info:    [server-manager] Downloaded 299.97 MiB/4.72 GiB at 954.49 kiB/s
2025-05-25 13:58:00.887    app     info:    [server-manager] Downloaded 300.79 MiB/4.72 GiB at 1.23 MiB/s
2025-05-25 13:58:01.916    app     info:    [server-manager] Downloaded 301.76 MiB/4.72 GiB at 965.63 kiB/s
2025-05-25 13:58:02.926    app     info:    [server-manager] Downloaded 302.68 MiB/4.72 GiB at 880.00 kiB/s
2025-05-25 13:58:03.945    app     info:    [server-manager] Downloaded 303.56 MiB/4.72 GiB at 827.04 kiB/s
2025-05-25 13:58:04.970    app     info:    [server-manager] Downloaded 304.49 MiB/4.72 GiB at 1.06 MiB/s
2025-05-25 13:58:05.988    app     info:    [server-manager] Downloaded 305.30 MiB/4.72 GiB at 973.53 kiB/s
2025-05-25 13:58:07.007    app     info:    [server-manager] Downloaded 306.36 MiB/4.72 GiB at 1.16 MiB/s
2025-05-25 13:58:08.039    app     info:    [server-manager] Downloaded 307.26 MiB/4.72 GiB at 932.50 kiB/s
2025-05-25 13:58:08.582    app     info:    [tray] Quitting application from tray
2025-05-25 13:58:08.587    app     info:    Application quitting. Cleanup needed: true
2025-05-25 13:58:08.591    app     info:    [quasar-elg-events] Queueing shutdown event    eve_launcher.electron.application.LauncherShutdown
2025-05-25 13:58:08.597    app     info:    app.quit called, but we are still sending ELG events.
2025-05-25 13:58:08.598    app     info:    [quasar-elg-events] Event sent    type.evetech.net/eve_launcher.electron.application.LauncherShutdown
2025-05-25 13:58:08.855    app     info:    [quasar-elg-events] Shutdown event timeout passed
2025-05-25 13:58:08.856    app     info:    ELG stream closed, quitting
2025-05-25 13:58:08.857    app     info:    [window-manager] Stopped forwarding events to window manager, as the window closed    { windowId: 2 }
2025-05-25 13:58:08.857    app     info:    [window-manager-minimize] Main window is closing    { windowId: 2 }
2025-05-25 13:58:08.857    app     info:    [login-window] Main window closed, closing login window
2025-05-25 13:58:08.870    app     info:    [quasar-elg-events] gRPC connection aborted
2025-05-25 13:58:08.885    app     info:    ELG stream closed, quitting
2025-05-25 13:58:08.891    app     info:    [quasar-elg-events] Queueing event    eve_launcher.electron.authentication.LoginWindowClosed
2025-05-25 13:58:08.891    app     info:    [login-window] Login window with state 'w2ITxEOxIJfaB5ZLMgwx3aTstgGN6eA6IGaaQBlMTUY' has been closed
2025-05-25 13:58:08.901    app     info:    [window-manager] Main window closed    { windowId: 2 }
2025-05-25 13:58:08.902    app     info:    Application closed    0
